# This file contains vanity redirects. This means that the destination URL is an absolute
# value and the URI is not put on the end
#

# StudentLink main menu
_/employeelink /link/bin/uiscgi_employeelink.pl/uismpl ;
_/studentlink https://student.bu.edu/MyBU ;

# All Other Redirects:
_/1839fall https://trusted.bu.edu/s/1759/22/form.aspx?sid=1759&gid=2&pgid=470&cid=1130&appealcode=24ETNSMAURL&utm_medium=appeal&utm_source=link&utm_campaign=print_bualumni&utm_term=give&utm_content=1839_fall_1839_package_url ;
_/1839gifts https://trusted.bu.edu/s/1759/2-bu/giving/interior.aspx?sid=1759&gid=2&pgid=470&cid=1130&appealcode=WEBAGC-AL ;
_/1839giving https://trusted.bu.edu/s/1759/22/form.aspx?sid=1759&gid=2&pgid=470&cid=1130&appealcode=24LMMURL1839&utm_medium=appeal&utm_source=link&utm_campaign=print_bualumni&utm_term=give&utm_content=1839_monthly_2024_give ;
_/1839society https://www.bu.edu/alumni/giving/who-gives/1839-society/ ;
_/24cye https://trusted.bu.edu/s/1759/2-bu/giving/interior.aspx?sid=1759&gid=2&pgid=468&cid=1127&appealcode=24HOLIDAYCALMBURL&utm_medium=appeal&utm_source=link&utm_campaign=print_bualumni&utm_term=give&utm_content=nocal_package_url ;
_/aaastudy https://www.bu.edu/autismconnections/ ;
_/aboutcgs https://www.bu.edu/cgs/admissions/schedule-a-visit/prospective-students/ ;
_/abroadatbu https://www.bu.edu/metinternational/ ;
_/academic-integrity https://www.bu.edu/provost/students/undergraduate/academic-integrity/ ;
_/academy https://www.buacademy.org/ ;
_/acs https://www.bu.edu/computing/accounts/acs/ ;
_/activecontrol https://psa.buw.bu.edu/activecontrol ;
_/activistlab https://www.bu.edu/sph/practice/activist-lab/ ;
_/actuary https://www.bu.edu/met/degrees-certificates/ms-actuarial-science/ ;
_/adlab https://www.buadlab.com/ ;
_/aegdalumnidinner https://trusted.bu.edu/s/1759/2-bu/2col.aspx?sid=1759&gid=2&pgid=1354&cid=2669&dids=161&appealcode=WEBAGC-AH ;
_/af-rotc https://www.bu.edu/afrotc/ ;
_/afr https://www.bu.edu/africa/ ;
_/ag https://www.bu.edu/alumni/ ;
_/agganis https://www.agganisarena.com/ ;
_/agganis/about https://www.agganisarena.com/about/ ;
_/agganis/business https://www.agganisarena.com/business-opportunities/sponsorship-promotions/ ;
_/agganis/events https://www.agganisarena.com/events-tickets/ ;
_/agganis/seating https://www.agganisarena.com/events-tickets/ ;
_/agganis/suites https://www.agganisarena.com/premium-club/suites/ ;
_/agganis/suites/clubroom https://www.agganisarena.com/premium-club/francis-d-burke-club-room/ ;
_/agni https://agnionline.bu.edu/ ;
_/aias https://afghan-institute.org/ ;
_/alex https://ist-axonas-p1.bu.edu:9443/ ;
_/alistaircooke https://www.bu.edu/library/gotlieb-center/ ;
_/alum24 https://trusted.bu.edu/s/1759/2-bu/giving/interior.aspx?sid=1759&gid=2&pgid=468&cid=1127&appealcode=24DAMAURL&utm_medium=appeal&utm_source=link&utm_campaign=print_bualumni&utm_term=give&utm_content=BU_vanity_url ;
_/alumniawards https://www.bu.edu/alumni/get-involved/show-your-bu-pride/distinguished-alumni-awards/ ;
_/alumnicenter https://www.bu.edu/alumni/services/dahod-family-alumni-center-castle/ ;
_/alumniweekend https://www.bu.edu/alumni/events-landing/alumni-weekend/?utm_medium=redirect&utm_source=link&utm_campaign=website_bualumni&utm_term=page&utm_content=redirect_homepage_alumni_weekend_aw_page ;
_/amandaandtom https://trusted.bu.edu/s/1759/2-bu/giving/interior.aspx?sid=1759&gid=2&pgid=412&cid=1044&dids=477&bledit=1&appealcode=9AAT ;
_/ame https://www.bu.edu/eng/academics/departments-and-divisions/mechanical-engineering/ ;
_/animal https://www.bu.edu/research/researchsupport/compliance/animal-care/ ;
_/annualfund https://www.bu.edu/alumni/giving/ways-to-give/employer-match/ ;
_/annualgiving https://www.bu.edu/alumni/giving/ways-to-give/fund/ ;
_/antiracist-center https://www.bu.edu/antiracism-center/ ;
_/anxiety https://www.bu.edu/card/ ;
_/aparc https://www.bu.edu/ ;
_/apc https://www.bu.edu/ ;
_/apfd https://www.bu.edu/diversity/ ;
_/aphasia https://www.bumc.bu.edu/neurology/ ;
_/apply https://www.bu.edu/admissions-overview/ ;
_/apply/financial-aid https://www.bu.edu/finaid/ ;
_/apply/graduate https://www.bu.edu/info/admissions-overview/graduate-admissions ;
_/appspace https://cloud.appspace.com/login/ba7afe51-12c9-4347-874e-21dc25d9fc8c ;
_/archives https://www.bu.edu/library/gotlieb-center/ ;
_/arlington https://www.bu.edu/questrom/pemba/?utm_source=mbta&utm_medium=arlington&utm_campaign=mbta_arlington ;
_/armyrotc https://www.bu.edu/rotc/army/ ;
_/ars https://www.bu.edu/ssw/ ;
_/artslive https://www.bu.edu/arts/ ;
_/artsnow https://www.bu.edu/writingprogram/curriculum/special-initiatives/boston-now/ ;
_/ascend https://www.bu.edu/questrom/degree-programs/bs-in-business-administration/questrom-ascend-fellowship/ ;
_/athchallenge https://givingday.bu.edu/pages/bu-athletics ;
_/athchallenge2023 https://givingday.bu.edu/pages/bu-athletics/?appeal_id=63dbb0b67ce0802044a94e06 ;
_/athchallenge2024 https://givingday.bu.edu/pages/bu-athletics/?appeal_id=65bbcd58fd25c424b6eda4c6&utm_medium=postcard&utm_source=link&utm_campaign=print_bualumni&utm_term=give&utm_content=FY24_giving_day_varsity_postcard ;
_/athfall24 https://trusted.bu.edu/s/1759/22/form.aspx?sid=1759&gid=2&pgid=410&cid=1042&appealcode=24FIMURL&utm_medium=appeal&utm_source=link&utm_campaign=print_bualumni&utm_term=give&utm_content=Fall_Invoice_athletics ;
_/athletics http://www.goterriers.com/ ;
_/athwinter24 https://trusted.bu.edu/s/1759/22/form.aspx?sid=1759&gid=2&pgid=410&cid=1042&appealcode=24WIMURL&utm_medium=appeal&utm_source=link&utm_campaign=print_bualumni&utm_term=give&utm_content=Winter_Invoice_athletics ;
_/awrecentgrads https://www.bu.edu/alumniweekend/events/#types ;
_/awslogin https://shib.bu.edu/idp/profile/SAML2/Unsolicited/SSO?providerId=urn:amazon:webservices ;
_/back2bu https://www.bu.edu/chiefhealthoffice/ ;
_/back2bu-chn https://www.bu.edu/chiefhealthoffice/ ;
_/backtoschool https://www.bu.edu/alumni/ ;
_/bashoexpress https://www.bu.edu/dining/location/basho-express/ ;
_/bcdsp https://bcdsp.org/ ;
_/bcrhhr https://www.bcrhhr.com/ ;
_/bdc https://bdc.bu.edu ;
_/because https://www.bu.edu/questrom/pemba/?utm_source=MBTA&utm_medium=Station%20Posters&utm_content=Because&utm_campaign=PEMBA%20Because ;
_/bedac https://www.bu.edu/sph/research/centers-and-groups/biostatistics-and-epidemiology-data-analytics-center-bedac/ ;
_/behavneuro https://www.bu.edu/psych/profile/kathleen-kantak-phd/ ;
_/behere https://www.bu.edu/mbainfo/professional-evening-mba/ ;
_/beijing2014 https://www.bu.edu/alumni/ ;
_/belong https://www.bu.edu/belonging-culture-survey/ ;
_/betterwaytowork https://www.bu.edu/transportation/employees/ ;
_/bettyandken https://trusted.bu.edu/s/1759/2-bu/giving/interior.aspx?sid=1759&gid=2&pgid=464&cid=1122&dids=581&bledit=1&appealcode=WEBSSW ;
_/bigdatasf http://bostonu.imodules.com/s/1759/2-bu/2col.aspx?sid=1759&gid=2&pgid=2421&content_id=2138 ;
_/bikesafety https://www.bu.edu/transportation/ ;
_/bionicpancreas https://sites.bu.edu/bionicpancreas/ ;
_/biorender https://wwwapp.bumc.bu.edu/BioRender ;
_/biosafety https://www.bu.edu/neidl/ ;
_/biosci https://www.bumc.bu.edu/gms/blcs/ ;
_/biotech https://bumetprograms.bu.edu/biomedical/ ;
_/bizanalytics https://www.bu.edu/msba-ad/?utm_source=bu%20campus&utm_medium=posters&utm_campaign=msba&utm_content=bizanalytics ;
_/blacklegacy https://www.bu.edu/alumni/ ;
_/blended https://www.bu.edu/met-eti/ ;
_/blogs https://blogs.bu.edu ;
_/bme-tic https://trusted.bu.edu/s/1759/2-bu/giving/interior.aspx?sid=1759&gid=2&pgid=479&cid=1143&dids=344&appealcode=WEBENG&bledit=1 ;
_/booth https://www.bu.edu/cfa/venues-facilities/joan-edgar-booth-theatre/ ;
_/bpir https://www.bu.edu/bpba/ ;
_/browntribute https://trusted.bu.edu/s/1759/22/form.aspx?sid=1759&gid=2&pgid=412&cid=1044&dids=1216&bledit=0&appealcode=23RABM ;
_/btm https://www.bu.edu/bpt/ ;
_/btou https://www.bu.edu/buniverse/view/?v=hhLyx1Y3 ;
_/bu1973 https://trusted.bu.edu/s/1759/22/form.aspx?sid=1759&gid=2&pgid=412&cid=1044&appealcode=24REUMURL73&utm_medium=appeal&utm_source=link&utm_campaign=print_bualumni&utm_term=give&utm_content=1973_Reunion_URL ;
_/bu1974 https://trusted.bu.edu/s/1759/22/form.aspx?sid=1759&gid=2&pgid=412&cid=1044&appealcode=24REUMURL74&utm_medium=appeal&utm_source=link&utm_campaign=print_bualumni&utm_term=give&utm_content=1974_Reunion_URL ;
_/bu-nano https://www.bu.edu/nano-bu/ ;
_/bua https://www.buacademy.org/ ;
_/bua25 https://bostonu.imodules.com/s/1759/2-bu/2col.aspx?sid=1759&gid=2&pgid=5252&content_id=5396 ;
_/bualumnicenter https://trusted.bu.edu/s/1759/2-bu/giving.aspx?sid=1759&gid=2&pgid=495&cid=1167&appealcode=WEBAGC-AC ;
_/buba https://www.bu.edu/ubx/ ;
_/bubeanpotchallenge https://trusted.bu.edu/s/1759/22/form.aspx?sid=1759&gid=2&pgid=12599&cid=23829&appealcode=23BEPOTWEB ;
_/bucentral https://bucentral.wordpress.com/ ;
_/buconnect https://buconnects.com ;
_/buconnects https://buconnects.com ;
_/budentalapparelsale https://budental1963.itemorder.com ;
_/budget https://www.bu.edu/bpba/ ;
_/buenvisions https://www.bu.edu/alumni/buenvisions/ ;
_/build https://www.bu.edu/seo/students/build/ ;
_/builders-leaders https://www.bu.edu/everett/ ;
_/buildyourgift http://www.plan.gs/Questionnaire.do?orgId=5777&questionnaireId=3 ;
_/buinchicago https://trusted.bu.edu/s/1759/2-bu/2col.aspx?sid=1759&gid=2&pgid=3188&cid=5703 ;
_/buinphiladelphia http://bostonu.imodules.com/s/1759/2-bu/2col.aspx?sid=1759&gid=2&pgid=2485&content_id=2190 ;
_/buinpittsburgh http://bostonu.imodules.com/s/1759/2-bu/2col.aspx?sid=1759&pgid=3000&gid=2&cid=5431&ecid=5431&post_id=0 ;
_/buinsf https://trusted.bu.edu/s/1759/2-bu/2col.aspx?sid=1759&gid=2&pgid=1841&cid=3452&authkey=authkey ;
_/buloyalty https://trusted.bu.edu/s/1759/2-bu/giving/interior.aspx?sid=1759&gid=2&pgid=493&cid=1164&appealcode=WEBAGC-BULSPR ;
_/bumc https://www.bumc.bu.edu/ ;
_/bunano https://www.bu.edu/nano-bu/ ;
_/bunextchicago https://bostonu.imodules.com/s/1759/2-bu/19/1col.aspx?sid=1759&gid=2&pgid=8188&content_id=9410 ;
_/bunextla https://bostonu.imodules.com/s/1759/2-bu/19/1col.aspx?sid=1759&gid=2&pgid=8185&content_id=9408 ;
_/bunextsf https://bostonu.imodules.com/s/1759/2-bu/19/1col.aspx?sid=1759&gid=2&pgid=8182&content_id=9406 ;
_/bunow https://www.bu.edu/today/ ;
_/burc https://www.bu.edu/urlc/ ;
_/burppe https://www.bu.edu/sph/ ;
_/burst https://www.facebook.com/BurstBU/ ;
_/bus https://www.bu.edu/transportation/bus/ ;
_/business https://www.bu.edu/executivevp/reporting/auxiliary-services ;
_/business-analytics https://www.bu.edu/questrom/degree-programs/ms-in-business-analytics ;
_/busm https://www.bumc.bu.edu/busm/ ;
_/busmgiving https://trusted.bu.edu/s/1759/2-bu/giving/interior.aspx?sid=1759&gid=2&pgid=424&cid=1063&appealcode=WEBMED-ALPR ;
_/busmphonathon https://trusted.bu.edu/s/1759/2-bu/giving.aspx?sid=1759&gid=2&pgid=424&cid=1063&appealcode=WEBMED-PH ;
_/but https://www.bu.edu/cfa/theatre/ ;
_/butheatre http://bostonu.imodules.com/s/1759/2-bu/giving/landing.aspx?sid=1759&gid=2&pgid=3691 ;
_/buti24 https://trusted.bu.edu/s/1759/2-bu/giving/interior.aspx?sid=1759&gid=2&pgid=519&cid=1204&appealcode=24DAMAURL&utm_medium=appeal&utm_source=link&utm_campaign=print_bualumni&utm_term=give&utm_content=BUTI_vanity_url ;
_/buvsnuchallenge https://trusted.bu.edu/s/1759/22/form.aspx?sid=1759&gid=2&pgid=12599&cid=23829&appealcode=24BEPOTWEB&utm_medium=bualumni&utm_source=link&utm_campaign=website_bualumni&utm_term=give&utm_content=2024_beanpot_challenge_bu_homepage ;
_/buwc https://www.bu.edu/womensguild/ ;
_/buwg https://www.bu.edu/womensguild/ ;
_/buwind https://www.bu.edu/sustainability/projects/bu-wind/ ;
_/buworkscentral https://ppo.buw.bu.edu/ ;
_/cagt http://cagt.bu.edu/ ;
_/camed24 https://trusted.bu.edu/s/1759/2-bu/giving/interior.aspx?sid=1759&gid=2&pgid=424&cid=1063&appealcode=24DAMAURL&utm_medium=appeal&utm_source=link&utm_campaign=print_bualumni&utm_term=give&utm_content=MED_vanity_url ;
_/camed24student https://trusted.bu.edu/s/1759/22/form.aspx?sid=1759&gid=2&pgid=424&cid=1063&appealcode=24WSMCAMEDURL&utm_medium=appeal&utm_source=link&utm_campaign=print_bualumni&utm_term=give&utm_content=Winter_Student_CAMED ;
_/camedfall24 https://trusted.bu.edu/s/1759/22/form.aspx?sid=1759&gid=2&pgid=424&cid=1063&appealcode=24FIMURL&utm_medium=appeal&utm_source=link&utm_campaign=print_bualumni&utm_term=give&utm_content=Fall_Invoice_med ;
_/camedgifts https://trusted.bu.edu/s/1759/2-bu/giving/interior.aspx?sid=1759&gid=2&pgid=424&cid=1063&appealcode=23DA2M ;
_/camedgive https://www.bumc.bu.edu/camed/giving/ ;
_/camedgiving https://trusted.bu.edu/s/1759/22/form.aspx?sid=1759&gid=2&pgid=424&cid=1063&appealcode=24LMMURLMED&utm_medium=appeal&utm_source=link&utm_campaign=print_bualumni&utm_term=give&utm_content=MED_monthly_2024_give ;
_/camedwinter24 https://trusted.bu.edu/s/1759/22/form.aspx?sid=1759&gid=2&pgid=424&cid=1063&appealcode=24WIMURL&utm_medium=appeal&utm_source=link&utm_campaign=print_bualumni&utm_term=give&utm_content=Winter_Invoice_camed ;
_/cap https://www.bu.edu/cpo/ ;
_/cap2 https://www.bu.edu/cpo/ ;
_/capbridge https://www.bu.edu/cpo/ ;
_/capdraft https://www.bu.edu/sustainability/vision-progress/climate-action-plan-2/ ;
_/cards https://www.bu.edu/pcards/ ;
_/careerweeks https://www.bu.edu/alumni/career/ ;
_/cart https://hricart.1capapp.com/event/bumtm ;
_/caryl https://people.bu.edu/caryl/ ;
_/cas2023 https://givingday.bu.edu/pages/bu-giving-day-home/?appeal_id=63e51b109239cb204a5b4b75 ;
_/cas24 https://trusted.bu.edu/s/1759/2-bu/giving/interior.aspx?sid=1759&gid=2&pgid=481&cid=1146&appealcode=24DAMAURL&utm_medium=appeal&utm_source=link&utm_campaign=print_bualumni&utm_term=give&utm_content=CAS_vanity_url ;
_/cas24student https://trusted.bu.edu/s/1759/22/form.aspx?sid=1759&gid=2&pgid=481&cid=1146&appealcode=24WSMCASURL&utm_medium=appeal&utm_source=link&utm_campaign=print_bualumni&utm_term=give&utm_content=Winter_Student_CAS ;
_/casadvising https://www.bu.edu/cas/academics/undergraduate-education/academic-advising/advising/ ;
_/casgifts https://trusted.bu.edu/s/1759/2-bu/giving/interior.aspx?sid=1759&gid=2&pgid=481&cid=1146&appealcode=23DA2M ;
_/cci https://massopen.cloud/ ;
_/ccds https://www.bu.edu/cds-faculty/explore/bu-center-for-computing-data-sciences/ ;
_/cds https://www.bu.edu/cds-faculty/ ;
_/cds-center https://www.bu.edu/cds-faculty/explore/bu-center-for-computing-data-sciences/ ;
_/celebrationofbu https://www.bu.edu/alumni/giving/ ;
_/celebrationvip https://www.bu.edu/alumniweekend/vip/ ;
_/centurychallenge https://www.bu.edu/alumni/giving/ways-to-give/century-challenge-scholarship/ ;
_/ces https://www.bu.edu/cphs/ces/ ;
_/cfa24 https://trusted.bu.edu/s/1759/2-bu/giving/interior.aspx?sid=1759&gid=2&pgid=3853&cid=7172&appealcode=24DAMAURL&utm_medium=appeal&utm_source=link&utm_campaign=print_bualumni&utm_term=give&utm_content=CFA_vanity_url ;
_/cfdi https://www.bu.edu/diversity/ ;
_/cftcc https://www.bu.edu/pdc/ ;
_/cga http://www.plan.gs/CategoryDetailList.do?orgId=5777&categoryId=228 ;
_/cghd https://www.bu.edu/sph/about/departments/global-health/ ;
_/cghdac https://www.bu.edu/sph/about/departments/global-health/ ;
_/cgs-events http://bostonu.imodules.com/s/1759/2-bu/2col.aspx?sid=1759&gid=2&pgid=950&content_id=682 ;
_/cgs24 https://trusted.bu.edu/s/1759/2-bu/giving/interior.aspx?sid=1759&gid=2&pgid=6002&cid=11061&appealcode=24DAMAURL&utm_medium=appeal&utm_source=link&utm_campaign=print_bualumni&utm_term=give&utm_content=CGS_vanity_url ;
_/cgs60th https://www.bu.edu/cgs/news/collegian-archives/collegian-summer-2012/time-travel/ ;
_/charles https://www.bu.edu/questrom/pemba/?utm_source=mbta&utm_medium=charles&utm_campaign=mbta_charles ;
_/chelmsford https://www.bu.edu/questrom/pemba/?utm_source=bueduChelmsford&utm_medium=billboard&utm_campaign=chelmsford ;
_/childcognition https://www.bu.edu/cdl/ccl/ ;
_/cho https://www.bu.edu/chiefhealthoffice/ ;
_/cilse https://www.bu.edu/kilachandcenter/ ;
_/cip https://www.bu.edu/consumer/ ;
_/claflinsociety https://trusted.bu.edu/s/1759/2-bu/19/1col.aspx?sid=1759&gid=2&pgid=15123&content_id=16989 ;
_/classroom https://www.bu.edu/classrooms/ ;
_/climate https://www.bu.edu/earth/ ;
_/climateactionplan https://www.bu.edu/sustainability/vision-progress/climate-action-plan-2/ ;
_/cme https://www.bumc.bu.edu/cme/ ;
_/cod https://www.bu.edu/provost/about/committees/council-of-deans/ ;
_/cohenchallenge https://www.bu.edu/alumni/giving/ ;
_/coi http://isps.bu.edu/applications/coi/ ;
_/com/narrative https://combeyond.bu.edu/offering/the-power-of-narrative-conference/ ;
_/com-csc https://www.bu.edu/com/for-current-students/career-services/ ;
_/com24 https://trusted.bu.edu/s/1759/2-bu/giving/interior.aspx?sid=1759&gid=2&pgid=434&cid=1077&appealcode=24DAMAURL&utm_medium=appeal&utm_source=link&utm_campaign=print_bualumni&utm_term=give&utm_content=COM_vanity_url ;
_/comatbu https://visitstore.bio/comatbu/ ;
_/commavefair https://www.bu.edu/dos/ ;
_/common https://www.bu.edu/library/ ;
_/comp https://www.bu.edu/cfo/ ;
_/comp/acctpay https://www.bu.edu/ap/ ;
_/comp/travel https://www.bu.edu/travelservices/ ;
_/contact https://www.bu.edu/about/contact-us/ ;
_/copley https://www.bu.edu/questrom/pemba/?utm_source=mbta&utm_medium=copley&utm_campaign=mbta_copley ;
_/copley/qr https://www.bu.edu/questrom/pemba/?utm_source=mbta&utm_medium=copley&utm_campaign=mbta_copley_qr ;
_/copyright https://www.bu.edu/tech/services/security/cyber-security/dmca/copyright/ ;
_/corefund https://wwwapp.bumc.bu.edu/corefund ;
_/courseeval https://bu.bluera.com/bu ;
_/covid https://www.bu.edu/chiefhealthoffice/ ;
_/covid-19-info-chn https://www.bu.edu/chiefhealthoffice/ ;
_/covid-19-information https://www.bu.edu/chiefhealthoffice/ ;
_/cruiseandlearn https://www.continuingeducation.net/schedule.php?sq=1&profession=Dentists&title=Boston+University&utm_source=BU&utm_medium=link&utm_campaign=bu_site ;
_/crumpler https://www.bumc.bu.edu/camed/giving/where-can-i-give/scholarships/crumpler-scholarship/ ;
_/cscd https://sites.bu.edu/deafcenter/ ;
_/ctf https://www.bu.edu/research/collaboration-partnership/otd/ ;
_/cughdental https://bostonu.qualtrics.com/SE/?SID=SV_eP1YpZtCKcdR88d ;
_/culinaryarts https://www.bu.edu/foodandwine/culinary-arts/ ;
_/cwc https://www.bu.edu/shs/ ;
_/cye24 https://trusted.bu.edu/s/1759/2-bu/giving/interior.aspx?sid=1759&gid=2&pgid=468&cid=1127&appealcode=24HOLIDAYCALMAURL&utm_medium=appeal&utm_source=link&utm_campaign=print_bualumni&utm_term=give&utm_content=cal_package_url ;
_/danrather http://hgar-srv3.bu.edu/web/dan-rather/home/ ;
_/daratlas https://bu.widencollective.com/dam/collective ;
_/data https://www.bu.edu/asir/ ;
_/data-sciences-center https://www.bu.edu/cds-faculty/explore/bu-center-for-computing-data-sciences/ ;
_/dayofservice https://www.bu.edu/globaldaysofservice/ ;
_/daysofservice https://www.bu.edu/globaldaysofservice/ ;
_/dbin/stemcells https://crem.bu.edu/ ;
_/dct https://www.bu.edu/ldt/ ;
_/dec2023 https://trusted.bu.edu/s/1759/2-bu/giving/interior.aspx?sid=1759&gid=2&pgid=468&cid=1127&appealcode=24CYEUMMAURL&utm_medium=appeal&utm_source=qr&utm_campaign=print_bualumni&utm_term=give&utm_content=Dec_memo_aurl ;
_/dec23 https://trusted.bu.edu/s/1759/2-bu/giving/interior.aspx?sid=1759&gid=2&pgid=468&cid=1127&appealcode=24CYEUMMBURL&utm_medium=appeal&utm_source=qr&utm_campaign=print_bualumni&utm_term=give&utm_content=Dec_memo_burl ;
_/degreeinfo https://wwwapp.bumc.bu.edu/DegreeInfo/ ;
_/dental/give https://trusted.bu.edu/s/1759/22/form.aspx?sid=1759&gid=2&pgid=436&cid=1080&appealcode=WEBSDM ;
_/dentalassisting https://www.bu.edu/dental/ce/dental-assisting-training-program1/ ;
_/dentures https://www.bu.edu/dental/dentures/ ;
_/digication https://bu.digication.com/ ;
_/digital https://www.bu.edu/dli/ ;
_/digital-strategy https://www.bu.edu/executive-courses/digital-strategy/ ;
_/digitalrevolutionevent https://secure-alumni.bu.edu/olc/pub/BUAR/event/showEventForm.jsp?form_id=187930 ;
_/dinegreen https://www.bu.edu/dining/sustainability/ ;
_/disc https://www.bu.edu/library/digital-ventures/ ;
_/distance https://www.bu.edu/online/ ;
_/dme https://www.bu.edu/rotc/ ;
_/donorwebinar http://bostonu.imodules.com/s/1759/2-bu/19/1col.aspx?sid=1759&gid=2&pgid=7544&content_id=8798&authkey=Rqh4Y9UhyvohB7cRt7svkf9hi0cZseOSsZ60pgCZBDMKN7EgkO0oiA%3d%3d ;
_/doors https://trusted.bu.edu/s/1759/22/form.aspx?sid=1759&gid=2&pgid=412&cid=1044&appealcode=23DAMAPQR&utm_medium=postcard&utm_source=link&utm_campaign=print_bualumni&utm_term=give&utm_content=opening_doors_give ;
_/earthhouse https://www.bu.edu/sustainability/projects/earth-house/ ;
_/ebrochures http://www.plan.gs/CategoryDetailList.do?orgId=5777&categoryId=266 ;
_/ecllscholarship https://trusted.bu.edu/s/1759/2-bu/giving.aspx?sid=1759&gid=2&pgid=412&cid=1044&dids=302&bledit=1&appealcode=WEBAGC ;
_/edtech https://www.bu.edu/dli/ ;
_/eliewieselarchive http://hgar-srv3.bu.edu/web/elie-wiesel/home/ ;
_/eliewieselday http://bostonu.imodules.com/s/1759/2-bu/alumniWeekend/interior.aspx?sid=1759&gid=2&pgid=252&cid=6194&ecid=6194&crid=0&calpgid=3246&calcid=6192 ;
_/emba-facts https://www.bu.edu/emba?utm_source=newscientist.com&utm_medium=print&utm_content=weekends&utm_campaign=emba%202014 ;
_/embafaculty https://www.bu.edu/questrom/executive-education/our-faculty/ ;
_/embainfo https://www.bu.edu/emba?utm_source=BBJ&utm_medium=banner&utm_campaign=bbj-emba/ ;
_/emd https://www.bu.edu/em/ ;
_/emergingmedia https://www.bu.edu/com/academics/emerging-media-studies/ ;
_/eng24 https://trusted.bu.edu/s/1759/2-bu/giving/interior.aspx?sid=1759&gid=2&pgid=479&cid=1143&appealcode=24DAMAURL&utm_medium=appeal&utm_source=link&utm_campaign=print_bualumni&utm_term=give&utm_content=ENG_vanity_url ;
_/environment https://www.bu.edu/earth/ ;
_/eocy24 https://trusted.bu.edu/s/1759/2-bu/giving/interior.aspx?sid=1759&gid=2&pgid=468&cid=1127&appealcode=24HOLIDAYLETMURL&utm_medium=appeal&utm_source=link&utm_campaign=print_bualumni&utm_term=give&utm_content=holiday_letter_url ;
_/eportfolio https://bu.digication.com/portfolio_about_portfolios/Welcome ;
_/escort https://www.bu.edu/dos/late-night-transportation/ ;
_/esl https://www.bu.edu/celop/ ;
_/estateguide https://bu.giftlegacy.com/?pageID=19 ;
_/estateplanning http://www.plan.gs/Article.do?orgId=5777&articleId=1456 ;
_/euforyou https://www.bu.edu/european/ ;
_/eufutures https://www.bu.edu/european/ ;
_/evening https://www.bu.edu/questrom/pemba?utm_source=mbta&utm_medium=park%2Fdowntown&utm_term=evening&utm_content=%231&utm_campaign=park%2Fdowntown ;
_/evening-info https://www.bu.edu/questrom/pemba?utm_source=pemba_fact_sheet&utm_medium=print&utm_campaign=evening-info ;
_/eveningmba http://www.bu.edu/mbainfo/professional-evening-mba/ ;
_/events https://www.bu.edu/calendar/ ;
_/evergreen https://cpe.bu.edu/evergreen/ ;
_/exchange https://www.bu.edu/metinternational/ ;
_/exec https://www.bu.edu/questrom/executive-education/ ;
_/execed https://www.bu.edu/questrom/executive-education/ ;
_/execemf https://www.bu.edu/executive-courses/entrepreneurial-marketing-finance-program/ ;
_/executivevp https://www.bu.edu/about/admin/ ;
_/exed https://www.bu.edu/questrom/executive-education/ ;
_/experience https://www.bu.edu/meetatbu/ ;
_/experience-room https://www.bu.edu/evcon/ ;
_/expo https://www.bu.edu/xcc/about/events/experiential-learning-expo/ ;
_/ezproxy http://www.bu.edu/tech/services/cccs/remote/ezproxy ;
_/facial-rejuvenation https://www.bu.edu/dental/academics/departments/omfs/center-for-facial-rejuvenation/ ;
_/factbook https://www.bu.edu/asir/bu-facts/fact-book/ ;
_/faculty https://www.bu.edu/provost/faculty-affairs/faculty-resources/ ;
_/faculty/ear https://www.bu.edu/provost/faculty-affairs/my-cv/external-activity-report-ear/ ;
_/facultycouncil https://www.bu.edu/fafc/ ;
_/fall1839 https://trusted.bu.edu/s/1759/22/form.aspx?sid=1759&gid=2&pgid=470&cid=1130&appealcode=24ETNSMBURL&utm_medium=appeal&utm_source=link&utm_campaign=print_bualumni&utm_term=give&utm_content=1839_fall_BU_package_url ;
_/fallmarsh24 https://trusted.bu.edu/s/1759/2-bu/giving/interior.aspx?sid=1759&gid=2&pgid=485&cid=1151&appealcode=24MCFMURL&utm_medium=appeal&utm_source=link&utm_campaign=print_bualumni&utm_term=give&utm_content=marsh_fall_url ;
_/fallparents24 https://trusted.bu.edu/s/1759/2-bu/giving/interior.aspx?sid=1759&gid=2&pgid=444&cid=1092&appealcode=24DAMPURL&utm_medium=appeal&utm_source=link&utm_campaign=print_bualumni&utm_term=give&utm_content=fall_parent_appeal_url ;
_/favoritepoem https://www.favoritepoem.org/ ;
_/festival https://www.bu.edu/sustainability/sustainability-festival/ ;
_/findmyprint https://www.bu.edu/tech/services/cccs/printing/myprint/myprint-locations/ ;
_/finplanners https://www.bu.edu/professional/programs/certificate/financial_planners/acadient/index.html ;
_/fintechcertificate https://www.bu.edu/questrom/degree-programs/ms-in-mathematical-finance/graduate-certificate-in-financial-technology/ ;
_/firesafety https://www.bu.edu/ehs/residential-safety-home/residential-safety-programs-services/campus-and-clinical-safety/fire-safety/fire-safety/ ;
_/florencenightingale http://hgar-srv3.bu.edu/web/florence-nightingale/ ;
_/foodallergy https://www.bu.edu/scnc/foodallergy/ ;
_/foundrop https://www.foundrop.com/organizations/2037-boston-university-police/search ;
_/frombtou https://trusted.bu.edu/s/1759/2-bu/index.aspx?sid=1759&gid=2&pgid=472&cid=1133&appealcode=WEBAGC-BU ;
_/ftp-survey https://bostonu.qualtrics.com/SE/?SID=SV_9AZ76jfO4k1HxuB ;
_/futuremba https://www.bu.edu/pemba-part-time/?utm_source=wbur&utm_medium=underwriting&utm_content=future%20mba&utm_campaign=pemba%202015 ;
_/fy101 https://www.bu.edu/cas/student-life/undergraduate-students/ospl/the-first-year-experience/fy101/ ;
_/fy102 https://www.bu.edu/cas/student-life/undergraduate-students/ospl/the-first-year-experience/fy102/ ;
_/fy103 https://www.bu.edu/cas/student-life/undergraduate-students/ospl/the-first-year-experience/ ;
_/fye https://www.bu.edu/cas/student-life/undergraduate-students/ospl/the-first-year-experience/ ;
_/fye24 https://trusted.bu.edu/s/1759/22/form.aspx?sid=1759&gid=2&pgid=412&cid=1044&appealcode=24FYEUMURL&utm_medium=appeal&utm_source=link&utm_campaign=print_bualumni&utm_term=give&utm_content=FYE_appeal_URL ;
_/fys https://www.bu.edu/advising/student-populations/assistant-directors-of-first-year-success/ ;
_/gastronomy https://sites.bu.edu/gastronomy/ ;
_/gds http://bostonu.imodules.com/s/1759/2-bu/dayofService/home.aspx?sid=1759&gid=2&pgid=3328 ;
_/gegi https://www.bu.edu/pardeeschool/research/gegi/ ;
_/geochemistry https://www.bu.edu/earth/ ;
_/geology https://www.bu.edu/earth/ ;
_/geophysics https://www.bu.edu/earth/ ;
_/geoscience https://www.bu.edu/earth/ ;
_/geosciences https://www.bu.edu/earth/ ;
_/getready https://www.bu.edu/questrom/pemba/?utm_source=Boston%20Metro&utm_medium=PopUp&utm_content=GetReady&utm_campaign=PEMBA%20Because ;
_/ghi https://www.bu.edu/sph/about/departments/global-health/ ;
_/giftcalculator http://www.plan.gs/Article.do?orgId=5777&articleId=11790 ;
_/give https://trusted.bu.edu/s/1759/2-bu/giving/interior.aspx?sid=1759&gid=2&pgid=412&cid=1044&appealcode=WEBAGC ;
_/give2bu https://trusted.bu.edu/s/1759/2-bu/giving/interior.aspx?sid=1759&gid=2&pgid=468&cid=1127&appealcode=24LMMURLGEN&utm_medium=appeal&utm_source=link&utm_campaign=print_bualumni&utm_term=give&utm_content=GEN_monthly_2024_give ;
_/give2busm https://trusted.bu.edu/s/1759/2-bu/index.aspx?sid=1759&gid=2&pgid=424&cid=1063&appealcode=WEBMED-AL ;
_/give2cas https://trusted.bu.edu/s/1759/2-bu/giving/interior.aspx?sid=1759&gid=2&pgid=481&cid=1146&appealcode=WEBCAS-PR ;
_/give2cfa https://trusted.bu.edu/s/1759/2-bu/giving/interior.aspx?sid=1759&gid=2&pgid=3853&cid=7172&appealcode=WEBCFA-PR ;
_/give2cgs https://trusted.bu.edu/s/1759/2-bu/giving/interior.aspx?sid=1759&gid=2&pgid=6002&cid=11061&appealcode=WEBCGS-PR ;
_/give2com https://trusted.bu.edu/s/1759/2-bu/giving/interior.aspx?sid=1759&gid=2&pgid=434&cid=1077&appealcode=WEBCOM-PR ;
_/give2eng https://trusted.bu.edu/s/1759/2-bu/giving/interior.aspx?sid=1759&gid=2&pgid=479&cid=1143&appealcode=WEBENG-PR ;
_/give2gsdm https://trusted.bu.edu/s/1759/2-bu/giving/interior.aspx?sid=1759&gid=2&pgid=436&cid=1080&appealcode=WEBSDM-PR ;
_/give2met https://trusted.bu.edu/s/1759/2-bu/giving/interior.aspx?sid=1759&gid=2&pgid=6004&cid=11065&appealcode=WEBMET-PR ;
_/give2pardee https://trusted.bu.edu/s/1759/2-bu/giving/interior.aspx?sid=1759&gid=2&pgid=5609&cid=10116&appealcode=WEBPAR-PR ;
_/give2questrom https://trusted.bu.edu/s/1759/2-bu/giving/interior.aspx?sid=1759&gid=2&pgid=654&cid=1470&appealcode=WEBQUESTROM ;
_/give2sargent https://trusted.bu.edu/s/1759/2-bu/giving/interior.aspx?sid=1759&gid=2&pgid=3855&cid=7177&appealcode=WEBSAR-PR ;
_/give2sha https://trusted.bu.edu/s/1759/2-bu/giving/interior.aspx?sid=1759&gid=2&pgid=440&cid=1086&appealcode=WEBSHA-PR ;
_/give2ssw https://trusted.bu.edu/s/1759/2-bu/giving/interior.aspx?sid=1759&gid=2&pgid=464&cid=1122&appealcode=WEBSSW-PR ;
_/give2sth https://trusted.bu.edu/s/1759/2-bu/giving/interior.aspx?sid=1759&gid=2&pgid=1333&cid=2638&appealcode=WEBSTH-PR ;
_/give2wheelock https://trusted.bu.edu/s/1759/2-bu/giving/interior.aspx?sid=1759&gid=2&pgid=2505&cid=4460&appealcode=WEBSED-PR ;
_/givebussw https://www.bu.edu/ssw/alumni/give-back/ ;
_/givecasfamily https://trusted.bu.edu/s/1759/2-bu/giving/interior.aspx?sid=1759&gid=2&pgid=481&cid=1146&dids=1079&bledit=1&appealcode=WEBCAS ;
_/givecgs https://www.bu.edu/cgs/donate/ ;
_/givenow https://www.bu.edu/alumni/giving/ ;
_/giveonline https://trusted.bu.edu/s/1759/2-bu/index.aspx?sid=1759&gid=2&pgid=468&cid=1127&appealcode=WEBAGC-GO ;
_/givesargent https://trusted.bu.edu/s/1759/2-bu/giving/interior.aspx?sid=1759&gid=2&pgid=3855&cid=7177&appealcode=WEBSAR ;
_/givethepoint https://www.bu.edu/link/shortcut/givethepoint/ ;
_/givethroughbu https://trusted.bu.edu/s/1759/2-bu/index.aspx?sid=1759&gid=2&pgid=452&cid=1104&appealcode=WEBAGC-GT ;
_/givetobu https://trusted.bu.edu/s/1759/2-bu/index.aspx?sid=1759&gid=2&pgid=454&cid=1107&appealcode=WEBAGC-GB ;
_/givetobudt https://crowdfunding.bu.edu/campaigns/bu-dance-team-road-to-nationals-2#/ ;
_/givetobuti https://trusted.bu.edu/s/1759/2-bu/giving.aspx?sid=1759&gid=2&pgid=519&cid=1204&appealcode=WEBAGC-TI ;
_/givetocas https://www.bu.edu/cas/alumni/giving/ ;
_/givetoday https://trusted.bu.edu/s/1759/2-bu/index.aspx?sid=1759&gid=2&pgid=468&cid=1127&appealcode=WEBAGC-TO ;
_/givetohillel https://trusted.bu.edu/s/1759/2-bu/giving/interior.aspx?sid=1759&gid=2&pgid=468&cid=1127&dids=35&appealcode=WEBAGC-GO ;
_/givetolaw https://trusted.bu.edu/s/1759/2-bu/giving/interior.aspx?sid=1759&gid=2&pgid=420&cid=1057&appealcode=WEBLAW-PR ;
_/givetosph https://trusted.bu.edu/s/1759/2-bu/giving/interior.aspx?sid=1759&gid=2&pgid=497&cid=1170&appealcode=WEBSPH-PR ;
_/givetowtbu https://trusted.bu.edu/s/1759/2-bu/giving.aspx?sid=1759&gid=2&pgid=434&cid=1077&dids=141&appealcode=WEBCOM ;
_/giving https://www.bu.edu/alumni/giving/ ;
_/givingback https://www.bu.edu/alumni-forms/forms/annualfund/givingback/index.html ;
_/givingday https://givingday.bu.edu/pages/bu-giving-day-home ;
_/givingdayvip2023 https://givingday.bu.edu/pages/bu-vip/?appeal_id=63dbb13c7ce0802044a94e0f ;
_/givingdayvip2024 https://givingday.bu.edu/pages/bu-vip/?appeal_id=65bbcc7aeccd5c259c3c9ca2&utm_medium=appeal&utm_source=link&utm_campaign=print_bualumni&utm_term=give&utm_content=FY24_giving_day_letter_url ;
_/givingday/vip https://givingday.bu.edu/pages/bu-vip ;
_/givingmatters https://www.bu.edu/campaign/ways-of-giving/annual-fund/donor-impact-page/your-giving-matters/ ;
_/givingsocieties https://www.bu.edu/alumni/giving/who-gives/ ;
_/givingtuesday https://givingtuesday.bu.edu/pages/giving-tuesday-1 ;
_/global-crisis https://www.bu.edu/com/academics/journalism/crisis-reporting/ ;
_/global-parents-network https://www.bu.edu/alumni/giving/who-gives/global-parents-network/ ;
_/globaldayofservice http://bostonu.imodules.com/s/1759/2-bu/dayofService/home.aspx?sid=1759&gid=2&pgid=3328 ;
_/globaldaysofservice http://bostonu.imodules.com/s/1759/2-bu/dayofService/home.aspx?sid=1759&gid=2&pgid=3328 ;
_/globalexec https://www.bu.edu/global/ ;
_/globalhouse https://www.bu.edu/cas/academics/undergraduate-education/special-academic-opportunities/language-learning-at-cas/bu-global-house/ ;
_/globalmediakit https://www.bu.edu/abroadatbu/ ;
_/globaloperations https://www.bu.edu/globalprograms/ ;
_/globalquestionnaire https://ist-ogp-p.bu.edu/ ;
_/gms https://www.bumc.bu.edu/gms/ ;
_/google https://mail.google.com/a/bu.edu/ ;
_/google/calendar https://calendar.google.com/a/bu.edu ;
_/google/docs https://docs.google.com/a/bu.edu/ ;
_/google/drive https://docs.google.com/a/bu.edu/ ;
_/google/sites https://sites.google.com/a/bu.edu/ ;
_/googlesites https://sites.google.com/a/bu.edu/sites/system/app/pages/meta/dashboard ;
_/googlesites/admin https://www.google.com:443/a/cpanel/bu.edu/Dashboard ;
_/goterriers https://trusted.bu.edu/s/1759/2-bu/giving/interior.aspx?sid=1759&gid=2&pgid=410&cid=1042&appealcode=WEBATH-PR ;
_/govcenter https://www.bu.edu/questrom/pemba/?utm_source=govcenter&utm_medium=number1eveningmba&utm_campaign=aug2012 ;
_/gpr https://www.bu.edu/religion/academics/graduate-program/ ;
_/gpto https://www.bu.edu/gpts/ ;
_/green https://www.bu.edu/sustainability/ ;
_/grs http://www.bu.edu/cas/about-grs/ ;
_/haddad2024 https://trusted.bu.edu/s/1759/22/form.aspx?sid=1759&gid=2&pgid=420&cid=1057&dids=1289&appealcode=24GDPLAWEMHURL&utm_medium=appeal&utm_source=link&utm_campaign=print_bualumni&utm_term=give&utm_content=haddad_URL ;
_/hariri https://www.bu.edu/hic/ ;
_/hdwg https://ciswh.org/ ;
_/headspace https://www.bu.edu/provost/wellbeingproject/wellbeing-project-resources/headspace/ ;
_/healthmatters http://healthmatters.bu.edu/ ;
_/healthmba https://www.bu.edu/questrom/pemba/?utm_source=longwood%20buses&utm_medium=kong%20exterior%20poster&utm_content=jan%2028%20%2B%20mar%203&utm_campaign=pemba%202015 ;
_/healthway https://www.bu.edu/chiefhealthoffice/ ;
_/help/buworks https://bu.service-now.com/sp/?id=sc_cat_item&sys_id=824ff8fa87909910cdf2ff78cebb35e0&sysparm_category=e15706fc0a0a0aa7007fc21e1ab70c2f ;
_/help/desktop https://bu.service-now.com/sp?id=sc_cat_item&sys_id=824ff8fa87909910cdf2ff78cebb35e0&sysparm_category=e15706fc0a0a0aa7007fc21e1ab70c2f ;
_/help/web https://www.bu.edu/phpbin/static-sites/manage/ ;
_/help/wordpress https://bu.service-now.com/sp/?id=sc_category&sys_id=9498a5951b226490b068ed70604bcb64&catalog_id=-1 ;
_/helpinfo https://www.bu.edu/shs/behavioral-medicine/ ;
_/herbalstudy http://wwwapp1.bumc.bu.edu/FM_HerbalStudy/ ;
_/hi https://www.bu.edu/hic/ ;
_/hiccse https://www.bu.edu/hic ;
_/highholiday https://trusted.bu.edu/s/1759/2-bu/giving/interior.aspx?sid=1759&gid=2&pgid=5749&cid=10563&dids=35&appealcode=24HILLELBUHHM&utm_medium=appeal&utm_source=link&utm_campaign=print_bualumni&utm_term=give&utm_content=24_hillel_high_holidays_vanity_url ;
_/hilleldining https://www.bu.edu/phpbin/hilleldining/ ;
_/hipart http://scv.bu.edu/HiPArt/ ;
_/hirequestrom https://www.bu.edu/questrom/careers/hire-questrom/ ;
_/histology https://www.bu.edu/phpbin/medlib/histology/ ;
_/hockeygolf https://secure-alumni.bu.edu/olc/pub/BUAR/event/showEventForm.jsp?form_id=73772 ;
_/hocvip https://trusted.bu.edu/s/1759/2-bu/19/1col.aspx?sid=1759&gid=2&pgid=13805&content_id=16021 ;
_/holickehlersdanlosfund https://trusted.bu.edu/s/1759/2-bu/giving/interior.aspx?sid=1759&gid=2&pgid=422&cid=1060&dids=361&appealcode=WEBMED-DV ;
_/homecoming https://www.bu.edu/undergradorientation/ ;
_/honordeanmeenan https://trusted.bu.edu/s/1759/2-bu/index.aspx?sid=1759&gid=2&pgid=462&cid=1119&dids=174&appealcode=WEBSPH-DM ;
_/htc https://www.bu.edu/thurman/ ;
_/hubiejonesfund https://trusted.bu.edu/s/1759/2-bu/giving/interior.aspx?sid=1759&gid=2&pgid=464&cid=1122&dids=335&appealcode=WEBSSW ;
_/hubiejonesrsvp https://bostonu.imodules.com/s/1759/2-bu/19/1col.aspx?sid=1759&gid=2&pgid=8634&content_id=10053 ;
_/humanitiesforums https://sites.bu.edu/humanitiesforums/ ;
_/hydrology https://www.bu.edu/earth/ ;
_/ice http://www.innercityentrepreneurs.org ;
_/ict https://www.bu.edu/classics/ ;
_/id https://www.bu.edu/marcom/ ;
_/ihs https://www.bu.edu/european/ ;
_/ihsip https://www.bu.edu/research/ ;
_/impact https://www.bu.edu/alumni/giving/impact/ ;
_/infancp https://www.bu.edu/infantcp/ ;
_/infocenter https://www.bu.edu/about/ ;
_/infosec https://www.bu.edu/tech/support/information-security/ ;
_/infosec/newsfeed https://www.bu.edu/tech/support/information-security/infosec-newsfeed/ ;
_/infosec/newtobu https://www.bu.edu/tech/support/information-security/information-security-new-to-bu/ ;
_/infosec/phishbowl https://www.bu.edu/tech/support/information-security/bus-phish-bowl/ ;
_/infosec/researchers https://www.bu.edu/tech/support/information-security/security-for-researchers/ ;
_/infosec/securityhero https://www.bu.edu/tech/support/information-security/information-security-hero-program/ ;
_/inmlcfp https://questromworld.bu.edu/elc/open-enrollment/inml/Community-Fellows-Program/ ;
_/inmlcore https://questromworld.bu.edu/elc/open-enrollment/inml/inml-core-certificate-program/ ;
_/inmlprograms https://questromworld.bu.edu/elc/open-enrollment/inml/ ;
_/integrativemed https://www.bumc.bu.edu/integrativemed/ ;
_/interactive https://www.bu.edu/disted/ ;
_/interactive-design https://www.bu.edu/marcom/ ;
_/international https://www.bu.edu/admissions/apply/international/ ;
_/intracghd https://www.bu.edu/sph/about/departments/global-health/ ;
_/investinprevention https://trusted.bu.edu/s/1759/2-bu/giving.aspx?sid=1759&gid=2&pgid=497&cid=1170&dids=240&bledit=1 ;
_/iraopportunity http://www.plan.gs/Article.do?articleId=14712&orgId=5777 ;
_/irwa https://www.bu.edu/cura/ ;
_/ise https://www.bu.edu/igs/ ;
_/isec https://www.bu.edu/cura/ ;
_/isgc https://www.bu.edu/chapel/stewardship/ ;
_/isps http://isps.bu.edu/ ;
_/ist-automation/webdis https://www.bu.edu/phpbin/webdis/ ;
_/istnews https://www.bu.edu/ist-news/ ;
_/it https://www.bu.edu/tech/ ;
_/itcommon https://www.bu.edu/it-common/ ;
_/itrp http://www.academyofmediaproduction.com/ ;
_/jam https://questromworld.bu.edu/businesseducationjam/ ;
_/jam-now http://smgworld.bu.edu/businesseducationjam/?utm_source=chronicle&utm_medium=print%20ad&utm_content=89%25%20business%20leaders&utm_campaign=biz%20ed%20jam ;
_/jamdocs http://drive.google.com/a/bu.edu ;
_/jamsponsor http://smgworld.bu.edu/businesseducationjam/sponsorships/ ;
_/janetosprize https://trusted.bu.edu/s/1759/2-bu/giving/interior.aspx?sid=1759&gid=2&pgid=412&cid=1044&dids=1080&bledit=1&appealcode=WEBAGC ;
_/jeremyyudkinscholarship https://www.bu.edu/alumni/giving/why/opportunity/ ;
_/jobs https://www.bu.edu/hr/careers/ ;
_/joevita https://www.bumc.bu.edu/supportingbusm/vita/ ;
_/joinfriends https://trusted.bu.edu/s/1759/2-bu/giving.aspx?sid=1759&gid=2&pgid=458&cid=1113&dids=239&bledit=1 ;
_/june30 https://trusted.bu.edu/s/1759/22/form.aspx?sid=1759&gid=2&pgid=412&cid=1044&appealcode=23FYEUMMURL ;
_/kandarian https://www.bu.edu/sargent/profile/susan-kandarian-phd/ ;
_/kendall https://www.bu.edu/questrom/pemba/?utm_source=mbta&utm_medium=kendall&utm_campaign=mbta_kendall ;
_/kerberos https://www.bu.edu/computing/accounts/kerberos/ ;
_/kerberosonly https://www.bu.edu/computing/accounts/create ;
_/kpw https://weblogin.bu.edu/accounts/create?_hostname=ad&_conffile=kpw ;
_/kpw/printsync https://weblogin.bu.edu/accounts/create?template_extension=printsync&_hostname=ad&_conffile=printsync ;
_/kssf https://www.bu.edu/sth/alumni/giving/ ;
_/lab https://www.bumc.bu.edu/neurology/ ;
_/lacelebratesbu http://bostonu.imodules.com/s/1759/2-bu/2col.aspx?sid=1759&gid=2&pgid=961&content_id=689 ;
_/lamovie https://www.bu.edu/abroad/media/la-internship-program/ ;
_/lastingloyal https://trusted.bu.edu/s/1759/2-bu/giving/interior.aspx?sid=1759&gid=2&pgid=493&cid=1164&paymenttype=perpetual&appealcode=WEBAGC-LSPZ ;
_/law/seipp https://www.bu.edu/law/faculty-research/legal-history-the-year-books ;
_/law24 https://trusted.bu.edu/s/1759/2-bu/giving/interior.aspx?sid=1759&gid=2&pgid=420&cid=1057&appealcode=24DAMAURL&utm_medium=appeal&utm_source=link&utm_campaign=print_bualumni&utm_term=give&utm_content=Law_vanity_url ;
_/lawfall24 https://trusted.bu.edu/s/1759/22/form.aspx?sid=1759&gid=2&pgid=420&cid=1057&appealcode=24FIMURL&utm_medium=appeal&utm_source=link&utm_campaign=print_bualumni&utm_term=give&utm_content=Fall_Invoice_law ;
_/lawgiving https://trusted.bu.edu/s/1759/2-bu/index.aspx?sid=1759&gid=2&pgid=420&cid=1057&appealcode=WEBLAW ;
_/lawlibrary https://www.bu.edu/law/ ;
_/lawwinter24 https://trusted.bu.edu/s/1759/22/form.aspx?sid=1759&gid=2&pgid=420&cid=1057&appealcode=24WIMURL&utm_medium=appeal&utm_source=link&utm_campaign=print_bualumni&utm_term=give&utm_content=Winter_Invoice_law ;
_/lcemp https://www.bu.edu/lancet-commission-essential-medicines-policies/ ;
_/leadershipevents https://trusted.bu.edu/s/1759/2-bu/19/1col.aspx?sid=1759&gid=2&pgid=13642&content_id=15860 ;
_/leadershipgifts https://trusted.bu.edu/s/1759/2-bu/index.aspx?sid=1759&gid=2&pgid=470&cid=1130&appealcode=WEBAGC-GS ;
_/leadershipgiving https://trusted.bu.edu/s/1759/2-bu/index.aspx?sid=1759&gid=2&pgid=470&cid=1130&appealcode=WEBAGC-AL ;
_/leadershipsupport https://trusted.bu.edu/s/1759/2-bu/index.aspx?sid=1759&gid=2&pgid=470&cid=1130&appealcode=WEBAGC-LS ;
_/leap-lp https://engineering.bu.edu/leap-lp/ ;
_/leap-lp/info https://engineering.bu.edu/leap-lp/info/ ;
_/leap-lp/late-entry-accelerated-program-leap https://engineering.bu.edu/leap-lp/late-entry-accelerated-program-leap/ ;
_/learn https://learn.bu.edu ;
_/learnmore https://onebu.tfaforms.net/218015 ;
_/leporelecture https://trusted.bu.edu/s/1759/2-bu/19/1col.aspx?sid=1759&gid=2&pgid=11230&cid=21174&ecid=21174&crid=0&calpgid=1050&calcid=2086/?utm_medium=invitation&utm_source=button&utm_campaign=email_bualumni&utm_term=e ;
_/life https://www.bu.edu/campus-life/ ;
_/lifebook https://www.bu.edu/dos/policies/lifebook/ ;
_/lifelong https://www.bu.edu/foodandwine/ ;
_/lifelonglearning https://www.bu.edu/foodandwine/ ;
_/lifesciences https://www.bu.edu/kilachandcenter/ ;
_/links https://www.bu.edu/link/ ;
_/links2 https://www.bu.edu/link/ ;
_/login https://iam-identity.bu.edu/identityiq/home.jsf ;
_/logout https://weblogin.bu.edu/logout/ ;
_/loyalty24 https://trusted.bu.edu/s/1759/22/form.aspx?sid=1759&gid=2&pgid=493&cid=1164&paymenttype=perpetual&appealcode=24LLMURL&utm_medium=appeal&utm_source=link&utm_campaign=print_bualumni&utm_term=give&utm_content=loyalty_labels_2024 ;
_/loyalty https://trusted.bu.edu/s/1759/2-bu/giving/interior.aspx?sid=1759&gid=2&pgid=493&cid=1164&appealcode=WEBAGC-BULS-PR ;
_/loyaltysociety https://www.bu.edu/alumni/giving/who-gives/loyalty-society/ ;
_/lutheran https://www.bu.edu/chapel/ ;
_/mtm https://www.bu.edu/town-meeting/ ;
_/machozi https://trusted.bu.edu/s/1759/2-bu/giving.aspx?sid=1759&gid=2&pgid=1333&cid=2638&dids=261&appealcode=WEBSTH ;
_/maci https://www.bumc.bu.edu/gms/maci/ ;
_/makeagift https://trusted.bu.edu/s/1759/2-bu/giving/landing.aspx?sid=1759&gid=2&pgid=455&content_id=90&appealcode=FY21_FYE_Appeal_Email ;
_/management-event https://www.bu.edu/questrom/event/private-equity/ ;
_/maps https://maps.bu.edu/ ;
_/marcom/stationery https://www.bu.edu/marcom/printcenter/ ;
_/marketingcloud https://mcpm5v4trzkfjltxymfzfz5rnsfm.login.exacttarget.com/sso/f072153c2d20403d361e6f6a275c24270a22307a5129300b2921241b3e2d4d22273b5828314c3c7065007d7517707667 ;
_/marketplaceinfo http://vpfa-server18.bu.edu/helpconsole/BU%20Procure-to-Pay%20Guide/Static/the_terrier_marketplace.htm ;
_/marshgiving https://trusted.bu.edu/s/1759/2-bu/giving/interior.aspx?sid=1759&gid=2&pgid=485&cid=1151&appealcode=WEBMSH-PR ;
_/masters-in-management https://www.bu.edu/questrom/degree-programs/ms-in-management-studies/ ;
_/match https://www.bu.edu/alumni/giving/ways-to-give/employer-match/ ;
_/mathfinance https://www-staging.bu.edu/questrom/degree-programs/ms-in-mathematical-finance/admissions/ ;
_/mba-admissions https://www.bu.edu/questrom/admissions/graduate-programs/ ;
_/mba-apply https://www.bu.edu/link/bin/uiscgi_graduate_application.pl?College=gsm&utm_source=mba%2Bfact%2Bbook&utm_medium=print&utm_content=mba-apply-fact-book&utm_campaign=mba-apply ;
_/mba-connect https://www.bu.edu/mbainfo/attend-an-info-session/?utm_source=mbta&utm_medium=liveboard&utm_campaign=mba&utm_content=mba%20connect&tfa_4=mbta&tfa_3=liveboard&tfa_1=mba&tfa_2=mba%20connect ;
_/mba-essays https://www.bu.edu/questrom/admissions/graduate-programs/full-time-mba/admissions-checklist/ ;
_/mba-event https://www.bu.edu/questrom/admissions/admissions-events/ ;
_/mba-programs https://www.bu.edu/questrom/pemba/?utm_source=LinkedIn&utm_medium=online&utm_campaign=LinkedIn_PEMBA_online ;
_/mba-tips https://www.bu.edu/questrom/admissions/graduate-programs/full-time-mba/application-tips/ ;
_/mba2010 https://www.bu.edu/questrom/pemba/?utm_source=mbta&utm_medium=north%2Fgovt&utm_term=mba2010&utm_content=leaders%2Bwanted&utm_campaign=mbta_north%2Fgovt ;
_/mbabu https://www.bu.edu/mba?utm_source=National%2BSociety%2Bof%2BHispanic%2BMBA%2BNewsletter&utm_medium=newsletter%2Bad&utm_campaign=NSHMBA ;
_/mbaevents https://www.bu.edu/mbainfo/attend-an-info-session/?utm_source=npm&utm_medium=podcast%20audio&utm_campaign=mba&utm_content=fall%20events&tfa_4=npm&tfa_3=podcast%20audio&tfa_1=mba&tfa_2=fall%20events ;
_/mbafocus https://gtscandidate.mbafocus.com/BostonUniversity/Candidates/Login.aspx?pid=1714 ;
_/mbafocus/alumni https://gtscandidate.mbafocus.com/BostonUniversity/Candidates/Login.aspx?pid=1687 ;
_/mbafocus/employer https://gtsemployer.mbafocus.com/BostonUniversity/Employers/Login.aspx?jprid=2435 ;
_/mbafocus/staff https://gtsadmin.mbafocus.com/BostonUniversity/Admin/Login.aspx?sid=149 ;
_/mbalunch https://www.bu.edu/questrom/lunch-and-learn-sept-2019/?utm_source=mbta&utm_medium=2%20sheet&utm_campaign=mba&utm_content=sep%20lunch%20learn&tfa_4=mbta&tfa_3=2%20sheet&tfa_1=mba&tfa_2=sep%20lunch%20learn ;
_/mbanext https://www.bu.edu/mbainfo/?utm_source=mbta&utm_medium=station%20poster&utm_campaign=mba&utm_content=mbanext&tfa_4=mbta&tfa_3=station%20poster&tfa_1=mba&tfa_2=mbanext ;
_/mbanorth https://www.bu.edu/questrom/pemba/?utm_source=LRTA&utm_medium=Bus%20Posters&utm_content=MBAnorth&utm_campaign=PEMBA%20Because ;
_/mbapathway https://www.bu.edu/mbainfo/attend-an-info-session/?utm_source=q1%20media&utm_medium=podcast%20audio&utm_campaign=mba&utm_content=fall%20events&tfa_4=q1%20media&tfa_3=podcast%20audio&tfa_1=mba&tfa_2=fall%20events ;
_/mbasession https://www.bu.edu/mbainfo/?utm_source=spotify&utm_medium=30%20second%20spot&utm_content=mba%20session&utm_campaign=pemba ;
_/mbta https://www.bu.edu/questrom/pemba/?utm_source=mbta&utm_medium=MBTAads&utm_campaign=BackBayAug2012 ;
_/mdparents https://www.bumc.bu.edu/busm/parents/ ;
_/medalum https://www.bu.edu/medalumni/ ;
_/medalumni https://www.bu.edu/medalumni/ ;
_/medaw https://www.bumc.bu.edu/camed/alumni/events/schedule-of-events/ ;
_/medclassnotes https://www.bumc.bu.edu/busm/alumni/ ;
_/medenews https://www.bumc.bu.edu/busm/alumni/ ;
_/medevents https://www.bumc.bu.edu/busm/alumni/ ;
_/medfellowship https://www.bumc.bu.edu/medfellowship/ ;
_/medlib https://www.bumc.bu.edu/medlib/ ;
_/medstudy https://wwwapp.bumc.bu.edu/StudySpace/ ;
_/medstures https://www.bumc.bu.edu/studentresidence/ ;
_/mentalhealth https://www.bu.edu/shs/ ;
_/messiaen http://oliviermessiaen.net ;
_/met24 https://trusted.bu.edu/s/1759/2-bu/giving/interior.aspx?sid=1759&gid=2&pgid=6004&cid=11065&appealcode=24DAMAURL&utm_medium=appeal&utm_source=link&utm_campaign=print_bualumni&utm_term=give&utm_content=MET_vanity_url ;
_/metro https://www.bu.edu/questrom/pemba/?utm_source=Metro&utm_medium=print&utm_campaign=Metro_2012 ;
_/military https://www.bu.edu/met/ ;
_/militarynight http://events.constantcontact.com/register/event?llr=it7puneab&oeidk=a07e3ao5gre2dbf77ae ;
_/mim https://www.bu.edu/questrom/degree-programs/ms-in-management-studies/ ;
_/mlkjr https://www.bu.edu/dbin/mlkjr/ ;
_/mmedicapp  https://wwwapp.bumc.bu.edu/MedPathway/Program/MMEDIC/ ;
_/mobile-life-workshop https://www.bu.edu/com/2012/12/03/call-for-papers-living-inside-mobile-social-information/ ;
_/modern-med https://sites.bu.edu/modern-med/ ;
_/moreinfo https://www.bu.edu/mbainfo/?utm_source=metro&utm_medium=super%20masthead&utm_content=more%20info&utm_campaign=mba ;
_/msba https://www.bu.edu/questrom/ms-in-business-analytics/ ;
_/msmf https://www.bu.edu/questrom/degree-programs/ms-in-mathematical-finance/ ;
_/msmft https://www.bu.edu/questrom/degree-programs/ms-in-mathematical-finance/ ;
_/msms https://www.bu.edu/questrom/degree-programs/ms-in-management-studies/ ;
_/ms-in-management https://www.bu.edu/questrom/degree-programs/ms-in-management-studies/ ;
_/mvp https://www.ihoptimize.org/ ;
_/myaccount https://iam-identity.bu.edu/identityiq/external/registration.jsf#/register ;
_/mybuaccount https://iam-identity.bu.edu/identityiq/external/registration.jsf#/register ;
_/mybuidentity https://iam-identity.bu.edu/identityiq/home.jsf ;
_/mybuphone https://mybuphone.bu.edu/ucmuser/ ;
_/mybustudent  https://mybustudent.bu.edu/ ;
_/mybuworks https://pgw.buw.bu.edu/sap/bc/ui5_ui5/ui2/ushell/shells/abap/FioriLaunchpad.html ;
_/mybuworks-sandbox https://sgw.buw.bu.edu/ ;
_/mycv https://www.bu.edu/provost/faculty-affairs/my-cv/ ;
_/myfinancialaid https://www.bu.edu/link/bin/uiscgi_studentlink.pl/1622734999?applpath=fin_aid_awards_summary.pl&YearPart=2022A&GoLoc=fin_aid_questions.pl ;
_/mygift https://trusted.bu.edu/s/1759/2-bu/index.aspx?sid=1759&gid=2&pgid=489&cid=1157&appealcode=WEBAGC-MG ;
_/mygradhousing https://bu.starrezhousing.com/StarRezPortalXGrad/ ;
_/myhousing https://bu.starrezhousing.com/StarRezPortalX/ ;
_/myidentity https://iam-identity.bu.edu/identityiq/home.jsf ;
_/myopathy https://www.bumc.bu.edu/myopathy/ ;
_/mypinnaclelogin https://pinnacle.calero.com/bu/AUTH?client_id=PINN_BUP ;
_/myprint https://myprintweb.bu.edu/ ;
_/navyrotc https://www.bu.edu/rotc/navy/ ;
_/nexus https://nexus.bu.edu/ ;
_/niteo https://cpr.bu.edu/wellness-and-recovery-services/cmhp/ ;
_/nonprofitmba https://www.bu.edu/questrom/nonprofitmba/ ;
_/north-campus https://www.bu.edu/questrom/pemba/?utm_source=pemba_fact_sheet&utm_medium=print&utm_campaign=north-campus ;
_/northmba https://www.bu.edu/questrom/pemba/?utm_source=LRTA&utm_medium=Bus%20Posters&utm_content=MBAnorth&utm_campaign=PEMBA%20Because ;
_/npl https://sites.bu.edu/guentherlab/ ;
_/nrotc https://www.bu.edu/rotc/navy/ ;
_/nycgala http://bostonu.imodules.com/s/1759/2-bu/2col.aspx?sid=1759&gid=2&pgid=3646&content_id=3761 ;
_/obgyn https://www.bmc.org/department-obstetrics-and-gynecology ;
_/ocn https://sites.bu.edu/ocn/ ;
_/ocs https://www.bu.edu/meetatbu/ ;
_/odsreunionsurvey https://wwwru.bumc.bu.edu/odsreunionsurvey/ ;
_/offcampus https://offcampus.bu.edu/ ;
_/office365 https://portal.office.com/ ;
_/offices https://www.bu.edu/about/admin/ ;
_/onlinemba https://www.bu.edu/questrom/degree-programs/online-mba/ ;
_/openaccess https://www.bu.edu/library/digital-ventures/ ;
_/opendoors https://trusted.bu.edu/s/1759/22/form.aspx?sid=1759&gid=2&pgid=456&cid=1110&appealcode=23DAMAPQRV&utm_medium=postcard&utm_source=link&utm_campaign=print_bualumni&utm_term=give&utm_content=opening_doors_give ;
_/opg http://bulegacy.org/ ;
_/orcid https://sites.bu.edu/orcid/ ;
_/orientation https://www.bu.edu/undergradorientation/ ;
_/orientation2021 https://www.bu.edu/undergradorientation/ ;
_/orpm https://www.bu.edu/realestate/ ;
_/ortho https://www.bu.edu/dental/academics/departments/ortho/ ;
_/osp https://www.bu.edu/research/funding-grants/ ;
_/osf https://osf.io/institutions/bu/ ;
_/ot https://www.bu.edu/sargent/academics/departments-programs/occupational-therapy/ ;
_/otd https://www.bu.edu/research/collaboration-partnership/otd/ ;
_/p2pguide http://vpfa-server18.bu.edu/helpconsole/BU%20Procure-to-Pay%20Guide/Static/getting_started.htm ;
_/paadmissions https://MyPA-Application.bumc.bu.edu ;
_/par23 https://trusted.bu.edu/s/1759/22/form.aspx?sid=1759&gid=2&pgid=412&cid=1044&dids=1&bledit=1&amount=100&appealcode=23GSPURL ;
_/pardee24 https://trusted.bu.edu/s/1759/2-bu/giving/interior.aspx?sid=1759&gid=2&pgid=5609&cid=10116&appealcode=24DAMAURL&utm_medium=appeal&utm_source=link&utm_campaign=print_bualumni&utm_term=give&utm_content=Pardee_vanity_url ;
_/paris https://www.bu.edu/abroad/find/?location=538 ;
_/parentfund https://trusted.bu.edu/s/1759/2-bu/index.aspx?sid=1759&gid=2&pgid=444&cid=1092&appealcode=WEBAGC-PF ;
_/parentgifts https://trusted.bu.edu/s/1759/2-bu/index.aspx?sid=1759&gid=2&pgid=444&cid=1092&appealcode=WEBAGC-PG ;
_/parents https://www.bu.edu/parentsprogram/ ;
_/parentsupport https://trusted.bu.edu/s/1759/2-bu/index.aspx?sid=1759&gid=2&pgid=444&cid=1092&appealcode=WEBAGC-PS ;
_/parentsweekend https://www.bu.edu/parentsprogram/ ;
_/parfund http://bostonu.imodules.com/s/1759/2-bu/2col.aspx?sid=1759&pgid=1744&gid=2&cid=3305&ecid=3305&post_id=0 ;
_/parking https://www.bu.edu/transportation/crc-parking/ ;
_/parkstreet https://www.bu.edu/questrom/pemba/?utm_source=parkstreet&utm_medium=number1eveningmba&utm_campaign=aug2012 ;
_/parttimefaculty https://www.bu.edu/provost/faculty-affairs/ ;
_/part-time-mba https://www.bu.edu/questrom/degree-programs/part-time-mba/ ;
_/patientconnect https://www.bu.edu/shs/patientconnect ;
_/payment https://www.bu.edu/link/bin/uiscgi_student_account_payment_third_party.pl ;
_/paymyrent https://www.bu.edu/link/bin/uiscgi_student_account_payment_third_party.pl?ModuleName=grad_housing_payment.pl ;
_/pemba https://www.bu.edu/mbainfo/professional-evening-mba/ ;
_/pemba-essays https://www.bu.edu/questrom/admissions/graduate-programs/part-time-mba/admissions-checklist/ ;
_/pemba-part-time https://www.bu.edu/mbainfo/professional-evening-mba/ ;
_/perd https://www.bu.edu/fitrec/ ;
_/personnel https://www.bu.edu/hr/ ;
_/photo https://www.bu.edu/marcom/our-expertise/photo-video/photo/ ;
_/photo/commencement https://www.bu.edu/marcom/projects/commencement/ ;
_/photo/request https://www.bu.edu/marcom/start-a-project/ ;
_/phpbin/cashier-admin https://www.bu.edu/phpbin/marconi/reconcile/ ;
_/phpbin/change-entry https://www.bu.edu/myidentity ;
_/phpbin/directory https://www.bu.edu/directory/ ;
_/phpbin/ear https://www.bu.edu/provost/faculty-affairs/my-cv/external-activity-report-ear/ ;
_/phpbin/emailforwarding https://www.bu.edu/myidentity ;
_/pin https://www.bu.edu/neuro/pin/ ;
_/plan2030 https://www.bu.edu/plan2020/ ;
_/plannedgiving http://bulegacy.org ;
_/platform https://www.bu.edu/executive-courses/platform-strategies/ ;
_/pledges https://trusted.bu.edu/s/1759/2-bu/giving/interior.aspx?sid=1759&gid=2&pgid=428&cid=1069&appealcode=WEBAGC-TLEM ;
_/pm https://choosemet.bu.edu/project-management-graduate-programs/ ;
_/pocketmba https://questromworld.bu.edu/elc/open-enrollment/the-pocket-mba-programs/ ;
_/postdocs https://www.bu.edu/pdpa/postdocs/ ;
_/premed https://www.bu.edu/prehealth/ ;
_/presidentsearch https://www.bu.edu/president/ ;
_/printcenter https://www.bu.edu/marcom/work-with-us/recommended-printers/bu-stationery/ ;
_/proarte https://www.proarte.org/ ;
_/procurement https://www.bu.edu/sourcing/ ;
_/project-inclusive https://www.bu.edu/dbin/project-inclusive/ ;
_/proudtobu https://www.bu.edu/alumni/news/proud-to-bu-podcast/ ;
_/prudential https://www.bu.edu/questrom/pemba/?utm_source=mbta&utm_medium=prudential&utm_campaign=mbta_prudential ;
_/psp https://www.bu.edu/amnesp/ ;
_/ptc https://www.bu.edu/rehab/ ;
_/publichealthworkforce https://sites.bu.edu/nephtc/ ;
_/purchasing https://www.bu.edu/sourcing/ ;
_/qsb https://www.bu.edu/questrom/ ;
_/qst https://www.bu.edu/questrom/ ;
_/qualtrics https://bostonu.qualtrics.com ;
_/questrom-phd https://www.bu.edu/questrom/degree-programs/phd-program/ ;
_/questrom24 https://trusted.bu.edu/s/1759/2-bu/giving/interior.aspx?sid=1759&gid=2&pgid=654&cid=1470&appealcode=24DAMAURL&utm_medium=appeal&utm_source=link&utm_campaign=print_bualumni&utm_term=give&utm_content=Questrom_vanity_url ;
_/questrom24student https://trusted.bu.edu/s/1759/22/form.aspx?sid=1759&gid=2&pgid=654&cid=1470&appealcode=24WSMQUESTROMURL&utm_medium=appeal&utm_source=link&utm_campaign=print_bualumni&utm_term=give&utm_content=Winter_Student_QUESTROM ;
_/questromcareerlink https://bu.joinhandshake.com/login ;
_/questromeval http://questromapps.bu.edu/courseevalreports/CourseEval.html ;
_/questromgifts https://trusted.bu.edu/s/1759/2-bu/giving/interior.aspx?sid=1759&gid=2&pgid=654&cid=1470&appealcode=23DA2M ;
_/rastic https://www.bu.edu/eng/academics/teaching-and-innovation/robotics-autonomous-systems-teaching-innovation-center/ ;
_/rayleigh https://search.bu.edu/ ;
_/rctfund https://trusted.bu.edu/s/1759/2-bu/giving/interior.aspx?sid=1759&gid=2&pgid=1333&cid=2638&dids=470&bledit=1&appealcode=WEBSTH ;
_/recognizes http://www.bu.edu/alumni/giving/donors/ ;
_/reg/validate https://www.bu.edu/phpbin/cecredential/validate/ ;
_/regionalization https://www.mass.gov/service-details/public-health-shared-services ;
_/registrar https://www.bu.edu/reg/ ;
_/remotehelp http://ist-simplehelp.bu.edu/ ;
_/reply https://onebu.tfaforms.net/forms/view/217873 ;
_/research-compliance https://www.bu.edu/research/compliance ;
_/researchsupport https://www.bu.edu/research/ ;
_/resources https://www.bu.edu/tech/services/admin/the-links/ ;
_/rhett-talks https://www.bu.edu/dos/rhett-talks/ ;
_/risk https://www.bu.edu/cfo/risk-management/ ;
_/robotics-lp https://engineering.bu.edu/robotics-lp/ ;
_/rosenbergarchive http://hgar-srv3.bu.edu/web/rosenberg-archive/ ;
_/rsvp https://sites.bu.edu/ ;
_/rural-ancillary-portal https://wwwapp.bumc.bu.edu/RuralStudyApp ;
_/saa https://www.bu.edu/alumni/ ;
_/safe https://www.bu.edu/police/safetyoncampus/safe/ ;
_/sail https://sail.bu.edu/ ;
_/sao https://www.bu.edu/studentactivities/ ;
_/sargent24 https://trusted.bu.edu/s/1759/2-bu/giving/interior.aspx?sid=1759&gid=2&pgid=3855&cid=7177&appealcode=24DAMAURL&utm_medium=appeal&utm_source=link&utm_campaign=print_bualumni&utm_term=give&utm_content=Sargent_vanity_url ;
_/sarp https://www.bu.edu/shs/sarp/ ;
_/sccc https://www.bu.edu/sargent/centers/clinical ;
_/scholarshipimpact https://www.bu.edu/alumni/giving/impact/ ;
_/scholarships https://trusted.bu.edu/s/1759/2-bu/giving/landing.aspx?sid=1759&gid=2&pgid=455&content_id=90&appealcode=FY21_FYE_Appeal_Email ;
_/scholarships24 https://trusted.bu.edu/s/1759/22/form.aspx?sid=1759&gid=2&pgid=412&cid=1044&dids=3&bledit=1&appealcode=24BOSSCHOLARURL&utm_medium=bostonia&utm_source=link&utm_campaign=print_bualumni&utm_term=give&utm_content=Bostonia_Scholarships_vanity_url_give ;
_/schoolofeducation https://www.bu.edu/wheelock/ ;
_/schools https://www.bu.edu/academics/ ;
_/schroeter https://www.bu.edu/com/special/schroeter/ ;
_/sci https://www.bu.edu/nerscic/ ;
_/scnutrition https://www.bu.edu/scnc/ ;
_/scv http://scv.bu.edu/ ;
_/sdb-osa-eval https://bostonu.qualtrics.com/jfe/form/SV_1YyyONYpsh6pPbT? ;
_/sdm24 https://trusted.bu.edu/s/1759/2-bu/giving/interior.aspx?sid=1759&gid=2&pgid=436&cid=1080&appealcode=24DAMAURL&utm_medium=appeal&utm_source=link&utm_campaign=print_bualumni&utm_term=give&utm_content=SDM_vanity_url ;
_/sdo https://www.bu.edu/diversity-officer/ ;
_/search https://search.bu.edu/ ;
_/search/coursedescriptions https://www.bu.edu/phpbin/course-search/ ;
_/seniors https://www.bu.edu/dos/senior-events/ ;
_/session https://www.bu.edu/emba/?utm_source=wbz&utm_medium=radio&utm_content=june%2025&utm_campaign=emba%202014 ;
_/sha https://www.bu.edu/hospitality/ ;
_/sha24 https://trusted.bu.edu/s/1759/2-bu/giving/interior.aspx?sid=1759&gid=2&pgid=440&cid=1086&appealcode=24DAMAURL&utm_medium=appeal&utm_source=link&utm_campaign=print_bualumni&utm_term=give&utm_content=SHA_vanity_url ;
_/shawcenter https://trusted.bu.edu/s/1759/2-bu/giving/interior.aspx?sid=1759&gid=2&pgid=1333&cid=2638&dids=364&appealcode=WEBSTH&bledit=1 ;
_/shsmobile https://shsmobile.bu.edu ;
_/sisrenewal https://sites.bu.edu/sisrenewal/ ;
_/siteimprove https://my2.siteimprove.com/Auth/Saml2/21175?v=2 ;
_/sites https://www.bu.edu/tech/services/cccs/websites/sites/ ;
_/slef https://trusted.bu.edu/s/1759/2-bu/giving/interior.aspx?sid=1759&gid=2&pgid=8692&cid=16547&dids=4&bledit=1&appealcode=20SLF-DM ;
_/smartmoney101 https://www.bu.edu/smartmoney/ ;
_/smg https://www.bu.edu/questrom/ ;
_/smg-event https://www.bu.edu/questrom/event/investment-products/?utm_source=NYC%2Bpanel%2Bdiscussion%2Bevent&utm_medium=Direct%2Bmail&utm_campaign=Structured%2BInvestment%2BProducts%2Bfor%2BConsumers ;
_/smg100 https://www.bu.edu/questrom/ ;
_/smgalum https://www.bu.edu/questrom/alumni/ ;
_/snl https://www.bu.edu/ise/ ;
_/software https://www.bu.edu/tech/services/cccs/desktop/distribution/ ;
_/south https://www.bu.edu/questrom/pemba/?utm_source=southstation&utm_medium=number1eveningmba&utm_campaign=aug2012 ;
_/southfloridacelebratesbu https://secure-alumni.bu.edu/olc/pub/BUAR/event/showEventForm.jsp?form_id=195821 ;
_/space http://space.bu.edu/ ;
_/speccol https://www.bu.edu/library/gotlieb-center/ ;
_/specialdonation https://trusted.bu.edu/s/1759/2-bu/giving.aspx?sid=1759&gid=2&pgid=412&cid=1044&dids=192&appealcode=WEBAGC ;
_/speechlab https://sites.bu.edu/guentherlab/ ;
_/sph24 https://trusted.bu.edu/s/1759/22/form.aspx?sid=1759&gid=2&pgid=497&cid=1170&appealcode=24DAMAURL&utm_medium=appeal&utm_source=link&utm_campaign=print_bualumni&utm_term=give&utm_content=SPH_vanity_url ;
_/sph40th https://trusted.bu.edu/s/1759/2-bu/giving.aspx?sid=1759&gid=2&pgid=497&cid=1170&appealcode=WEBSPH-40 ;
_/sphgiving https://trusted.bu.edu/s/1759/2-bu/giving/interior.aspx?sid=1759&gid=2&pgid=497&cid=1170&appealcode=WEBSPH ;
_/spring1839 https://trusted.bu.edu/s/1759/22/form.aspx?sid=1759&gid=2&pgid=470&cid=1130&appealcode=24ETNSSPMURL&utm_medium=appeal&utm_source=link&utm_campaign=print_bualumni&utm_term=give&utm_content=1839_spring_URL ;
_/ssw24 https://trusted.bu.edu/s/1759/2-bu/giving/interior.aspx?sid=1759&gid=2&pgid=464&cid=1122&appealcode=24DAMAURL&utm_medium=appeal&utm_source=link&utm_campaign=print_bualumni&utm_term=give&utm_content=SSW_vanity_url ;
_/sswemergencyfund https://trusted.bu.edu/s/1759/2-bu/giving/interior.aspx?sid=1759&gid=2&pgid=464&cid=1122&dids=559&bledit=1&appealcode=WEBSSW ;
_/startup https://questromworld.bu.edu/elc/open-enrollment/entrepreneurial-programs ;
_/state https://www.bu.edu/questrom/pemba/?utm_source=mbta&utm_medium=state&utm_campaign=mbta_state ;
_/stay http://stay.bu.edu ;
_/stay-test http://stay-test.bu.edu ;
_/sth24 https://trusted.bu.edu/s/1759/2-bu/giving/interior.aspx?sid=1759&gid=2&pgid=1333&cid=2638&appealcode=24DAMAURL&utm_medium=appeal&utm_source=link&utm_campaign=print_bualumni&utm_term=give&utm_content=STH_vanity_url ;
_/sthfund https://trusted.bu.edu/s/1759/2-bu/giving/interior.aspx?sid=1759&gid=2&pgid=1333&cid=2638&dids=543&bledit=1&appealcode=WEBSTH ;
_/strategic-plan-taskforce https://www.bu.edu/plan2020/ ;
_/streambu https://www.bu.edu/alumni/events-landing/streambu/ ;
_/student https://student.bu.edu/ ;
_/student-health-services https://www.bu.edu/shs/ ;
_/studentgiving https://givingday.bu.edu/pages/student-life ;
_/students https://student.bu.edu/ ;
_/study http://study.bu.edu/ ;
_/studyfinder http://wwwapp1.bumc.bu.edu/DOM/studyfinder/ ;
_/studyspace https://wwwapp.bumc.bu.edu/studentroomscheduling ;
_/summerinternhousing https://www.bu.edu/housing/summer/internship-housing/ ;
_/summerterm https://www.bu.edu/summer/ ;
_/supplier https://www.bu.edu/sourcing/sell2bu/ ;
_/suppliers https://www.bu.edu/sourcing/sell2bu/ ;
_/support24 https://trusted.bu.edu/s/1759/22/form.aspx?sid=1759&gid=2&pgid=412&cid=1044&appealcode=24SIMURL&utm_medium=appeal&utm_source=link&utm_campaign=print_bualumni&utm_term=give&utm_content=summer_invoice_2024_give ;
_/supportanatomylab http://trusted.bu.edu/s/1759/2-bu/giving.aspx?sid=1759&gid=2&pgid=422&cid=1060&dids=264&appealcode=WEBMED-DV&bledit=1 ;
_/supportaphasiacenter https://trusted.bu.edu/s/1759/2-bu/giving.aspx?sid=1759&gid=2&pgid=412&cid=1044&dids=263&appealcode=WEBAGC&bledit=1 ;
_/supportbu https://trusted.bu.edu/s/1759/2-bu/index.aspx?sid=1759&gid=2&pgid=513&cid=1195&appealcode=WEBAGC-SB ;
_/supportbusm https://trusted.bu.edu/s/1759/2-bu/giving.aspx?sid=1759&gid=2&pgid=422&cid=1060&appealcode=WEBMED-DV ;
_/supportclubsports https://givingday.bu.edu/pages/club-sports ;
_/supportclubsports2023 https://givingday.bu.edu/pages/club-sports/?appeal_id=63dbb0d97c72e120446e6f2b ;
_/supportclubsports2024 https://givingday.bu.edu/pages/club-sports/?appeal_id=65bbcd00eccd5c25aa3c9dd2&utm_medium=postcard&utm_source=link&utm_campaign=print_bualumni&utm_term=give&utm_content=FY24_giving_day_club_sports_postcard ;
_/supportfall24 https://trusted.bu.edu/s/1759/2-bu/giving/interior.aspx?sid=1759&gid=2&pgid=468&cid=1127&appealcode=24FIMURL&utm_medium=appeal&utm_source=link&utm_campaign=print_bualumni&utm_term=give&utm_content=Fall_Invoice_Gen ;
_/supportingbusm https://www.bumc.bu.edu/camed/giving/ ;
_/supportneidl https://trusted.bu.edu/s/1759/2-bu/giving/interior.aspx?sid=1759&gid=2&pgid=422&cid=1060&dids=553&bledit=1&appealcode=WEBMED-DV ;
_/supportoshinsfund https://trusted.bu.edu/s/1759/2-bu/giving/interior.aspx?sid=1759&gid=2&pgid=440&cid=1086&dids=552&bledit=1&appealcode=WEBSHA ;
_/supportpmh https://trusted.bu.edu/s/1759/2-bu/index.aspx?sid=1759&gid=2&pgid=491&cid=1161&dids=177&appealcode=WEBSPH-MH ;
_/supportquestrom https://trusted.bu.edu/s/1759/2-bu/giving.aspx?sid=1759&gid=2&pgid=654&cid=1470&appealcode=WEBQUESTROM ;
_/supportrotc https://trusted.bu.edu/s/1759/2-bu/index.aspx?sid=1759&gid=2&pgid=450&cid=1100&appealcode=WEBAGC-RO ;
_/supportwinter24 https://trusted.bu.edu/s/1759/22/form.aspx?sid=1759&gid=2&pgid=454&cid=1107&appealcode=24WIMURL&utm_medium=appeal&utm_source=link&utm_campaign=print_bualumni&utm_term=give&utm_content=Winter_Invoice_Gen ;
_/symposium https://trusted.bu.edu/s/1759/2-bu/19/1col.aspx?sid=1759&gid=2&pgid=10544&content_id=12210 ;
_/systems https://www.bu.edu/cise/ ;
_/tanglewood https://www.bu.edu/cfa/music/tanglewood/ ;
_/tcp https://www.bu.edu/link/shortcut/tcp/ ;
_/tech/tickets https://bu.service-now.com/sp ;
_/techconnect https://questromworld.bu.edu/techconnect ;
_/techweb https://www.bu.edu/tech/ ;
_/telefund https://www.bu.edu/alumni/contact/work-at-bu/telefund/ ;
_/terriercard https://www.bu.edu/housing/services/terriercards/ ;
_/terrierconnection https://www.bu.edu/alumni/ ;
_/terriermarketplace http://vpfa-server18.bu.edu/helpconsole/BU%20Procure-to-Pay%20Guide/Static/the_terrier_marketplace.htm ;
_/testprep https://www.bu.edu/met/ ;
_/thebus https://www.bu.edu/transportation/ ;
_/thehive http://bu.startuptree.co ;
_/theology https://www.bu.edu/sth/ ;
_/thomasmenino http://hgar-srv3.bu.edu/web/thomas-menino ;
_/thurmanarchives http://hgar-srv3.bu.edu/web/howard-thurman/home ;
_/totenbergchallenge https://crowdfunding.bu.edu/campaigns/roman-and-melanie-totenberg-string-scholarship-challenge#/?appeal_id=61322d0db86cfd45bc23fe3f ;
_/track http://www.goterriers.com/ ;
_/training http://www.example.com/ ;
_/transfer https://www.bu.edu/admissions/apply/transfer/ ;
_/travel https://www.bu.edu/travelservices/ ;
_/travelregistry https://www.bu.edu/globalprograms/manage/international-travel/international-travel-registry/ ;
_/ts https://www.bu.edu/advising/for-students/transfer-students/ ;
_/turnitin https://www.bu.edu/tech/services/teaching/assessment/grading-support-tools/turnitin/ ;
_/tv https://www.bu.edu/met/ ;
_/uhc https://www.bu.edu/khc/ ;
_/update https://www.bu.edu/alumni/contact/update-info/ ;
_/ur https://www.bu.edu/marcom/ ;
_/ur/marketing https://www.bu.edu/omc/strategic/marketing/ ;
_/urc https://www.bu.edu/erc/ ;
_/video https://www.bu.edu/online/ ;
_/vip https://vip.bu.edu/ ;
_/vision2030bh https://trusted.bu.edu/s/1759/2-bu/19/1col.aspx?sid=1759&gid=2&pgid=12482&content_id=14500 ;
_/vision2030la https://trusted.bu.edu/s/1759/2-bu/19/1col.aspx?sid=1759&gid=2&pgid=12086&content_id=14195 ;
_/vision2030nyc https://trusted.bu.edu/s/1759/2-bu/19/1col.aspx?sid=1759&gid=2&pgid=11781&content_id=13939 ;
_/vision2030pb https://trusted.bu.edu/s/1759/2-bu/19/1col.aspx?sid=1759&gid=2&pgid=12425&content_id=14449 ;
_/vision2030sf https://trusted.bu.edu/s/1759/2-bu/19/1col.aspx?sid=1759&gid=2&pgid=12083&content_id=14193 ;
_/visionboston https://trusted.bu.edu/s/1759/2-bu/19/1col.aspx?sid=1759&gid=2&pgid=12706&content_id=14676 ;
_/vista http://vista.bu.edu ;
_/washingtoncelebratesbu http://bostonu.imodules.com/s/1759/2-bu/2col.aspx?sid=1759&gid=2&pgid=964&content_id=691 ;
_/washintern https://www.bu.edu/abroad/programs/washington-dc-internship-program/ ;
_/webcentral https://www.bu.edu/webteam/ ;
_/webticket https://bu.service-now.com/sp?id=sc_category&sys_id=9498a5951b226490b068ed70604bcb64&catalog_id=-1&spa=1 ;
_/wellbeingproject https://www.bu.edu/studentwellbeing/ ;
_/wellbeingproject/events https://www.bu.edu/provost/wellbeingproject/wellbeing-project-events ;
_/wft24 https://trusted.bu.edu/s/1759/22/form.aspx?sid=1759&gid=2&pgid=3853&cid=7172&dids=436&appealcode=24DAMAURL&utm_medium=appeal&utm_source=link&utm_campaign=print_bualumni&utm_term=give&utm_content=WFT_vanity_url ;
_/whatsnew https://www.bu.edu/today/ ;
_/wheelock24 https://trusted.bu.edu/s/1759/2-bu/giving/interior.aspx?sid=1759&gid=2&pgid=2505&cid=4460&appealcode=24DAMAURL&utm_medium=appeal&utm_source=link&utm_campaign=print_bualumni&utm_term=give&utm_content=Wheelock_vanity_url ;
_/wheelockfamilytheatre https://trusted.bu.edu/s/1759/2-bu/giving/interior.aspx?sid=1759&gid=2&pgid=412&cid=1044&dids=436&appealcode=WEBAGC&bledit=1 ;
_/wheelocksocial https://visitstore.bio/buwheelock ;
_/wilsonwonglab https://wilsonwonglab.org/ ;
_/wine https://www.bu.edu/foodandwine/wine-programs/ ;
_/winter2024 https://trusted.bu.edu/s/1759/2-bu/giving/interior.aspx?sid=1759&gid=2&pgid=454&cid=1107&appealcode=24STATEMURL&utm_medium=appeal&utm_source=appeal&utm_campaign=print_bualumni&utm_term=give&utm_content=Winter_Statement ;
_/winterfest https://www.bu.edu/alumni/events/ ;
_/wireless https://www.bu.edu/tech/services/infrastructure/networks/wireless/ ;
_/wise https://www.bu.edu/arrows/ ;
_/womenspolo https://blogs.bu.edu/h2opolo/ ;
_/wordpress https://www.bu.edu/tech/services/cccs/websites/www/wordpress/ ;
_/wp-security https://www.bu.edu/tech/services/cccs/websites/www/wordpress/access-restriction/wp-security-summary/ ;
_/wtennis2024 https://trusted.bu.edu/s/1759/22/form.aspx?sid=1759&gid=2&pgid=410&cid=1042&dids=62&appealcode=24GDPATHWTMURL&utm_medium=appeal&utm_source=link&utm_campaign=print_bualumni&utm_term=give&utm_content=FY24_giving_day_womens_tennis_url ;
_/xcc-faculty https://www.bu.edu/xcc/get-involved/faculty/ ;
_/youdo https://bu.campuslabs.com/engage/ ;
_/yourbusm https://www.bumc.bu.edu/busm/alumni/ ;
_/yourgift https://trusted.bu.edu/s/1759/2-bu/index.aspx?sid=1759&gid=2&pgid=428&cid=1069&appealcode=WEBAGC-TL ;
_/yourimpact https://trusted.bu.edu/s/1759/2-bu/index.aspx?sid=1759&gid=2&pgid=456&cid=1110&appealcode=WEBAGC-YI ;
_/zerowasteplan https://www.bu.edu/sustainability/projects/zero-waste-plan/ ;

# Custom Domains
activistlab.bu.edu https://www.bu.edu/sph/practice/activist-lab/ ;
additiveassemblylab.bu.edu http://www.jwilliamboley.com/ ;
aging.bu.edu https://sites.bu.edu/bu-cares/ ;
agni.bu.edu https://agnionline.bu.edu/ ;
albase.bumc.bu.edu https://wwwapp.bumc.bu.edu/BEDAC_ALBase/ ;
alumni.bu.edu https://www.bu.edu/alumni/ ;
archives.bu.edu https://www.bu.edu/library/gotlieb-center/ ;
archives.bu.edu/researchers https://www.bu.edu/library/gotlieb-center/research/ ;
archives.bu.edu/rules-for-access-and-use https://www.bu.edu/library/gotlieb-center/rules-for-access-and-use/ ;
archives.bu.edu/collections/contemporary https://www.bu.edu/library/gotlieb-center/collections/ ;
archives.bu.edu/collections/historical https://www.bu.edu/library/gotlieb-center/collections/ ;
archives.bu.edu/collections/nursing https://www.bu.edu/library/gotlieb-center/collections/ ;
archives.bu.edu/collections/rare-books https://www.bu.edu/library/gotlieb-center/collections/ ;
archives.bu.edu/collections/overview https://www.bu.edu/library/gotlieb-center/collections/ ;
archives.bu.edu/collections/bu https://www.bu.edu/library/gotlieb-center/collections/ ;
archives.bu.edu/collections/digital-content https://www.bu.edu/library/gotlieb-center/collections/ ;
archives.bu.edu/collections/notable-figures https://www.bu.edu/library/gotlieb-center/ ;
archives.bu.edu/collections/subjects https://www.bu.edu/library/gotlieb-center/ ;
archives.bu.edu/exhibitions/current https://www.bu.edu/library/gotlieb-center/ ;
archives.bu.edu/exhibitions/past https://www.bu.edu/library/gotlieb-center/ ;
archives.bu.edu/events/current https://www.bu.edu/library/gotlieb-center/ ;
archives.bu.edu/events/past https://www.bu.edu/library/gotlieb-center/ ;
archives.bu.edu/videos https://www.bu.edu/library/gotlieb-center/ ;
archives.bu.edu/support https://www.bu.edu/library/gotlieb-center/ ;
archives.bu.edu/about https://www.bu.edu/library/gotlieb-center/about/ ;
archives.bu.edu/web/alistair-cooke/ https://www.bu.edu/library/gotlieb-center/collections/alistair-cooke/ ;
archives.bu.edu/collections/partisan-review/ https://www.bu.edu/library/gotlieb-center/collections/partisan-review/ ;
archives.bu.edu/web/howard-thurman https://www.bu.edu/library/gotlieb-center/collections/thurman/ ;
archives.bu.edu/web/thomas-menino https://www.bu.edu/library/gotlieb-center/ ;
archives.bu.edu/web/elie-wiesel/ https://www.bu.edu/library/gotlieb-center/collections/elie-wiesel/ ;
archives.bu.edu/web/florence-nightingale/ https://www.bu.edu/library/gotlieb-center/ ;
archives.bu.edu/web/dan-rather/ https://www.bu.edu/library/gotlieb-center/collections/dan-rather/ ;
archives.bu.edu/web/rosenberg-archive/ https://www.bu.edu/library/gotlieb-center/collections/rosenberg/ ;
arteducation.bu.edu https://www.bu.edu/cfa/ppc6 ;
arteducationonline.bu.edu https://www.bu.edu/cfa/online ;
arts.bu.edu https://www.bu.edu/arts/ ;
bachelorcompletiononline.bu.edu https://www.bu.edu/online/programs/undergraduate-program/undergraduate-degree-completion-program/ ;
barbagroup.bu.edu https://lorenabarba.com ;
bbec.bu.edu https://crm30656p.sky.blackbaud.com/30656p/webui/webshellpage.aspx?databasename=30656p# ;
biochem.bumc.bu.edu https://www.bumc.bu.edu/biochemcellbio/ ;
bioinformatics.bu.edu https://www.bu.edu/bioinformatics/ ;
biomicroscopy.bu.edu https://sites.bu.edu/biomicroscopy/ ;
biophysics.bumc.bu.edu https://www.bumc.bu.edu/ppb/ ;
blogs.bu.edu/buasm https://sites.bu.edu/msegsa/news/ ;
blogs.bu.edu/kmccall https://sites.bu.edu/mccall-lab/ ;
blogs.bu.edu/vschmidt https://www.vivienaschmidt.com/ ;
bmerc-www.bu.edu https://www.bu.edu/bmerc/ ;
bmerc.bu.edu https://www.bu.edu/bmerc/ ;
bumc.bu.edu https://www.bumc.bu.edu ;
buworkshelp.bu.edu https://prw.buw.bu.edu/gm/workplace ;
cashelp.bu.edu https://www.bu.edu/casit/ ;
chemed.bu.edu https://www.bu.edu/chemed/ ;
chinaafricaloandata.bu.edu https://www.bu.edu/gdp/chinese-loans-to-africa-database/ ;
ciopocketmba.bu.edu https://www.bu.edu/questrom/executive-education ;
cisonline.bu.edu https://www.bu.edu/dbin/met/landing-pages/?page=computerscience ;
cjdegreeonline.bu.edu https://www.bu.edu/dbin/met/landing-pages/?page=criminal-justice-programs ;
cmd.bu.edu https://www.bu.edu/cmd/ ;
cmld.bu.edu https://www.bu.edu/cmd/ ;
cnl.bu.edu https://sites.bu.edu/cnl/ ;
cnsb.bu.edu https://www.bumc.bu.edu/camed/research/cores/proteomics/ ;
coi.bu.edu https://appnet.bu.edu/coi/ ;
csmet.bu.edu https://www.bu.edu/csmet/ ;
ctsi.bu.edu https://www.bu.edu/ctsi/ ;
dental.bu.edu https://www.bu.edu/dental/ ;
dentalschool.bu.edu https://www.bu.edu/dental/ ;
digilib.bu.edu https://sth-archon.bu.edu/ ;
digilib.bu.edu/mission https://www.bu.edu/missiology/ ;
digilib.bu.edu/russianmethodism https://sth-archon.bu.edu/russianmethodismarchive ;
digilib.bu.edu/sth/massbibles https://sth-archon.bu.edu/massbibles ;
digital.bu.edu https://www.bu.edu/dli/ ;
dmca.bu.edu https://www.bu.edu/dbin/dmca/ ;
ece.bu.edu https://www.bu.edu/eng/departments/ece/ ;
ece.bu.edu/linkedin https://www.linkedin.com/school/boston-university-dept-of-electrical-computer-engineering ;
education.bu.edu https://www.bu.edu/wheelock/ ;
fitrec.bu.edu https://www.bu.edu/fitrec/ ;
forms.wheelock.edu https://www.bu.edu/wheelock/ ;
fraunhofer.bu.edu https://www.bu.edu/fhcmi/ ;
genchem.bu.edu https://www.bu.edu/genchem ;
geography.bu.edu https://www.bu.edu/earth/ ;
go.bu.edu https://www.bu.edu/ ;
go.bu.edu/BASAlarm https://10.231.7.36 ;
go.bu.edu/BASAlerton http://fmp-vm-ba-a1.ad.bu.edu ;
go.bu.edu/BASDistech https://10.231.7.147 ;
go.bu.edu/BASENE https://10.231.7.58 ;
go.bu.edu/BASEnergy https://10.231.7.55 ;
go.bu.edu/BASJCI https://fmo-vm-ba-jci.bu.edu/ui ;
go.bu.edu/BASSE https://10.231.7.132 ;
go.bu.edu/STH https://www.bu.edu/sth/?utm_source=Salvation%20Army&utm_medium=print&utm_campaign=BUSTH%20SA%20Ad ;
go.bu.edu/WIESEL https://bostonu.imodules.com/s/1759/2-bu/alumniWeekend/interior.aspx?sid=1759&gid=2&pgid=3716&content_id=3834 ;
go.bu.edu/admissions/advanced-credit https://www.bu.edu/admissions/apply/faqs-helpful-forms/advanced-credit/?go=true ;
go.bu.edu/admissions/crediteval https://www.bu.edu/admissions/apply/transfer/credit/?go=true ;
go.bu.edu/admissions/international https://www.bu.edu/admissions/apply/international/?go=true ;
go.bu.edu/admissions/majors https://www.bu.edu/admissions/why-bu/academics/majors/?go=true ;
go.bu.edu/admissions/scholarships https://www.bu.edu/admissions/tuition-aid/scholarships-financial-aid/first-year-merit/?go=true ;
go.bu.edu/admissions/secondary-school-credentials https://www.bu.edu/admissions/apply/international/school-credentials/?go=true ;
go.bu.edu/admissions/transfer https://www.bu.edu/admissions/apply/transfer/?go=true ;
go.bu.edu/admissions/transfer-equivalency https://tes.collegesource.com/publicview/TES_publicview01.aspx?rid=f3c0908c-8809-4592-a06a-2ec9c2c3acc8&aid=adbaa968-6ce9-47a6-9b99-43d30cdd2d67 ;
go.bu.edu/admissions/transfer-scholarships https://www.bu.edu/admissions/tuition-aid/scholarships-financial-aid/transfer-merit-scholarships/?go=true ;
go.bu.edu/affordablebu https://www.bu.edu/admissions/tuition-aid/affordable-bu/?go=true ;
go.bu.edu/analjit https://www.bu.edu/everett/summer14/the-life-saver/?go=true ;
go.bu.edu/apply https://www.bu.edu/admissions/apply/?go=true ;
go.bu.edu/ar/webkey2012 https://www.bu.edu/ar/2012/?go=true ;
go.bu.edu/arena https://www.streamtext.net/player?event=BU-Arena ;
go.bu.edu/arts https://www.bu.edu/arts/ ;
go.bu.edu/astley https://www.youtube.com/watch?v=oHg5SJYRHA0 ;
go.bu.edu/atlas https://bu.widencollective.com/dam/collective ;
go.bu.edu/back2bu https://www.bu.edu/chiefhealthoffice/ ;
go.bu.edu/back2bu/categories https://www.bu.edu/chiefhealthoffice/ ;
go.bu.edu/back2bu/posfacstaff https://www.bu.edu/chiefhealthoffice/ ;
go.bu.edu/belong https://www.bu.edu/admissions/why-bu/student-life/community-diversity/?go=true ;
go.bu.edu/bikekit https://appstore.com/bubikeaccidenttoolkit/?go=true ;
go.bu.edu/bme https://www.bu.edu/eng/rankings/bme20/ ;
go.bu.edu/bme15 https://www.bu.edu/eng/rankings/bme15/ ;
go.bu.edu/bme17 https://www.bu.edu/eng/rankings/bme17/ ;
go.bu.edu/bme18 https://www.bu.edu/eng/rankings/bme18/ ;
go.bu.edu/bme19 https://www.bu.edu/eng/rankings/bme19/ ;
go.bu.edu/bostonia/awards https://www.bu.edu/provost/awards-publications/award-opportunities/ ;
go.bu.edu/bostonia/southerland https://www.bu.edu/bostonia/winter-spring16/gift-recognizes-familys-struggle-with-alzheimers/ ;
go.bu.edu/bumc/matchday https://www.bu.edu/buniverse/view/?v=1NDcW81QL ;
go.bu.edu/byrne-pinker https://www.bu.edu/provost/2012/09/07/byrne-pinker/ ;
go.bu.edu/ccds-rsvp https://www.bu.edu/ccds-events/rsvp-thursday-friday/ ;
go.bu.edu/checkin/innsights https://blogs.bu.edu/shacareerinnsights/about-innsights/ ;
go.bu.edu/create https://www.bu.edu/arts/?go=true ;
go.bu.edu/discover https://www.bu.edu/research/our-research/?go=true ;
go.bu.edu/discover/football https://www.bu.edu/discover/football/?go=true ;
go.bu.edu/early-decision https://www.bu.edu/admissions/apply/early-decision/?go=true ;
go.bu.edu/ed https://www.bu.edu/admissions/apply/early-decision/?go=true ;
go.bu.edu/experience https://www.bu.edu/admissions/you-at-bu/ ;
go.bu.edu/explore https://www.bu.edu/abroad/ ;
go.bu.edu/focus/lifelong https://www.bu.edu/sth/community/continuing-education?go=true ;
go.bu.edu/focus/live https://www.bu.edu/sth/news-media/live-streaming/?go=true ;
go.bu.edu/focus/motive https://sth-archon.bu.edu/motive/motive.html?go=true ;
go.bu.edu/frontlinemed https://www.bumc.bu.edu/camed/frontline-medicine/ ;
go.bu.edu/gradopenhouse https://www.bu.edu/provost/graduate-affairs/graduateopenhouse ;
go.bu.edu/grs/applyearth https://www.bu.edu/cas/prospective-students/graduate-admissions/apply/ ;
go.bu.edu/gsu https://www.streamtext.net/player?event=BU-GSU ;
go.bu.edu/gym https://www.streamtext.net/player?event=BU-Gym ;
go.bu.edu/healthcare https://secure-alumni.bu.edu/olc/pub/BUAR/event/showEventForm.jsp?form_id=167483 ;
go.bu.edu/heartstudy https://framinghamheartstudy.org ;
go.bu.edu/invent https://www.bu.edu/innovate/?go=true ;
go.bu.edu/jetblue https://www.bu.edu/buniverse/view/?v=iTBZj1Em&go=true ;
go.bu.edu/join https://www.bu.edu/studentactivities/ ;
go.bu.edu/k12 https://www.bu.edu/eng/about-us/outreach/k-12/ ;
go.bu.edu/libraryconnect https://bostonu.qualtrics.com/jfe/form/SV_3UC0g4GOTTRD1cy ;
go.bu.edu/matric17 https://www.streamtext.net/player?event=CFI-BU ;
go.bu.edu/matric18 https://hricart.1capapp.com/event/buevent ;
go.bu.edu/matric19 https://hricart.1capapp.com/event/buevent ;
go.bu.edu/matric22 https://www.streamtext.net/player?event=BU-Mat ;
go.bu.edu/mse https://www.bu.edu/eng/rankings/mse19/ ;
go.bu.edu/mse19 https://www.bu.edu/eng/rankings/mse19/ ;
go.bu.edu/mtm https://hricart.1capapp.com/event/bumtm ;
go.bu.edu/new-balance https://www.bu.edu/cpo/fmpprojects/maintenance/new-balance-field/live-feed-camera/ ;
go.bu.edu/play https://www.bu.edu/admissions/why-bu/student-life/sports-fitness/ ;
go.bu.edu/research https://www.aau.edu/?go=true ;
go.bu.edu/research/alzheimers https://www.bu.edu/research/magazine/2013/age-and-mind/index.shtml ;
go.bu.edu/research/chemo https://www.bu.edu/research/magazine/2013/dialogues/all-in-the-timing/index.shtml ;
go.bu.edu/research/climate https://www.bu.edu/research/magazine/2012/climate-change/index.shtml ;
go.bu.edu/research/community https://www.bu.edu/research/magazine/2012/considering-community/index.shtml ;
go.bu.edu/research/cte https://www.bu.edu/research/magazine/2013/dialogues/anatomy-of-trauma/index.shtml ;
go.bu.edu/research/higgs https://www.bu.edu/research/magazine/2013/dialogues/index.shtml ;
go.bu.edu/research/highlights https://www.bu.edu/research/magazine/2012/award-winning-faculty/index.shtml ;
go.bu.edu/research/learn https://www.bu.edu/research/magazine/2013/child-development/index.shtml ;
go.bu.edu/research/mag https://www.bu.edu/research/magazine/2013/index.shtml ;
go.bu.edu/research/parajanov https://www.bu.edu/research/magazine/2013/dialogues/filmmaker-artist-lightningrod/index.shtml ;
go.bu.edu/research/pinsky https://www.bu.edu/research/magazine/2013/snapshots/dead-man-walking/index.shtml ;
go.bu.edu/research/snapshots https://www.bu.edu/research/magazine/2013/snapshots/index.shtml ;
go.bu.edu/research/space https://www.bu.edu/research/magazine/2012/snapshots/measuring-the-ionosphere-of-mars/index.shtml ;
go.bu.edu/research/trails https://www.bu.edu/research/magazine/2012/paper-trails/index.shtml ;
go.bu.edu/sabermetrics https://www.bu.edu/webteam/projects/sabermetrics/ ;
go.bu.edu/smgmentor https://www.bu.edu/questrom/alumni/get-involved/?go=true ;
go.bu.edu/solarpanels https://www.bu.edu/everett/summer14/money-does-grow-on-trees/#solar?go=true ;
go.bu.edu/speakup https://www.bu.edu/everett/summer14/speak-up/?go=true ;
go.bu.edu/sthad https://www.bu.edu/sth/academics/degree-programs/doctor-of-ministry/?utm_source=utm_source%3dumccalendar&utm_medium=utm_medium%3dprintad&utm_campaign=umc%20calendar%20ad ;
go.bu.edu/tech/wordpress https://www.bu.edu/tech/services/cccs/websites/www/wordpress/design-options/custom/ ;
go.bu.edu/today/flash-drive-promo https://www.bu.edu/today/series/nearby-neighborhoods/?go=true ;
go.bu.edu/toothresearch https://www.bu.edu/buniverse/view/?v=8q1VJPg ;
go.bu.edu/ttc https://www.streamtext.net/player?event=BU-TTC ;
go.bu.edu/visit https://www.bu.edu/admissions/visit-us/?go=true ;
go.bu.edu/wba https://www.streamtext.net/player?event=BU-WBA ;
go.bu.edu/wft https://www.streamtext.net/player?event=BU-Con27 ;
go.bu.edu/women2014 https://www.bu.edu/shaw/events/women-in-the-world-conference/?go=true ;
healthcommunication.bu.edu https://www.bu.edu/dbin/met/landing-pages/?page=health-comm ;
healthliteracy.bu.edu https://healthliteracy.tuftsmedicine.org/ ;
hyness.bu.edu https://calinbelta.com ;
iasi.bu.edu https://calinbelta.com ;
icshm.bu.edu https://www.bu.edu/icshm/ ;
ids.bu.edu https://www.bu.edu/ids/ ;
irhs.bu.edu https://sites.bu.edu/irhs/ ;
isps.bu.edu https://www.bu.edu/help/tech/desktop/ ;
laundry-web.bu.edu https://terrier-web.bu.edu/ ;
leap.bu.edu https://www.bu.edu/eng/prospective-graduate/leap/ ;
library.bu.edu https://www.bu.edu/library/ ;
lite.bu.edu https://www.bu.edu/lite/ ;
live.bu.edu/commencement-2020 https://www.bu.edu/commencement/explore-the-archives/ ;
live.bu.edu/commencement-2021 https://www.bu.edu/commencement/explore-the-archives/ ;
live.bu.edu/orciworkshop2021 https://live.bu.edu/orciworkshop2022/ ;
management.bu.edu https://www.bu.edu/questrom ;
mark.bu.edu https://sites.bu.edu/mark/ ;
medlib.bu.edu https://www.bu.edu/phpbin/medlib/ ;
mlkjr.bu.edu https://www.bu.edu/dbin/mlkjr/ ;
musiceducation.bu.edu https://www.bu.edu/cfa/online ;
musiceducationonline.bu.edu https://www.bu.edu/cfa/online/ ;
myhousing.bu.edu https://bu.starrezhousing.com/StarRezPortalX ;
myimpact.bu.edu https://bulegacy.org ;
nano-cancer.bu.edu https://www.bu.edu/nano-bu/programs/doctoral-fellowships/xtnc/ ;
nanoscience.bu.edu https://www.bu.edu/nano-bu/ ;
neidl-sp.bumc.bu.edu https://bushare.sharepoint.com/sites/neidl ;
nislab.bu.edu https://sites.bu.edu/nislab/ ;
nblrbl.bu.edu https://www.bu.edu/neidl/nblrbl/ ;
online.bu.edu https://www.bu.edu/online/ ;
onlinetaxllm.bu.edu https://www.bu.edu/law/academics/llm-degrees/taxation/online/ ;
passwordreg.bu.edu https://iam-identity.bu.edu/ ;
passwordreset.bu.edu https://iam-identity.bu.edu/ ;
pep.bu.edu https://www.bu.edu/ssw/careers/pep/?utm_source=WBUR&utm_medium=radio ;
pionline.bu.edu https://cpe.bu.edu ;
platforms.bu.edu https://questromworld.bu.edu/platformstrategy/ ;
ppm.bumc.bu.edu https://buneidl.navexone.com/content ;
ppm.bumc.bu.edu/dotNet https://buneidl.navexone.com/content ;
presto.bu.edu https://sites.bu.edu/presto/ ;
probstatdata.bu.edu https://bobaknazer.github.io/probstatdata/ ;
qgc.bu.edu https://www.bu.edu/questrom/degree-programs/graduate-programs/questrom-graduate-council ;
quantum.bu.edu https://www.bu.edu/quantum/ ;
quantumconcepts.bu.edu https://www.bu.edu/quantumconcepts/ ;
questromfixit.bu.edu https://app.limblecmms.com/#!/loc-problem/2gqpwz3514/14976 ;
servicenow.bu.edu https://bu.service-now.com ;
smartlighting.bu.edu https://www.bu.edu/smartlighting/ ;
sph.bu.edu https://www.bu.edu/sph/ ;
sph.bu.edu/otlt http://sphweb.bumc.bu.edu/otlt ;
terrieredev.bu.edu https://bostonuniversity.sumtotal.host/ ;
today.bu.edu https://www.bu.edu/today/ ;
ultra.bu.edu https://sites.bu.edu/ocn/ ;
web.wheelock.edu https://www.bu.edu/wheelock/ ;
webmail.bu.edu https://www.bu.edu/webmail/ ;
wisecircuits.bu.edu https://sites.bu.edu/wisecircuits/ ;
wiki-test.bu.edu https://www-test.bu.edu/phpbin/wiki/ ;
worcestermsw.bu.edu https://socialwork.bu.edu/worcester/?utm_source=WBUR&utm_medium=radio ;
www-modis.bu.edu https://www.umb.edu/spectralmass/terra-aqua-modis/ ;
www-modis.bu.edu/brdf https://www.umb.edu/spectralmass/terra-aqua-modis/ ;
www-modis.bu.edu/lidar https://sites.bu.edu/lidar/ ;
www.660corp.com https://www.citycoboston.com/ ;
www.agganisarena.net https://www.agganisarena.com ;
www.agganisarena.org https://www.agganisarena.com ;
www.agnionline.bu.edu https://agnionline.bu.edu/ ;
www.biosquare.org https://www.bu.edu/realestate/biosquare/ ;
www.bostonbiosafety.com https://www.bu.edu/neidl/ ;
www.bostoniamagazine.com https://www.bu.edu/bostonia/ ;
www.bu-mbi.org https://www.bumc.bu.edu/gms/bioimaging/ ;
www.cassavetes.com https://people.bu.edu/rcarney/ ;
www.cidarlab.org https://wiki.bu.edu/ece-cidar ;
www.city-convenience.com https://www.citycoboston.com/ ;
www.computationalimmunology.org https://www.bu.edu/computationalimmunology/ ;
www.ddensmore.net https://www.cidarlab.org/ddensmore ;
www.indigobirds.com https://www.bu.edu/indigobirds/ ;
www.martinlutherkingjrarchive.net https://www.bu.edu/dbin/mlkjr/ ;
www.martinlutherkingjrarchive.org https://www.bu.edu/dbin/mlkjr/ ;
www.martinlutherkingjrcollection.com https://www.bu.edu/dbin/mlkjr/ ;
www.martinlutherkingjrcollection.net https://www.bu.edu/dbin/mlkjr/ ;
www.martinlutherkingjrcollection.org https://www.bu.edu/dbin/mlkjr/ ;
www.martinlutherkingjrmanuscripts.com https://www.bu.edu/dbin/mlkjr/ ;
www.martinlutherkingjrmanuscripts.net https://www.bu.edu/dbin/mlkjr/ ;
www.martinlutherkingjrmanuscripts.org https://www.bu.edu/dbin/mlkjr/ ;
www.martinlutherkingjrpapers.com https://www.bu.edu/dbin/mlkjr/ ;
www.martinlutherkingjrpapers.net https://www.bu.edu/dbin/mlkjr/ ;
www.martinlutherkingjrpapers.org https://www.bu.edu/dbin/mlkjr/ ;
www.masslocalinstitute.com https://sites.bu.edu/masslocalinstitute/ ;
www.masslocalinstitute.org https://sites.bu.edu/masslocalinstitute/ ;
www.masscoalitionfororalhealth.com https://www.masscoalitionfororalhealth.org/ ;
www.nf-kb.com https://www.bu.edu/nf-kb/ ;
www.nf-kb.org https://www.bu.edu/nf-kb/ ;
www.otm.bu.edu https://sphweb.bumc.bu.edu/otlt/omtch/index.html ;
www.sarcoid.org https://www.bumc.bu.edu/pulmonary/clinicalcenters/sarcoidosis/ ;
www.terrieredev.bu.edu https://bostonuniversity.sumtotal.host/ ;
www.todaysbaby.org https://sites.bu.edu/todaysbaby/ ;
www.urbanarch.org https://sites.bu.edu/urbanarch/ ;
www.wheelock.edu https://www.bu.edu/wheelock/ ;

bumc.bu.edu/mri https://www.bumc.bu.edu/camed/research/cores/biomedical-imaging-center/ ;
bumc.bu.edu/publicsafety https://www.bu.edu/police/contact/contact-bumc-public-safety/ ;

www.bumc.bu.edu/cellular-imaging https://www.bumc.bu.edu/camed/research/cores/optical-microscopy-cell-and-tissue-imaging-cores/cellular-imaging-core/ ;
www.bumc.bu.edu/parking https://www.bu.edu/transportation/bumc-parking/ ;
www.bumc.bu.edu/uis https://www.bu.edu/tech/ ;

sites.bu.edu/agingny https://thenetwork.bu.edu/nysofa-training-academy/ ;
sites.bu.edu/akwok https://sites.bu.edu/slhs-recruiting/ ;
sites.bu.edu/collegeharmsfromothersdrinking https://sites.bu.edu/collegehto/ ;
sites.bu.edu/earlcenter https://earlcenter.bu.edu/ ;
sites.bu.edu/geddesgrants https://www.bu.edu/geddes/resources/faculty-mini-grants/ ;
sites.bu.edu/hothouse https://sites.bu.edu/real-world-productions/ ;
sites.bu.edu/hyness https://calinbelta.com ;
sites.bu.edu/maasap https://thenetwork.bu.edu/massachusetts-training-portal/ ;
sites.bu.edu/musicbridge https://www.bu.edu/cfa/students/music/ ;
sites.bu.edu/reinhartlab https://reinhartlab.org/ ;
sites.bu.edu/techlaw https://www.bu.edu/law/experiential-learning/clinics/bu-mit-student-innovations-law-clinic/ ;
sites.bu.edu/shield-drive https://shielddrivecenter.com ;
sites.bu.edu/slde https://sites.bu.edu/deafcenter/ ;
sites.bu.edu/startuplaw https://www.bu.edu/law/experiential-learning/clinics/bu-mit-student-innovations-law-clinic/ ;
sites.bu.edu/southcampus https://www.bu.edu/reslife/ ;
sites.bu.edu/vschmidt https://www.vivienaschmidt.com ;

people.bu.edu/cjmartin https://blogs.bu.edu/cjmartin/ ;
people.bu.edu/cstepp https://sites.bu.edu/stepplab/ ;
people.bu.edu/ecohn https://www.bu.edu/sargent/profile/ellen-cohn/ ;
people.bu.edu/gvoysey http://gvoysey.github.io/ ;
people.bu.edu/hazen http://ohm.bu.edu/~hazen/ ;
people.bu.edu/jnoor https://sites.bu.edu/jnoor/ ;
people.bu.edu/lang https://sites.bu.edu/kevinlang/ ;
people.bu.edu/lrhutyra https://sites.bu.edu/hutyra/ ;
people.bu.edu/mhirsch/ https://www.scivision.dev/ ;
people.bu.edu/pierson https://alyssapierson.com/ ;
people.bu.edu/roygr https://sites.bu.edu/roygr/ ;
people.bu.edu/salge https://blogs.bu.edu/salge/ ;
people.bu.edu/sidr https://sites.bu.edu/ramachandranlab/ ;
people.bu.edu/tgoss https://theodoragoss.com/ ;
people.bu.edu/theochem https://sites.bu.edu/theochem/ ;
