# This file contains vanity redirects.  This means that the destination URL is an absolute
# value and the URI is not put on the end
#

# StudentLink main menu
_/applicantlink /link/bin/uiscgi_applicantlink.pl/uismpl ;
_/employeelink /link/bin/uiscgi_employeelink.pl/uismpl ;
_/geography/brdf http://www-modis.bu.edu/brdf ;
_/studentlink /link/bin/uiscgi_studentlink.pl/uismpl/?ModuleName=menu.pl&NewMenu=Home ;

# Marketing URLs (setup with cost-recovery fee to IS&T Applications):
_/activistlab https://trusted.bu.edu/s/1759/2-bu/giving/interior.aspx?sid=1759&gid=2&pgid=497&cid=1170&dids=377&bledit=1&appealcode=WEBSPH-PR ;
_/amandaandtom https://trusted.bu.edu/s/1759/2-bu/giving/interior.aspx?sid=1759&gid=2&pgid=412&cid=1044&dids=477&bledit=1&appealcode=9AAT ;
_/bdc https://bdc.bu.edu ;
_/bizanalytics https://www.bu.edu/msba-ad/?utm_source=bu%20campus&utm_medium=posters&utm_campaign=msba&utm_content=bizanalytics ;
_/bunextboca https://bostonu.imodules.com/s/1759/2-bu/2col.aspx?sid=1759&gid=2&pgid=6519&content_id=7060 ;
_/business-analytics http://www.bu.edu/questrom/degree-programs/ms-in-business-analytics ;
_/buwind https://www.bu.edu/sustainability/what-were-doing/bu-wind/ ;
_/celebratebu http://bostonu.imodules.com/s/1759/2-bu/alumniWeekend/interior.aspx?sid=1759&gid=2&pgid=5769 ;
_/celebratela http://bostonu.imodules.com/s/1759/2-bu/2col.aspx?sid=1759&gid=2&pgid=6044&content_id=6516 ;
_/cohenchallenge https://www.bu.edu/campaign/find-your-cause/provide-opportunity/the-cohen-challenge ;
_/donorwebinar https://bostonu.imodules.com/s/1759/2-bu/2col.aspx?sid=1759&gid=2&pgid=6413&content_id=6942&appealcode=postcard ;
_/doubleit https://www.bu.edu/campaign/find-your-cause/provide-opportunity/the-cohen-challenge ;
_/give2pardee https://trusted.bu.edu/s/1759/2-bu/giving/interior.aspx?sid=1759&gid=2&pgid=5609&cid=10116&appealcode=WEBPAR-PR ;
_/give2ssw https://trusted.bu.edu/s/1759/2-bu/index.aspx?sid=1759&gid=2&pgid=464&cid=1122&appealcode=WEBSSW ;
_/give2wheelock https://trusted.bu.edu/s/1759/2-bu/giving.aspx?sid=1759&gid=2&pgid=2505&cid=4460&appealcode=WEBSED ;
_/givenow https://trusted.bu.edu/s/1759/2-bu/giving/interior.aspx?sid=1759&gid=2&pgid=412&cid=1044&appealcode=WEBAGC-TM ;
_/givetocas https://trusted.bu.edu/s/1759/2-bu/giving/interior.aspx?sid=1759&gid=2&pgid=481&cid=1146&appealcode=WEBCAS ;
_/grandopening http://bostonu.imodules.com/s/1759/2-bu/2col.aspx?sid=1759&gid=2&pgid=5827&content_id=6271 ;
_/hubiejonesfund https://trusted.bu.edu/s/1759/2-bu/giving/interior.aspx?sid=1759&gid=2&pgid=464&cid=1122&dids=335&appealcode=WEBSSW ;
_/isgc https://trusted.bu.edu/s/1759/2-bu/giving/interior.aspx?sid=1759&gid=2&pgid=412&cid=1044&dids=185&appealcode=WEBAGC ;
_/jeremyyudkinscholarship https://trusted.bu.edu/s/1759/2-bu/giving/interior.aspx?sid=1759&gid=2&pgid=3853&cid=7172&dids=488&bledit=1&appealcode=WEBJYSF ;
_/kssf https://trusted.bu.edu/s/1759/2-bu/giving/interior.aspx?sid=1759&gid=2&pgid=1333&cid=2638&dids=431&appealcode=WEBSTH ;
_/learnmore https://onebu.tfaforms.net/218015 ;
_/mba-admissions https://www.bu.edu/questrom/admissions/graduate-programs/ ;
_/mba-event https://www.bu.edu/questrom/admissions/admissions-events/ ;
_/mba-msdi https://www.bu.edu/questrom/degree-programs/mba-ms-in-digital-innovation/ ;
_/mba-tips https://www.bu.edu/questrom/admissions/graduate-programs/full-time-mba/application-tips/ ;
_/plr https://bostonu.imodules.com/s/1759/2-bu/2col.aspx?sid=1759&gid=2&pgid=7641&content_id=8888 ;
_/questrom-phd https://www.bu.edu/questrom/degree-programs/phd-program/ ;
_/rctfund https://trusted.bu.edu/s/1759/2-bu/giving/interior.aspx?sid=1759&gid=2&pgid=1333&cid=2638&dids=470&bledit=1&appealcode=WEBSTH ;
_/scholarshipimpact https://www.bu.edu/campaign/ways-of-giving/annual-fund/donor-impact-page/videos/scholarship-stories/ ;
_/sthfund https://trusted.bu.edu/s/1759/2-bu/giving/interior.aspx?sid=1759&gid=2&pgid=1333&cid=2638&dids=32&appealcode=WEBSTH ;
_/victorycelebration http://www.bu.edu/campaign/campaign-victory-celebration/ ;
_/victorytix https://www1.ticketmaster.com/celebration-of-bu/event/01005691E65EA340 ;
_/wheelockfamilytheatre https://trusted.bu.edu/s/1759/2-bu/giving/interior.aspx?sid=1759&gid=2&pgid=412&cid=1044&dids=436&appealcode=WEBAGC&bledit=1 ;

# Other redirects
_/awslogin https://shib.bu.edu/idp/profile/SAML2/Unsolicited/SSO?providerId=urn:amazon:webservices ;
_/bumc https://www.bumc.bu.edu/ ;
_/busm https://www.bumc.bu.edu/busm/ ;
