# This file contains vanity redirects.  This means that the destination URL is an absolute
# value and the URI is not put on the end
#

# StudentLink main menu
_/applicantlink /link/bin/uiscgi_applicantlink.pl/uismpl ;
_/employeelink /link/bin/uiscgi_employeelink.pl/uismpl ;
_/geography/brdf http://www-modis.bu.edu/brdf ;
_/studentlink /link/bin/uiscgi_studentlink.pl/uismpl/?ModuleName=menu.pl&NewMenu=Home ;

# Marketing URLs (setup with cost-recovery fee to IS&T Applications):
_/1839gifts https://trusted.bu.edu/s/1759/2-bu/giving/interior.aspx?sid=1759&gid=2&pgid=470&cid=1130&appealcode=WEBAGC-AL ;
_/1839society https://www.bu.edu/alumni/giving/who-gives/1839-society/ ;
_/alumnicenter https://www.bu.edu/alumni/services/dahod-family-alumni-center/ ;
_/alumnisummit https://www.bu.edu/alumni/alumni-summit-london/ ;
_/alumniweekend https://bostonu.imodules.com/s/1759/2-bu/alumniWeekend/home.aspx?sid=1759&gid=2&pgid=3246 ;
_/activecontrol https://psa.buw.bu.edu/activecontrol ;
_/activistlab https://www.bu.edu/sph/practice/activist-lab/ ;
_/amandaandtom https://trusted.bu.edu/s/1759/2-bu/giving/interior.aspx?sid=1759&gid=2&pgid=412&cid=1044&dids=477&bledit=1&appealcode=9AAT ;
_/antiracist-center https://www.bu.edu/antiracism-center/ ;
_/apfd https://www.bu.edu/provost/faculty-affairs/faculty-resources/ ;
_/appspace https://cloud.appspace.com/login/ba7afe51-12c9-4347-874e-21dc25d9fc8c ;
_/attend https://www.bu.edu/gradbiz/?utm_source=opti%20audio&utm_campaign=mba&utm_content=attend&tfa_4=opti%20audio&tfa_1=mba&tfa_2=attend ;
_/bcdsp https://www.bcdsp.org/ ;
_/bdc https://bdc.bu.edu ;
_/bettyandken https://trusted.bu.edu/s/1759/2-bu/giving/interior.aspx?sid=1759&gid=2&pgid=464&cid=1122&dids=581&bledit=1&appealcode=WEBSSW ;
_/bizanalytics https://www.bu.edu/msba-ad/?utm_source=bu%20campus&utm_medium=posters&utm_campaign=msba&utm_content=bizanalytics ;
_/buconnects https://www.bu.edu/alumni/career/career-advisory-network/ ;
_/bunextchicago https://bostonu.imodules.com/s/1759/2-bu/19/1col.aspx?sid=1759&gid=2&pgid=8188&content_id=9410 ;
_/bunextla https://bostonu.imodules.com/s/1759/2-bu/19/1col.aspx?sid=1759&gid=2&pgid=8185&content_id=9408 ;
_/bunextsf https://bostonu.imodules.com/s/1759/2-bu/19/1col.aspx?sid=1759&gid=2&pgid=8182&content_id=9406 ;
_/business-analytics http://www.bu.edu/questrom/degree-programs/ms-in-business-analytics ;
_/buwind https://www.bu.edu/sustainability/what-were-doing/bu-wind/ ;
_/cci https://massopen.cloud/ ;
_/cds https://www.bu.edu/cds-faculty/ ;
_/cds-center https://www.bu.edu/data-sciences-center/ ;
_/cohenchallenge https://www.bu.edu/alumni/giving/ ;
_/connects https://www.bu.edu/alumni/career/career-advisory-network/ ;
_/donorwebinar http://bostonu.imodules.com/s/1759/2-bu/19/1col.aspx?sid=1759&gid=2&pgid=7544&content_id=8798&authkey=Rqh4Y9UhyvohB7cRt7svkf9hi0cZseOSsZ60pgCZBDMKN7EgkO0oiA%3d%3d ;
_/earthhouse https://www.bu.edu/sustainability/what-you-can-do/green-teams/earth-house/ ;
_/eportfolio https://bu.digication.com/portfolio_about_portfolios/Welcome ;
_/faculty https://www.bu.edu/provost/faculty-affairs/faculty-resources/ ;
_/faculty/ear http://www.bu.edu/phpbin/ear/ ;
_/fintechcertificate https://www.bu.edu/questrom/degree-programs/ms-in-mathematical-finance/graduate-certificate-in-financial-technology/ ;
_/fy101 https://www.bu.edu/cas/current-students/undergraduate/about-us/the-first-year-experience/fy101/ ;
_/fy102 https://www.bu.edu/cas/current-students/undergraduate/about-us/the-first-year-experience/fy102/ ;
_/fy103 https://www.bu.edu/cas/current-students/undergraduate/about-us/the-first-year-experience/ ;
_/fye https://www.bu.edu/cas/current-students/undergraduate/about-us/the-first-year-experience/ ;
_/give2busm https://trusted.bu.edu/s/1759/2-bu/index.aspx?sid=1759&gid=2&pgid=424&cid=1063&appealcode=WEBMED-AL ;
_/give2cas https://trusted.bu.edu/s/1759/2-bu/giving/interior.aspx?sid=1759&gid=2&pgid=481&cid=1146&appealcode=WEBCAS-PR ;
_/give2cfa https://trusted.bu.edu/s/1759/2-bu/giving/interior.aspx?sid=1759&gid=2&pgid=3853&cid=7172&appealcode=WEBCFA-PR ;
_/give2cgs https://trusted.bu.edu/s/1759/2-bu/giving/interior.aspx?sid=1759&gid=2&pgid=6002&cid=11061&appealcode=WEBCGS-PR ;
_/give2com https://trusted.bu.edu/s/1759/2-bu/giving/interior.aspx?sid=1759&gid=2&pgid=434&cid=1077&appealcode=WEBCOM-PR ;
_/give2eng https://trusted.bu.edu/s/1759/2-bu/giving/interior.aspx?sid=1759&gid=2&pgid=479&cid=1143&appealcode=WEBENG-PR ;
_/give2gsdm https://trusted.bu.edu/s/1759/2-bu/giving/interior.aspx?sid=1759&gid=2&pgid=436&cid=1080&appealcode=WEBSDM-PR ;
_/give2met https://trusted.bu.edu/s/1759/2-bu/giving/interior.aspx?sid=1759&gid=2&pgid=6004&cid=11065&appealcode=WEBMET-PR ;
_/give2pardee https://trusted.bu.edu/s/1759/2-bu/giving/interior.aspx?sid=1759&gid=2&pgid=5609&cid=10116&appealcode=WEBPAR-PR ;
_/give2questrom https://trusted.bu.edu/s/1759/2-bu/giving.aspx?sid=1759&gid=2&pgid=654&cid=1470&appealcode=WEBQUESTROM ;
_/give2sargent https://trusted.bu.edu/s/1759/2-bu/giving/interior.aspx?sid=1759&gid=2&pgid=3855&cid=7177&appealcode=WEBSAR-PR ;
_/give2sha https://trusted.bu.edu/s/1759/2-bu/giving/interior.aspx?sid=1759&gid=2&pgid=440&cid=1086&appealcode=WEBSHA-PR ;
_/give2ssw https://trusted.bu.edu/s/1759/2-bu/giving/interior.aspx?sid=1759&gid=2&pgid=464&cid=1122&appealcode=WEBSSW-PR ;
_/give2sth https://trusted.bu.edu/s/1759/2-bu/giving/interior.aspx?sid=1759&gid=2&pgid=1333&cid=2638&appealcode=WEBSTH-PR ;
_/give2wheelock https://trusted.bu.edu/s/1759/2-bu/giving/interior.aspx?sid=1759&gid=2&pgid=2505&cid=4460&appealcode=WEBSED-PR ;
_/givebussw https://www.bu.edu/ssw/alumni/give-back/ ;
_/givecgs https://www.bu.edu/cgs/donate/ ;
_/givenow https://www.bu.edu/alumni/giving/ ;
_/givetobudt https://crowdfunding.bu.edu/campaigns/bu-dance-team-road-to-nationals-1 ;
_/givetocas http://www.bu.edu/cas/alumni/giving/ ;
_/giving https://www.bu.edu/alumni/giving ;
_/givingday https://givingday.bu.edu/pages/bu-giving-day-home ;
_/givingday/vip https://givingday.bu.edu/pages/bu-vip ;
_/givingsocieties https://www.bu.edu/alumni/giving/who-gives/ ;
_/goterriers https://trusted.bu.edu/s/1759/2-bu/giving/interior.aspx?sid=1759&gid=2&pgid=410&cid=1042&appealcode=WEBATH-PR ;
_/headspace https://www.bu.edu/provost/wellbeingproject/wellbeing-project-resources/headspace/ ;
_/hirequestrom https://www.bu.edu/questrom/careers/hire-questrom/ ;
_/hr/covid-19-workplace-adjustment-request-form https://www.bu.edu/hr/covid-19-workplace-adjustment-request/ ;
_/hubiejonesfund https://trusted.bu.edu/s/1759/2-bu/giving/interior.aspx?sid=1759&gid=2&pgid=464&cid=1122&dids=335&appealcode=WEBSSW ;
_/hubiejonesrsvp https://bostonu.imodules.com/s/1759/2-bu/19/1col.aspx?sid=1759&gid=2&pgid=8634&content_id=10053 ;
_/impact https://www.bu.edu/alumni/giving/impact ;
_/infosec https://www.bu.edu/tech/support/information-security/ ;
_/infosec/newtobu https://www.bu.edu/tech/support/information-security/information-security-new-to-bu/ ;
_/isgc https://www.bu.edu/chapel/stewardship/ ;
_/jeremyyudkinscholarship https://www.bu.edu/alumni/giving/why/opportunity/ ;
_/kssf https://www.bu.edu/sth/alumni/giving/ ;
_/learnmore https://onebu.tfaforms.net/218015 ;
_/lifesciences https://www.bu.edu/kilachandcenter/ ;
_/loyaltysociety https://www.bu.edu/alumni/giving/who-gives/loyalty-society ;
_/maps https://maps.bu.edu/ ;
_/marshgiving https://trusted.bu.edu/s/1759/2-bu/giving/interior.aspx?sid=1759&gid=2&pgid=485&cid=1151&appealcode=WEBMSH-PR ;
_/mba-admissions https://www.bu.edu/questrom/admissions/graduate-programs/ ;
_/mba-event https://www.bu.edu/questrom/admissions/admissions-events/ ;
_/mba-msdi https://www.bu.edu/questrom/degree-programs/mba-ms-in-digital-innovation/ ;
_/mba-tips https://www.bu.edu/questrom/admissions/graduate-programs/full-time-mba/application-tips/ ;
_/mbaexec https://www.bu.edu/mbainfo/executive-mba/?utm_source=acela&utm_medium=ct%20kiosk%20poster&utm_campaign=emba&tfa_4=learn%20more&tfa_3=acela&utm_medium=ct%20kiosk%20poster&tfa_1=emba&tfa_2=learn%20more ;
_/medlib https://www.bumc.bu.edu/medlib/ ;
_/msba https://www.bu.edu/questrom/degree-programs/ms-in-business-analytics/ ;
_/msmft https://www.bu.edu/questrom/degree-programs/ms-in-mathematical-finance/ ;
_/nyc2020 https://www.bu.edu/alumni/leadership-celebration/ ;
_/oir https://www.bu.edu/asir/ ;
_/omba https://www.bu.edu/questrom/degree-programs/online-mba/ ;
_/omba-admissions https://www.bu.edu/questrom/admissions/graduate-programs/online-mba/ ;
_/onlinemba https://www.bu.edu/questrom/degree-programs/online-mba/ ;
_/phpbin/ear https://www.bu.edu/provost/faculty-affairs/my-cv/external-activity-report-ear/ ;
_/phpbin/coursedesc2 https://www.bu.edu/phpbin/courses/update/ ;
_/plr https://www.buplr.com/contact ;
_/proudtobu https://www.bu.edu/alumni/news/proud-to-bu-podcast/ ;
_/questrom-phd https://www.bu.edu/questrom/degree-programs/phd-program/ ;
_/rctfund https://trusted.bu.edu/s/1759/2-bu/giving/interior.aspx?sid=1759&gid=2&pgid=1333&cid=2638&dids=470&bledit=1&appealcode=WEBSTH ;
_/scholarshipimpact https://www.bu.edu/alumni/giving/impact/ ;
_/scholarships https://trusted.bu.edu/s/1759/2-bu/giving/interior.aspx?sid=1759&gid=2&pgid=7579&cid=14495&appealcode=WEBAGC-PR ;
_/seniors https://www.bu.edu/dos/senior-events/ ;
_/slef https://trusted.bu.edu/s/1759/2-bu/giving/interior.aspx?sid=1759&gid=2&pgid=8692&cid=16547&dids=4&bledit=1&appealcode=20SLF-DM ;
_/sswemergencyfund https://trusted.bu.edu/s/1759/2-bu/giving/interior.aspx?sid=1759&gid=2&pgid=464&cid=1122&dids=559&bledit=1&appealcode=WEBSSW ;
_/sthfund https://trusted.bu.edu/s/1759/2-bu/giving/interior.aspx?sid=1759&gid=2&pgid=1333&cid=2638&dids=543&bledit=1&appealcode=WEBSTH ;
_/streambu https://www.bu.edu/alumni/streambu/ ;
_/supportoshinsfund https://trusted.bu.edu/s/1759/2-bu/giving/interior.aspx?sid=1759&gid=2&pgid=440&cid=1086&dids=552&bledit=1&appealcode=WEBSHA ;
_/terriercard https://www.bu.edu/housing/services/terriercards/ ;
_/theology https://www.bu.edu/sth/ ;
_/victorytix https://www1.ticketmaster.com/celebration-of-bu/event/01005691E65EA340 ;
_/wellbeingproject https://www.bu.edu/provost/wellbeingproject ;
_/wellbeingproject/events https://www.bu.edu/provost/wellbeingproject/wellbeing-project-events ;
_/wheelockfamilytheatre https://trusted.bu.edu/s/1759/2-bu/giving/interior.aspx?sid=1759&gid=2&pgid=412&cid=1044&dids=436&appealcode=WEBAGC&bledit=1 ;
_/xcc-faculty https://www.bu.edu/hub/for-faculty-staff/cross-college-challenge-xcc-faculty ;

# Other redirects
_/awslogin https://shib.bu.edu/idp/profile/SAML2/Unsolicited/SSO?providerId=urn:amazon:webservices ;
_/bumc https://www.bumc.bu.edu/ ;
_/busm https://www.bumc.bu.edu/busm/ ;
