# This file contains vanity redirects.  This means that the destination URL is an absolute
# value and the URI is not put on the end
#

# StudentLink main menu
_/applicantlink /link/bin/uiscgi_applicantlink.pl/uismpl ;
_/employeelink /link/bin/uiscgi_employeelink.pl/uismpl ;
_/geography/brdf http://www-modis.bu.edu/brdf ;
_/studentlink /link/bin/uiscgi_studentlink.pl/uismpl/?ModuleName=menu.pl&NewMenu=Home ;

# All Other Redirects:
_/1839gifts https://trusted.bu.edu/s/1759/2-bu/giving/interior.aspx?sid=1759&gid=2&pgid=470&cid=1130&appealcode=WEBAGC-AL ;
_/1839society https://www.bu.edu/alumni/giving/who-gives/1839-society/ ;
_/aaastudy http://www.bu.edu/autismconnections ;
_/aboutcgs http://www.bu.edu/cgs/about/prospective-students/ ;
_/abroadatbu http://www.bu.edu/metinternational ;
_/acs http://www.bu.edu/computing/accounts/acs ;
_/activecontrol https://psa.buw.bu.edu/activecontrol ;
_/activistlab https://www.bu.edu/sph/practice/activist-lab/ ;
_/actuary http://www.bu.edu/met/programs/graduate/actuarial-science/ ;
_/addiction http://www.bu.edu/addictions/ ;
_/aegdalumnidinner https://trusted.bu.edu/s/1759/2-bu/2col.aspx?sid=1759&gid=2&pgid=1354&cid=2669&dids=161&appealcode=WEBAGC-AH ;
_/af-rotc http://www.bu.edu/rotc/air-force/ ;
_/afr http://www.bu.edu/africa/ ;
_/ag http://www.bu.edu/alumni/ ;
_/aig http://www.butler.edu/modernlanguages/?pg=4063 ;
_/alistaircooke http://archives.bu.edu/web/alistair-cooke/home ;
_/alumnicenter https://www.bu.edu/alumni/services/dahod-family-alumni-center/ ;
_/alumnisummit https://www.bu.edu/alumni/alumni-summit-london/ ;
_/alumniweekend https://bostonu.imodules.com/s/1759/2-bu/alumniWeekend/home.aspx?sid=1759&gid=2&pgid=3246 ;
_/amandaandtom https://trusted.bu.edu/s/1759/2-bu/giving/interior.aspx?sid=1759&gid=2&pgid=412&cid=1044&dids=477&bledit=1&appealcode=9AAT ;
_/amp https://combeyond.bu.edu/workshop/academy-of-media-production/ ;
_/animal http://www.bu.edu/orccommittees/iacuc ;
_/annualfund https://www.bu.edu/alumni/giving/ways-to-give/employer-match/ ;
_/annualfundroster http://www.bu.edu/campaign/donors/donor-rosters/annual-giving-roster/ ;
_/annualgiving http://www.bu.edu/campaign/ways-of-giving/annual-fund/ ;
_/answers http://www.bu.edu/info/ ;
_/antiracist-center https://www.bu.edu/antiracism-center/ ;
_/aparc http://www.bu.edu/ ;
_/apc http://www.bu.edu/ ;
_/apfd https://www.bu.edu/diversity/ ;
_/aphasia http://www.bumc.bu.edu/neurology/ ;
_/appspace https://cloud.appspace.com/login/ba7afe51-12c9-4347-874e-21dc25d9fc8c ;
_/arlington http://management.bu.edu/pemba/?utm_source=mbta&utm_medium=arlington&utm_campaign=mbta_arlington ;
_/armyrotc http://www.bu.edu/rotc/army/ ;
_/ars http://www.bu.edu/ssw/ ;
_/artslive http://www.bu.edu/arts/ ;
_/ascend https://www.bu.edu/questrom/degree-programs/bs-in-business-administration/questrom-ascend-fellowship/ ;
_/athchallenge https://crowdfunding.bu.edu/pages/bu-athletics-1 ;
_/athletics http://www.goterriers.com/ ;
_/attend https://www.bu.edu/gradbiz/?utm_source=opti%20audio&utm_campaign=mba&utm_content=attend&tfa_4=opti%20audio&tfa_1=mba&tfa_2=attend ;
_/awrecentgrads http://www.bu.edu/alumniweekend/events/#types ;
_/awslogin https://shib.bu.edu/idp/profile/SAML2/Unsolicited/SSO?providerId=urn:amazon:webservices ;
_/bashoexpress http://www.bu.edu/dining/basho-express/ ;
_/battleforbu http://www.bu.edu/campaign/support-your-school/competition/ ;
_/bcdsp https://www.bcdsp.org/ ;
_/bcrhhr http://www.bcrhhr.com/ ;
_/bdc https://bdc.bu.edu ;
_/because http://management.bu.edu/pemba/?utm_source=MBTA&utm_medium=Station%20Posters&utm_content=Because&utm_campaign=PEMBA%20Because ;
_/behavneuro http://www.bu.edu/psych/faculty/kkantak/ ;
_/behere http://www.bu.edu/pemba-part-time/?utm_source=metro&utm_medium=super%20masthead&utm_content=be%20here&utm_campaign=pemba%202015 ;
_/beijing2014 http://www.bu.edu/alumni/ ;
_/bemerson http://people.bu.edu/bemerson/ ;
_/betonrhett https://www.bu.edu/alumni-forms/forms/vote-rhett/ ;
_/betterwaytowork http://www.bu.edu/parking/employee-commuter-benefit/ ;
_/bettyandken https://trusted.bu.edu/s/1759/2-bu/giving/interior.aspx?sid=1759&gid=2&pgid=464&cid=1122&dids=581&bledit=1&appealcode=WEBSSW ;
_/bigdatasf http://bostonu.imodules.com/s/1759/2-bu/2col.aspx?sid=1759&gid=2&pgid=2421&content_id=2138 ;
_/biomed http://www.bu.edu/met/adult_college_programs/boston_university_metropolitan_college_undergraduate_programs/undergraduate_degree/biomedical_clinical_science_degree/index.html ;
_/biomedcrimas http://www.bumc.bu.edu/bmcm/ ;
_/bionicpancreas http://sites.bu.edu/bionicpancreas/ ;
_/biosafety http://www.bu.edu/neidl/ ;
_/biosci http://www.bumc.bu.edu/gms/blcs/ ;
_/bizanalytics https://www.bu.edu/msba-ad/?utm_source=bu%20campus&utm_medium=posters&utm_campaign=msba&utm_content=bizanalytics ;
_/blended http://www.bu.edu/met-eti ;
_/blogs http://blogs.bu.edu ;
_/bme-tic https://trusted.bu.edu/s/1759/2-bu/giving/interior.aspx?sid=1759&gid=2&pgid=479&cid=1143&dids=344&appealcode=WEBENG&bledit=1 ;
_/booth http://www.bu.edu/cfa/booth ;
_/bostoncelebratesbu https://alumni.bu.edu/olc/pub/BUAR/event/showEventForm.jsp?form_id=193624 ;
_/bostoneveningwithbu https://alumni.bu.edu/olc/pub/BUAR/event/showEventForm.jsp?form_id=193624 ;
_/btm http://www.bu.edu/bpt ;
_/btou http://www.bu.edu/buniverse/view/?v=hhLyx1Y3 ;
_/bu2do http://www.bu.edu/dining/bu2do/ ;
_/bua25 https://bostonu.imodules.com/s/1759/2-bu/2col.aspx?sid=1759&gid=2&pgid=5252&content_id=5396 ;
_/bualumnicenter https://trusted.bu.edu/s/1759/2-bu/giving.aspx?sid=1759&gid=2&pgid=495&cid=1167&appealcode=WEBAGC-AC ;
_/buba http://www.bu.edu/ubx/ ;
_/bucentral http://www.bucentral.wordpress.com ;
_/buconnect https://buconnects.com ;
_/buconnects https://buconnects.com ;
_/budentalapparelsale https://budental1963.itemorder.com ;
_/buenvisions http://www.bu.edu/alumni/buenvisions/ ;
_/bufirst https://246overclocked.com ;
_/build http://www.bu.edu/seo/students/build/ ;
_/buildbu http://www.bu.edu/alumni/support/annual-fund/societies/ ;
_/builders-leaders http://www.bu.edu/everett/ ;
_/buildyourbu https://www.bu.edu/alumni-forms/forms/giving/online/index/ ;
_/buildyourgift http://www.plan.gs/Questionnaire.do?orgId=5777&questionnaireId=3 ;
_/buinchicago https://trusted.bu.edu/s/1759/2-bu/2col.aspx?sid=1759&gid=2&pgid=3188&cid=5703 ;
_/buinphiladelphia http://bostonu.imodules.com/s/1759/2-bu/2col.aspx?sid=1759&gid=2&pgid=2485&content_id=2190 ;
_/buinpittsburgh http://bostonu.imodules.com/s/1759/2-bu/2col.aspx?sid=1759&pgid=3000&gid=2&cid=5431&ecid=5431&post_id=0 ;
_/buinsf https://trusted.bu.edu/s/1759/2-bu/2col.aspx?sid=1759&gid=2&pgid=1841&cid=3452&authkey=authkey ;
_/buleads http://www.bu.edu/studentactivities/buleads/ ;
_/buloyalty https://trusted.bu.edu/s/1759/2-bu/giving/interior.aspx?sid=1759&gid=2&pgid=493&cid=1164&appealcode=WEBAGC-BULSPR ;
_/bumc https://www.bumc.bu.edu/ ;
_/bunano http://www.bu.edu/bu-nano/ ;
_/bunextchicago https://bostonu.imodules.com/s/1759/2-bu/19/1col.aspx?sid=1759&gid=2&pgid=8188&content_id=9410 ;
_/bunextla https://bostonu.imodules.com/s/1759/2-bu/19/1col.aspx?sid=1759&gid=2&pgid=8185&content_id=9408 ;
_/bunextsf https://bostonu.imodules.com/s/1759/2-bu/19/1col.aspx?sid=1759&gid=2&pgid=8182&content_id=9406 ;
_/burc http://www.bu.edu/urlc/ ;
_/burppe http://www.bu.edu/sph/ ;
_/burst https://www.facebook.com/BurstBU/ ;
_/bus http://www.bu.edu/thebus/ ;
_/business http://www.bu.edu/executivevp/reporting/auxiliary-services ;
_/business-analytics http://www.bu.edu/questrom/degree-programs/ms-in-business-analytics ;
_/busm https://www.bumc.bu.edu/busm/ ;
_/busmgiving https://trusted.bu.edu/s/1759/2-bu/giving/interior.aspx?sid=1759&gid=2&pgid=424&cid=1063&appealcode=WEBMED-ALPR ;
_/busmphonathon https://trusted.bu.edu/s/1759/2-bu/giving.aspx?sid=1759&gid=2&pgid=424&cid=1063&appealcode=WEBMED-PH ;
_/but http://www.bu.edu/cfa/theatre/ ;
_/butheatre http://bostonu.imodules.com/s/1759/2-bu/giving/landing.aspx?sid=1759&gid=2&pgid=3691 ;
_/buwc https://www.bu.edu/womensguild/ ;
_/buwg https://www.bu.edu/womensguild/ ;
_/buwind https://www.bu.edu/sustainability/what-were-doing/bu-wind/ ;
_/buworkscentral https://ppo.buw.bu.edu/ ;
_/buworksforum https://www.bu.edu/buworks/training/forum-retired/ ;
_/buzzlab http://questromworld.bu.edu/entrepreneurship/buzzlab/welcome/ ;
_/capdraft http://www.bu.edu/climateactionplan/climate-action-plan-task-force/draft-report/ ;
_/careerex http://www.bu.edu/cas/careerex/ ;
_/careerweeks http://www.bu.edu/alumni/careers/ ;
_/cart https://hricart.1capapp.com/event/bumtm ;
_/cateringonthecharles http://www.bu.edu/dining/about/catering.html ;
_/cci https://massopen.cloud/ ;
_/cds https://www.bu.edu/cds-faculty/ ;
_/cds-center https://www.bu.edu/data-sciences-center/ ;
_/celebrationofbu http://www.bu.edu/campaign/#the-main-event ;
_/celebrationvip http://www.bu.edu/alumniweekend/vip/ ;
_/centers http://www.bu.edu/academics/centers/index.html ;
_/centurychallenge http://www.bu.edu/campaign/why-give/provide-opportunity/century-challenge/ ;
_/ces http://www.bu.edu/cphs/ces/ ;
_/cfdi http://www.bu.edu/diversity/ ;
_/cga http://www.plan.gs/CategoryDetailList.do?orgId=5777&categoryId=228 ;
_/cghd http://www.bu.edu/sph/about/departments/global-health/ ;
_/cghdac http://www.bu.edu/sph/about/departments/global-health/ ;
_/cgs-events http://bostonu.imodules.com/s/1759/2-bu/2col.aspx?sid=1759&gid=2&pgid=950&content_id=682 ;
_/cgs60th http://www.bu.edu/cgs/alumni/collegian/time-travel ;
_/charles http://management.bu.edu/pemba/?utm_source=mbta&utm_medium=charles&utm_campaign=mbta_charles ;
_/checkpc http://www.bu.edu/security/windows/iis/checkpc.html ;
_/chelmsford http://management.bu.edu/pemba/?utm_source=bueduChelmsford&utm_medium=billboard&utm_campaign=chelmsford ;
_/childcognition http://www.bu.edu/cdl/ccl/ ;
_/choosemet http://www.bu.edu/met/news/information/index.html ;
_/cilse http://www.bu.edu/kilachandcenter/ ;
_/cip http://www.bu.edu/consumer/ ;
_/citylabacademy http://www.bumc.bu.edu/Dept/Home.aspx?DepartmentID=493 ;
_/classgift http://www.bu.edu/campaign/students/ ;
_/classgiftlove http://www.bu.edu/alumni/tag/alumni-blog/ ;
_/classroom http://www.bu.edu/classrooms/ ;
_/cleanenergyventures http://smgworld.bu.edu/elc/open-enrollment/leading-clean-energy-ventures/ ;
_/climate http://www.bu.edu/es/ ;
_/cmetips http://www.bu.edu/fammed/cmetips/ ;
_/cod https://www.bu.edu/provost/about/committees/council-of-deans/ ;
_/cohenchallenge https://www.bu.edu/alumni/giving/ ;
_/coi http://isps.bu.edu/applications/coi/ ;
_/collegechampion http://www.bu.edu/alumni/support/news/college-champion/ ;
_/com100 http://www.bu.edu/comtalk/100-reasons/ ;
_/commavefair http://www.bu.edu/dos/ ;
_/commsurvey http://www.bu.edu/alumni/commsurvey/ ;
_/connect http://www.bu.edu/alumni/connected/aoc/ ;
_/connects https://buconnects.com ;
_/contact http://www.bu.edu/info/about/contact-us/ ;
_/coredesign http://www.bu.edu/tech/web/departments/wordpress/design-options/ ;
_/coreframework http://www.bu.edu/tech/web/departments/wordpress/design-options/ ;
_/countdown http://www.bu.edu/alumni/classgift/countdown.html ;
_/covid-19-info-chn https://www.bu.edu/back2bu-chn/ ;
_/covid-19-information https://www.bu.edu/back2bu/ ;
_/cre http://www.bu.edu/hdr/ ;
_/crew http://www.bu.edu/athletics/crew/men/ ;
_/cruiseandlearn http://www.continuingeducation.net/schedule.php?sq=1&profession=Dentists&title=Boston+University&utm_source=BU&utm_medium=link&utm_campaign=bu_site ;
_/ctf http://www.bu.edu/otd/ ;
_/cughdental https://bostonu.qualtrics.com/SE/?SID=SV_eP1YpZtCKcdR88d ;
_/cwc http://www.bu.edu/shs/ ;
_/danrather http://hgar-srv3.bu.edu/web/dan-rather/home/ ;
_/dayofservice http://www.bu.edu/globaldaysofservice/ ;
_/daysofservice http://www.bu.edu/globaldaysofservice/ ;
_/degreecomplete http://www.bu.edu/met/info-center/info-sessions-open-houses-webinars/adcp-info-session/ ;
_/dentalassisting http://www.bu.edu/dental/ce/special-programs/dental-assisting-training-program1/ ;
_/dentures http://www.bu.edu/dental/patients/dentures/ ;
_/digication http://bu.digication.com ;
_/digital-strategy http://www.bu.edu/executive-courses/digital-strategy/ ;
_/digitalrevolutionevent https://secure-alumni.bu.edu/olc/pub/BUAR/event/showEventForm.jsp?form_id=187930 ;
_/dinegreen http://www.bu.edu/dining/about-us/sustainability/ ;
_/discoveries http://www.bu.edu/cas/alumni/lectures-events/discoveries-lecture-series/ ;
_/distance http://www.bu.edu/online/ ;
_/donorwebinar http://bostonu.imodules.com/s/1759/2-bu/19/1col.aspx?sid=1759&gid=2&pgid=7544&content_id=8798&authkey=Rqh4Y9UhyvohB7cRt7svkf9hi0cZseOSsZ60pgCZBDMKN7EgkO0oiA%3d%3d ;
_/double-it https://www.bu.edu/doubleit/forms/parents/ ;
_/earthhouse https://www.bu.edu/sustainability/what-you-can-do/green-teams/earth-house/ ;
_/ebrochures http://www.plan.gs/CategoryDetailList.do?orgId=5777&categoryId=266 ;
_/ecllscholarship https://trusted.bu.edu/s/1759/2-bu/giving.aspx?sid=1759&gid=2&pgid=412&cid=1044&dids=302&bledit=1&appealcode=WEBAGC ;
_/electric http://www.bu.edu/executive-courses/electric-industry-transformation/ ;
_/eliewieselarchive http://hgar-srv3.bu.edu/web/elie-wiesel/home/ ;
_/eliewieselday http://bostonu.imodules.com/s/1759/2-bu/alumniWeekend/interior.aspx?sid=1759&gid=2&pgid=252&cid=6194&ecid=6194&crid=0&calpgid=3246&calcid=6192 ;
_/emba-facts http://bu.edu/emba?utm_source=newscientist.com&utm_medium=print&utm_content=weekends&utm_campaign=emba%202014 ;
_/emba09 http://www.bu.edu/emba/ ;
_/emba1 http://www.bu.edu/emba?utm_source=adwords&utm_medium=cpc&utm_campaign=emba-adwords ;
_/emba22 http://www.bu.edu/emba?utm_source=WBZ&utm_medium=banner&utm_campaign=cbslocal ;
_/embacurriculum http://management.bu.edu/executive-education/emba/features/ ;
_/embafaculty http://www.bu.edu/questrom/executive-education/our-faculty/ ;
_/embainfo http://www.bu.edu/emba?utm_source=BBJ&utm_medium=banner&utm_campaign=bbj-emba/ ;
_/emergingmedia http://www.bu.edu/com/academics/emerging-media/ ;
_/emf http://www.bu.edu/questrom/executive-education/executive-courses-universities/emf/ ;
_/entrepreneurship http://smgworld.bu.edu/entrepreneurship/ ;
_/environment http://www.bu.edu/geography ;
_/eportfolio https://bu.digication.com/portfolio_about_portfolios/Welcome ;
_/escort http://www.bu.edu/dos/late-night-transportation/ ;
_/esl http://www.bu.edu/celop/ ;
_/estateguide https://bu.giftlegacy.com/?pageID=19 ;
_/estateplanning http://www.plan.gs/Article.do?orgId=5777&articleId=1456 ;
_/euforyou http://www.bu.edu/european/ ;
_/eufutures http://sites.bu.edu/eufutures/ ;
_/evening http://www.bu.edu/questrom/pemba?utm_source=mbta&utm_medium=park%2Fdowntown&utm_term=evening&utm_content=%231&utm_campaign=park%2Fdowntown ;
_/evening-info http://www.bu.edu/questrom/pemba?utm_source=pemba_fact_sheet&utm_medium=print&utm_campaign=evening-info ;
_/eveningmba http://www.bu.edu/pemba-part-time/?utm_source=mbta&utm_medium=station%20poster&utm_content=evening%20mba&utm_campaign=pemba%202015 ;
_/evergreen https://cpe.bu.edu/evergreen/ ;
_/evp http://www.bu.edu/executive/ ;
_/excellence http://www.bu.edu/studentactivities/esa ;
_/exec http://www.bu.edu/questrom/executive-education/ ;
_/execed http://management.bu.edu/executive-education/ ;
_/execemf http://www.bu.edu/executive-courses/entrepreneurial-marketing-finance-program ;
_/execmba http://www.bu.edu/mbainfo/executive-mba/?utm_source=wbur&utm_medium=20%20spot&utm_campaign=emba ;
_/executivevp http://www.bu.edu/info/about/admin/ ;
_/exed http://management.bu.edu/executive-education/ ;
_/experience http://www.bu.edu/evcon/ ;
_/experience-room http://www.bu.edu/evcon/ ;
_/ezproxy http://www.bu.edu/proxy/ ;
_/facial-rejuvenation http://www.bu.edu/dental/academics/departments/omfs/center-for-facial-rejuvenation/ ;
_/faculty https://www.bu.edu/provost/faculty-affairs/faculty-resources/ ;
_/faculty/ear http://www.bu.edu/phpbin/ear/ ;
_/facultycouncil http://www.bu.edu/fafc/ ;
_/feltensteinchallenge http://www.bu.edu/alumni/feltensteinchallenge/ ;
_/festival http://www.bu.edu/sustainability/what-you-can-do/events/sustainability-festival/ ;
_/finance http://www.bu.edu/questrom/finance/?utm_source=Finance_brochure&utm_medium=print&utm_campaign=Finance_brochure ;
_/findmyprint http://www.bu.edu/tech/services/cccs/printing/myprint/myprint-locations/ ;
_/finplanners http://www.bu.edu/professional/programs/certificate/financial_planners/acadient/index.html ;
_/fintechcertificate https://www.bu.edu/questrom/degree-programs/ms-in-mathematical-finance/graduate-certificate-in-financial-technology/ ;
_/firesafety http://www.bu.edu/ehs/faqs/faq/ ;
_/florencenightingale http://hgar-srv3.bu.edu/web/florence-nightingale/ ;
_/foodallergy http://www.bu.edu/scnc/foodallergy/ ;
_/formerworker http://www.worker-health.org/formerworker/ ;
_/forse http://management.bu.edu/exec/elc/forse/index.shtml ;
_/frombtou https://trusted.bu.edu/s/1759/2-bu/index.aspx?sid=1759&gid=2&pgid=472&cid=1133&appealcode=WEBAGC-BU ;
_/ftp-survey https://bostonu.qualtrics.com/SE/?SID=SV_9AZ76jfO4k1HxuB ;
_/futuremba http://www.bu.edu/pemba-part-time/?utm_source=wbur&utm_medium=underwriting&utm_content=future%20mba&utm_campaign=pemba%202015 ;
_/fy101 https://www.bu.edu/cas/current-students/undergraduate/about-us/the-first-year-experience/fy101/ ;
_/fy102 https://www.bu.edu/cas/current-students/undergraduate/about-us/the-first-year-experience/fy102/ ;
_/fy103 https://www.bu.edu/cas/current-students/undergraduate/about-us/the-first-year-experience/ ;
_/fye https://www.bu.edu/cas/current-students/undergraduate/about-us/the-first-year-experience/ ;
_/fysopstyle http://www.bu.edu/dos/fysop-style/ ;
_/gastronomy http://sites.bu.edu/gastronomy/ ;
_/gds http://bostonu.imodules.com/s/1759/2-bu/dayofService/home.aspx?sid=1759&gid=2&pgid=3328 ;
_/gegi http://www.bu.edu/pardeeschool/research/gegi/ ;
_/geochemistry http://www.bu.edu/es/ ;
_/geology http://www.bu.edu/es/ ;
_/geophysics http://www.bu.edu/es/ ;
_/geoscience http://www.bu.edu/es/ ;
_/geosciences http://www.bu.edu/es/ ;
_/gep http://www.bu.edu/alumni/opg/ ;
_/getready http://management.bu.edu/pemba/?utm_source=Boston%20Metro&utm_medium=PopUp&utm_content=GetReady&utm_campaign=PEMBA%20Because ;
_/giftcalculator http://www.plan.gs/Article.do?orgId=5777&articleId=11790 ;
_/give https://trusted.bu.edu/s/1759/2-bu/giving/interior.aspx?sid=1759&gid=2&pgid=412&cid=1044&appealcode=WEBAGC ;
_/give2busm https://trusted.bu.edu/s/1759/2-bu/index.aspx?sid=1759&gid=2&pgid=424&cid=1063&appealcode=WEBMED-AL ;
_/give2cas https://trusted.bu.edu/s/1759/2-bu/giving/interior.aspx?sid=1759&gid=2&pgid=481&cid=1146&appealcode=WEBCAS-PR ;
_/give2cfa https://trusted.bu.edu/s/1759/2-bu/giving/interior.aspx?sid=1759&gid=2&pgid=3853&cid=7172&appealcode=WEBCFA-PR ;
_/give2cgs https://trusted.bu.edu/s/1759/2-bu/giving/interior.aspx?sid=1759&gid=2&pgid=6002&cid=11061&appealcode=WEBCGS-PR ;
_/give2com https://trusted.bu.edu/s/1759/2-bu/giving/interior.aspx?sid=1759&gid=2&pgid=434&cid=1077&appealcode=WEBCOM-PR ;
_/give2eng https://trusted.bu.edu/s/1759/2-bu/giving/interior.aspx?sid=1759&gid=2&pgid=479&cid=1143&appealcode=WEBENG-PR ;
_/give2gsdm https://trusted.bu.edu/s/1759/2-bu/giving/interior.aspx?sid=1759&gid=2&pgid=436&cid=1080&appealcode=WEBSDM-PR ;
_/give2met https://trusted.bu.edu/s/1759/2-bu/giving/interior.aspx?sid=1759&gid=2&pgid=6004&cid=11065&appealcode=WEBMET-PR ;
_/give2pardee https://trusted.bu.edu/s/1759/2-bu/giving/interior.aspx?sid=1759&gid=2&pgid=5609&cid=10116&appealcode=WEBPAR-PR ;
_/give2questrom https://trusted.bu.edu/s/1759/2-bu/giving.aspx?sid=1759&gid=2&pgid=654&cid=1470&appealcode=WEBQUESTROM ;
_/give2sargent https://trusted.bu.edu/s/1759/2-bu/giving/interior.aspx?sid=1759&gid=2&pgid=3855&cid=7177&appealcode=WEBSAR-PR ;
_/give2sha https://trusted.bu.edu/s/1759/2-bu/giving/interior.aspx?sid=1759&gid=2&pgid=440&cid=1086&appealcode=WEBSHA-PR ;
_/give2ssw https://trusted.bu.edu/s/1759/2-bu/giving/interior.aspx?sid=1759&gid=2&pgid=464&cid=1122&appealcode=WEBSSW-PR ;
_/give2sth https://trusted.bu.edu/s/1759/2-bu/giving/interior.aspx?sid=1759&gid=2&pgid=1333&cid=2638&appealcode=WEBSTH-PR ;
_/give2wheelock https://trusted.bu.edu/s/1759/2-bu/giving/interior.aspx?sid=1759&gid=2&pgid=2505&cid=4460&appealcode=WEBSED-PR ;
_/givebussw https://www.bu.edu/ssw/alumni/give-back/ ;
_/givecasfamily https://trusted.bu.edu/s/1759/2-bu/giving/interior.aspx?sid=1759&gid=2&pgid=481&cid=1146&dids=1079&bledit=1&appealcode=WEBCAS ;
_/givecgs https://www.bu.edu/cgs/donate/ ;
_/giveclassgift https://www.bu.edu/alumni-forms/forms/classgift/ ;
_/givenow https://www.bu.edu/alumni/giving/ ;
_/giveonline https://trusted.bu.edu/s/1759/2-bu/index.aspx?sid=1759&gid=2&pgid=468&cid=1127&appealcode=WEBAGC-GO ;
_/givesargent https://trusted.bu.edu/s/1759/2-bu/giving/interior.aspx?sid=1759&gid=2&pgid=3855&cid=7177&appealcode=WEBSAR ;
_/givethroughbu https://trusted.bu.edu/s/1759/2-bu/index.aspx?sid=1759&gid=2&pgid=452&cid=1104&appealcode=WEBAGC-GT ;
_/givetobu https://trusted.bu.edu/s/1759/2-bu/index.aspx?sid=1759&gid=2&pgid=454&cid=1107&appealcode=WEBAGC-GB ;
_/givetobudt https://crowdfunding.bu.edu/campaigns/bu-dance-team-road-to-nationals-1 ;
_/givetobuti https://trusted.bu.edu/s/1759/2-bu/giving.aspx?sid=1759&gid=2&pgid=519&cid=1204&appealcode=WEBAGC-TI ;
_/givetocas http://www.bu.edu/cas/alumni/giving/ ;
_/givetoday https://trusted.bu.edu/s/1759/2-bu/index.aspx?sid=1759&gid=2&pgid=468&cid=1127&appealcode=WEBAGC-TO ;
_/givetohillel https://trusted.bu.edu/s/1759/2-bu/giving/interior.aspx?sid=1759&gid=2&pgid=468&cid=1127&dids=35&appealcode=WEBAGC-GO ;
_/givetolaw https://trusted.bu.edu/s/1759/2-bu/giving/interior.aspx?sid=1759&gid=2&pgid=420&cid=1057&appealcode=WEBLAW-PR ;
_/givetosph https://trusted.bu.edu/s/1759/2-bu/giving/interior.aspx?sid=1759&gid=2&pgid=497&cid=1170&appealcode=WEBSPH-PR ;
_/givetowtbu https://trusted.bu.edu/s/1759/2-bu/giving.aspx?sid=1759&gid=2&pgid=434&cid=1077&dids=141&appealcode=WEBCOM ;
_/giving https://www.bu.edu/alumni/giving ;
_/givingback https://www.bu.edu/alumni-forms/forms/annualfund/givingback/index.html ;
_/givingday https://givingday.bu.edu/pages/bu-giving-day-home ;
_/givingday/vip https://givingday.bu.edu/pages/bu-vip ;
_/givingmatters http://www.bu.edu/campaign/ways-of-giving/annual-fund/donor-impact-page/your-giving-matters/ ;
_/givingsocieties https://www.bu.edu/alumni/giving/who-gives/ ;
_/givingtuesday https://givingtuesday.bu.edu/pages/giving-tuesday-1 ;
_/global-crisis http://www.bu.edu/com/academics/journalism/crisis-reporting/ ;
_/globaldayofservice http://bostonu.imodules.com/s/1759/2-bu/dayofService/home.aspx?sid=1759&gid=2&pgid=3328 ;
_/globaldaysofservice http://bostonu.imodules.com/s/1759/2-bu/dayofService/home.aspx?sid=1759&gid=2&pgid=3328 ;
_/globalhouse https://www.bu.edu/cas/academics/undergraduate-education/special-academic-opportunities/language-learning-at-cas/bu-global-house/ ;
_/globalmediakit http://www.bu.edu/abroadatbu/ ;
_/globaloperations http://www.bu.edu/globalprograms ;
_/globalquestionnaire https://ist-ogp-p.bu.edu/ ;
_/goterriers https://trusted.bu.edu/s/1759/2-bu/giving/interior.aspx?sid=1759&gid=2&pgid=410&cid=1042&appealcode=WEBATH-PR ;
_/govcenter http://management.bu.edu/pemba/?utm_source=govcenter&utm_medium=number1eveningmba&utm_campaign=aug2012 ;
_/gradanniversary1966 http://www.bu.edu/campaign/ways-of-giving/grad-ann/class-of-66/ ;
_/gradanniversary1991 http://www.bu.edu/campaign/ways-of-giving/grad-ann/class-of-91/ ;
_/gradanniversary2006 http://www.bu.edu/campaign/ways-of-giving/grad-ann/class-of-2006/ ;
_/gradanniversary2011 http://www.bu.edu/campaign/ways-of-giving/grad-ann/class-of-2011/ ;
_/gradanniversary2015 http://www.bu.edu/campaign/ways-of-giving/grad-ann/class-of-2015/ ;
_/halloween http://www.bu.edu/studentactivities/halloween/ ;
_/haneke http://www.bu.edu/com/ft/haneke/ ;
_/hariri http://www.bu.edu/hic/ ;
_/haydn http://www.bu.edu/cfa/haydn/ ;
_/headspace https://www.bu.edu/provost/wellbeingproject/wellbeing-project-resources/headspace/ ;
_/healthmatters http://healthmatters.bu.edu/ ;
_/healthmba http://management.bu.edu/pemba/?utm_source=longwood%20buses&utm_medium=kong%20exterior%20poster&utm_content=jan%2028%20%2B%20mar%203&utm_campaign=pemba%202015 ;
_/herbalstudy http://wwwapp1.bumc.bu.edu/FM_HerbalStudy/ ;
_/hi http://www.bu.edu/hic ;
_/hiccse http://www.bu.edu/hic ;
_/hilleldining https://www.bu.edu/phpbin/hilleldining/ ;
_/hipart http://scv.bu.edu/HiPArt/ ;
_/hirequestrom https://www.bu.edu/questrom/careers/hire-questrom/ ;
_/hockeygolf https://secure-alumni.bu.edu/olc/pub/BUAR/event/showEventForm.jsp?form_id=73772 ;
_/holickehlersdanlosfund https://trusted.bu.edu/s/1759/2-bu/giving/interior.aspx?sid=1759&gid=2&pgid=422&cid=1060&dids=361&appealcode=WEBMED-DV ;
_/homecoming http://www.bu.edu/orientation/families/parents-weekend/ ;
_/honordeanmeenan https://trusted.bu.edu/s/1759/2-bu/index.aspx?sid=1759&gid=2&pgid=462&cid=1119&dids=174&appealcode=WEBSPH-DM ;
_/honordeanwells https://www.bu.edu/alumni-forms/forms/honordeanwells/ ;
_/hr/covid-19-workplace-adjustment-request-form https://www.bu.edu/hr/covid-19-workplace-adjustment-request/ ;
_/htc http://www.bu.edu/thurman/ ;
_/hubiejonesfund https://trusted.bu.edu/s/1759/2-bu/giving/interior.aspx?sid=1759&gid=2&pgid=464&cid=1122&dids=335&appealcode=WEBSSW ;
_/hubiejonesrsvp https://bostonu.imodules.com/s/1759/2-bu/19/1col.aspx?sid=1759&gid=2&pgid=8634&content_id=10053 ;
_/humanitiesforums http://sites.bu.edu/humanitiesforums/ ;
_/hydrology http://www.bu.edu/es/ ;
_/ice http://www.innercityentrepreneurs.org ;
_/id http://www.bu.edu/interactive-design/ ;
_/igsw-register http://www.bu.edu/nisdev/php5/igsw-test/register/app/catalog.php ;
_/ihs http://www.bu.edu/euforyou/ ;
_/impact https://www.bu.edu/alumni/giving/impact/ ;
_/inaugural http://www.bu.edu/inauguration/ ;
_/infancp http://www.bu.edu/infantcp ;
_/infocenter http://www.bu.edu/info/about/ ;
_/infosec https://www.bu.edu/tech/support/information-security/ ;
_/infosec/newtobu https://www.bu.edu/tech/support/information-security/information-security-new-to-bu/ ;
_/infosec/phishbowl https://www.bu.edu/tech/support/information-security/bus-phish-bowl/ ;
_/infosec/securityhero https://www.bu.edu/tech/support/information-security/information-security-hero-program/ ;
_/inmlcfp http://smgworld.bu.edu/elc/open-enrollment/inml/Community-Fellows-Program/ ;
_/inmlcore http://smgworld.bu.edu/elc/open-enrollment/inml/inml-core-certificate-program/ ;
_/inmlprograms http://smgworld.bu.edu/elc/open-enrollment/inml/ ;
_/integrativemed http://www.bumc.bu.edu/integrativemed/ ;
_/intracghd http://www.bu.edu/sph/about/departments/global-health/ ;
_/investinprevention https://trusted.bu.edu/s/1759/2-bu/giving.aspx?sid=1759&gid=2&pgid=497&cid=1170&dids=240&bledit=1 ;
_/iraopportunity http://www.plan.gs/Article.do?articleId=14712&orgId=5777 ;
_/irc http://www.bu.edu/sargent/centers/irc ;
_/irwa http://www.bu.edu/cura/ ;
_/isec http://www.bu.edu/cura/ ;
_/isgc https://www.bu.edu/chapel/stewardship/ ;
_/isps http://isps.bu.edu/ ;
_/ist-automation/webdis https://www.bu.edu/phpbin/webdis/ ;
_/istnews http://www.bu.edu/ist-news/ ;
_/itcommon http://www.bu.edu/it-common/ ;
_/itrp http://www.academyofmediaproduction.com/ ;
_/jam-now http://smgworld.bu.edu/businesseducationjam/?utm_source=chronicle&utm_medium=print%20ad&utm_content=89%25%20business%20leaders&utm_campaign=biz%20ed%20jam ;
_/jamdocs http://drive.google.com/a/bu.edu ;
_/jamsponsor http://smgworld.bu.edu/businesseducationjam/sponsorships/ ;
_/janetosprize https://trusted.bu.edu/s/1759/2-bu/giving/interior.aspx?sid=1759&gid=2&pgid=412&cid=1044&dids=1080&bledit=1&appealcode=WEBAGC ;
_/jeremyyudkinscholarship https://www.bu.edu/alumni/giving/why/opportunity/ ;
_/jfa http://www.maney.co.uk/journals/jfa ;
_/jobs http://www.bu.edu/hr/careers/ ;
_/joevita http://www.bumc.bu.edu/supportingbusm/vita/ ;
_/join-the-challenge http://www.bu.edu/sustainability/what-you-can-do/join-the-challenge/ ;
_/joinfriends https://trusted.bu.edu/s/1759/2-bu/giving.aspx?sid=1759&gid=2&pgid=458&cid=1113&dids=239&bledit=1 ;
_/journals http://www.bu.edu/academics/journals/ ;
_/kendall http://management.bu.edu/pemba/?utm_source=mbta&utm_medium=kendall&utm_campaign=mbta_kendall ;
_/kerberos http://www.bu.edu/computing/accounts/kerberos ;
_/kerberosonly http://www.bu.edu/computing/accounts/create ;
_/kssf https://www.bu.edu/sth/alumni/giving/ ;
_/lab http://www.bumc.bu.edu/neurology/ ;
_/lacelebratesbu http://bostonu.imodules.com/s/1759/2-bu/2col.aspx?sid=1759&gid=2&pgid=961&content_id=689 ;
_/lamovie http://www.bu.edu/abroad/media/la-internship-program/ ;
_/languagelearning http://www.bu.edu/cas/academics/undergraduate-education/language-learning-at-cas/ ;
_/languages http://www.bu.edu/cas/academics/undergraduate-education/special-academic-opportunities/language-learning-at-cas/ ;
_/lastingloyal https://trusted.bu.edu/s/1759/2-bu/giving/interior.aspx?sid=1759&gid=2&pgid=493&cid=1164&paymenttype=perpetual&appealcode=WEBAGC-BULS ;
_/latenightkitchen http://www.bu.edu/dining/where-to-eat/retail-dining/late-night-kitchen/ ;
_/lawgiving https://trusted.bu.edu/s/1759/2-bu/index.aspx?sid=1759&gid=2&pgid=420&cid=1057&appealcode=WEBLAW ;
_/lcemp http://www.bu.edu/lancet-commission-essential-medicines-policies/ ;
_/leadershipgifts https://trusted.bu.edu/s/1759/2-bu/index.aspx?sid=1759&gid=2&pgid=470&cid=1130&appealcode=WEBAGC-GS ;
_/leadershipgiving https://trusted.bu.edu/s/1759/2-bu/index.aspx?sid=1759&gid=2&pgid=470&cid=1130&appealcode=WEBAGC-AL ;
_/leadershipsupport https://trusted.bu.edu/s/1759/2-bu/index.aspx?sid=1759&gid=2&pgid=470&cid=1130&appealcode=WEBAGC-LS ;
_/leading-by-example http://www.bu.edu/alumni/annual-fund/leading-by-example ;
_/learn https://learn.bu.edu ;
_/learnmore https://onebu.tfaforms.net/218015 ;
_/leboha http://www.bu.edu/lesotho/ ;
_/leed100bsr http://www.bu.edu/sustainability/what-were-doing/green-buildings/center-for-student-services/ ;
_/liberalstudies http://www.bu.edu/met/academic-community/departments/liberal-studies/ ;
_/lifebook http://www.bu.edu/dos/policies/lifebook/ ;
_/lifesciences https://www.bu.edu/kilachandcenter/ ;
_/links http://www.bu.edu/link/ ;
_/links2 http://www.bu.edu/link/ ;
_/login https://weblogin.bu.edu/login/ ;
_/logout https://weblogin.bu.edu/logout/ ;
_/loyalty https://trusted.bu.edu/s/1759/2-bu/index.aspx?sid=1759&gid=2&pgid=493&cid=1164&appealcode=WEBAGC-BULS ;
_/loyaltysociety https://www.bu.edu/alumni/giving/who-gives/loyalty-society ;
_/lu-lingzi-fund https://www.bu.edu/alumni-forms/forms/lu-lingzi-fund ;
_/lutheran http://www.bu.edu/chapel/ ;
_/machozi https://trusted.bu.edu/s/1759/2-bu/giving.aspx?sid=1759&gid=2&pgid=1333&cid=2638&dids=261&appealcode=WEBSTH ;
_/maci http://www.bumc.bu.edu/maci ;
_/makeagift https://trusted.bu.edu/s/1759/2-bu/index.aspx?sid=1759&gid=2&pgid=468&cid=1127&appealcode=WEBAGC-MA ;
_/management-event http://management.bu.edu/event/private-equity/ ;
_/maps https://maps.bu.edu/ ;
_/marketingcloud https://mcpm5v4trzkfjltxymfzfz5rnsfm.login.exacttarget.com/sso/f072153c2d20403d361e6f6a275c24270a22307a5129300b2921241b3e2d4d22273b5828314c3c7065007d7517707667 ;
_/marketplaceinfo http://vpfa-server18.bu.edu/helpconsole/BU%20Procure-to-Pay%20Guide/Static/the_terrier_marketplace.htm ;
_/marshgiving https://trusted.bu.edu/s/1759/2-bu/giving/interior.aspx?sid=1759&gid=2&pgid=485&cid=1151&appealcode=WEBMSH-PR ;
_/masterit http://www.bu.edu/academics/degree-programs/master-it/ ;
_/match http://www.bu.edu/campaign/ways-of-giving/means-of-giving/matching-gifts/ ;
_/mathfinance http://www-staging.bu.edu/questrom/admissions/graduate-programs/msmf/ ;
_/mathfinanceconference http://smgworld.bu.edu/mathfinanceconference/ ;
_/mathfn http://www.bu.edu/questrom/graduate/graduate-programs/msmf/?utm_source=finance%2Bbrochure&utm_medium=print&utm_campaign=Finance_brochure_Mathfn ;
_/mba-admissions https://www.bu.edu/questrom/admissions/graduate-programs/ ;
_/mba-apply https://www.bu.edu/link/bin/uiscgi_graduate_application.pl?College=gsm&utm_source=mba%2Bfact%2Bbook&utm_medium=print&utm_content=mba-apply-fact-book&utm_campaign=mba-apply ;
_/mba-connect http://www.bu.edu/mbainfo/attend-an-info-session/?utm_source=mbta&utm_medium=liveboard&utm_campaign=mba&utm_content=mba%20connect&tfa_4=mbta&tfa_3=liveboard&tfa_1=mba&tfa_2=mba%20connect ;
_/mba-essays http://www.bu.edu/questrom/admissions/graduate-programs/full-time-mba/admissions-checklist/ ;
_/mba-event https://www.bu.edu/questrom/admissions/admissions-events/ ;
_/mba-facts http://www.bu.edu/questrom/graduate/graduate-programs/ ;
_/mba-finance http://www.bu.edu/questrom/graduate/graduate-programs/msmf/?utm_source=brochure_MBA&utm_medium=print&utm_campaign=Finance%2Bbrochure_MBA ;
_/mba-guide http://www.bu.edu/questrom/graduate/graduate-programs/?utm_source=MNI&utm_medium=online&utm_term=mba&utm_content=mba-guide&utm_campaign=MNI_online_campaign ;
_/mba-msdi https://www.bu.edu/questrom/degree-programs/mba-ms-in-digital-innovation/ ;
_/mba-programs http://www.bu.edu/questrom/pemba/?utm_source=LinkedIn&utm_medium=online&utm_campaign=LinkedIn_PEMBA_online ;
_/mba-tips https://www.bu.edu/questrom/admissions/graduate-programs/full-time-mba/application-tips/ ;
_/mba2010 http://www.bu.edu/questrom/pemba/?utm_source=mbta&utm_medium=north%2Fgovt&utm_term=mba2010&utm_content=leaders%2Bwanted&utm_campaign=mbta_north%2Fgovt ;
_/mbaevents https://www.bu.edu/mbainfo/attend-an-info-session/?utm_source=npm&utm_medium=podcast%20audio&utm_campaign=mba&utm_content=fall%20events&tfa_4=npm&tfa_3=podcast%20audio&tfa_1=mba&tfa_2=fall%20events ;
_/mbaexec https://www.bu.edu/mbainfo/executive-mba/?utm_source=acela&utm_medium=ct%20kiosk%20poster&utm_campaign=emba&tfa_4=learn%20more&tfa_3=acela&utm_medium=ct%20kiosk%20poster&tfa_1=emba&tfa_2=learn%20more ;
_/mbalunch http://www.bu.edu/questrom/lunch-and-learn-sept-2019/?utm_source=mbta&utm_medium=2%20sheet&utm_campaign=mba&utm_content=sep%20lunch%20learn&tfa_4=mbta&tfa_3=2%20sheet&tfa_1=mba&tfa_2=sep%20lunch%20learn ;
_/mbamph http://www.bu.edu/questrom/graduate/graduate-programs/dual/healthcare/ ;
_/mbanext http://www.bu.edu/mbainfo/?utm_source=mbta&utm_medium=station%20poster&utm_campaign=mba&utm_content=mbanext&tfa_4=mbta&tfa_3=station%20poster&tfa_1=mba&tfa_2=mbanext ;
_/mbanorth http://management.bu.edu/pemba/?utm_source=LRTA&utm_medium=Bus%20Posters&utm_content=MBAnorth&utm_campaign=PEMBA%20Because ;
_/mbapathway https://www.bu.edu/mbainfo/attend-an-info-session/?utm_source=q1%20media&utm_medium=podcast%20audio&utm_campaign=mba&utm_content=fall%20events&tfa_4=q1%20media&tfa_3=podcast%20audio&tfa_1=mba&tfa_2=fall%20events ;
_/mbasession http://www.bu.edu/mbainfo?utm_source=spotify&utm_medium=30%20second%20spot&utm_content=mba%20session&utm_campaign=pemba ;
_/mbta http://www.bu.edu/questrom/pemba/?utm_source=mbta&utm_medium=MBTAads&utm_campaign=BackBayAug2012 ;
_/mdparents http://www.bumc.bu.edu/mdparents/ ;
_/medaw http://www.bumc.bu.edu/busm/alumni/events/schedule-of-events ;
_/medclassnotes http://www.bumc.bu.edu/medalumni/alumni-engagement/classnotes/ ;
_/medenews http://www.bumc.bu.edu/medalumni/alumni-enewsletter ;
_/medevents http://www.bumc.bu.edu/medalumni/events ;
_/mediatoday http://www.bu.edu/com/mediatoday ;
_/medlib https://www.bumc.bu.edu/medlib/ ;
_/medstudy http://wwwapp.bumc.bu.edu/StudySpace/ ;
_/medstures http://www.bumc.bu.edu/studentresidence/ ;
_/messiaen http://oliviermessiaen.net ;
_/met50 http://www.bu.edu/met/50/ ;
_/metro http://www.bu.edu/questrom/pemba/?utm_source=Metro&utm_medium=print&utm_campaign=Metro_2012 ;
_/militarynight http://events.constantcontact.com/register/event?llr=it7puneab&oeidk=a07e3ao5gre2dbf77ae ;
_/mini-mba http://www.bu.edu/executive-courses/mini-mba-for-tech-executives/ ;
_/mobile-life-workshop http://www.bu.edu/com/2012/12/03/call-for-papers-living-inside-mobile-social-information/ ;
_/moc http://www.bu.edu/hic/initiatives/massachusetts-open-cloud/ ;
_/modern-med http://sites.bu.edu/modern-med/ ;
_/moreinfo http://www.bu.edu/mbainfo?utm_source=metro&utm_medium=super%20masthead&utm_content=more%20info&utm_campaign=mba ;
_/move-out http://www.bu.edu/sustainability/campus-resources/move-in/move-out-2/ ;
_/msadvertising http://www.bu.edu/met/ads/advertising/?utm_campaign=advertising&utm_medium=print&utm_source=ads ;
_/msba https://www.bu.edu/questrom/degree-programs/ms-in-business-analytics/ ;
_/msmf http://www.bu.edu/questrom/degree-programs/ms-in-mathematical-finance/ ;
_/msmft https://www.bu.edu/questrom/degree-programs/ms-in-mathematical-finance/ ;
_/msms http://www.bu.edu/questrom/degree-programs/ms-in-management-studies/ ;
_/msmsin9 http://www.bu.edu/msms-ad/?utm_source=college%20paper&utm_campaign=msms&utm_medium=1%2F2%20page%20ad&utm_content=2016%20grad%20placements ;
_/msmsinfo http://www.bu.edu/msms-ad/?utm_source=BU%20campus&utm_campaign=msms&utm_medium=poster&utm_content=2016%20grad%20placements ;
_/mugarlab http://www.bu.edu/tech/desktop/labs/mugar/ ;
_/multimediapoet http://www.bu.edu/com/ft/multimediapoet/ ;
_/mvp http://www.ihoptimize.org ;
_/mybuphone https://mybuphone.bu.edu/ucmuser/ ;
_/mybuworks https://pgw.buw.bu.edu/sap/bc/ui5_ui5/ui2/ushell/shells/abap/FioriLaunchpad.html ;
_/mybuworks-sandbox https://sgw.buw.bu.edu/ ;
_/mycv https://www.bu.edu/provost/faculty-affairs/my-cv/ ;
_/mygift https://trusted.bu.edu/s/1759/2-bu/index.aspx?sid=1759&gid=2&pgid=489&cid=1157&appealcode=WEBAGC-MG ;
_/myhousing https://bu.starrezhousing.com/StarRezPortalX/ ;
_/myopathy http://www.bumc.bu.edu/myopathy/ ;
_/myprint https://myprintweb.bu.edu/ ;
_/navyrotc http://www.bu.edu/rotc/navy/ ;
_/newyear https://www.bu.edu/alumni-forms/forms/giving/online/index/ ;
_/newyorkcelebratesbu https://alumni.bu.edu/olc/pub/BUAR/event/showEventForm.jsp?form_id=193628 ;
_/newyorkeveningwithbu https://alumni.bu.edu/olc/pub/BUAR/event/showEventForm.jsp?form_id=193628 ;
_/nexus http://nexus.bu.edu ;
_/nightingale http://www.bu.edu/florencenightingale/ ;
_/niteo https://cpr.bu.edu/living-well/college ;
_/nonprofitmba http://www.bu.edu/questrom/nonprofitmba/ ;
_/north-campus http://management.bu.edu/pemba/?utm_source=pemba_fact_sheet&utm_medium=print&utm_campaign=north-campus ;
_/northmba http://management.bu.edu/pemba/?utm_source=LRTA&utm_medium=Bus%20Posters&utm_content=MBAnorth&utm_campaign=PEMBA%20Because ;
_/npl http://sites.bu.edu/guentherlab/ ;
_/nyc2020 https://www.bu.edu/alumni/leadership-celebration/ ;
_/nycgala http://bostonu.imodules.com/s/1759/2-bu/2col.aspx?sid=1759&gid=2&pgid=3646&content_id=3761 ;
_/ocn https://sites.bu.edu/ocn/ ;
_/ocs http://www.bu.edu/evcon ;
_/odsreunionsurvey https://wwwru.bumc.bu.edu/odsreunionsurvey/ ;
_/office365 https://portal.office.com/ ;
_/oir https://www.bu.edu/asir/ ;
_/om http://www.bu.edu/questrom/faculty-research/departments/operations/ ;
_/omba https://www.bu.edu/questrom/degree-programs/online-mba/ ;
_/omba-admissions https://www.bu.edu/questrom/admissions/graduate-programs/online-mba/ ;
_/omc http://www.bu.edu/marcom/ ;
_/onlinemba https://www.bu.edu/questrom/degree-programs/online-mba/ ;
_/openaccess http://www.bu.edu/library/openaccess/ ;
_/opg http://www.bu.edu/plannedgiving/ ;
_/orcid http://sites.bu.edu/orcid/ ;
_/osc http://www.bu.edu/osc/index.html ;
_/osf https://osf.io/institutions/bu/ ;
_/p2pguide http://vpfa-server18.bu.edu/helpconsole/BU%20Procure-to-Pay%20Guide/Static/getting_started.htm ;
_/paadmissions https://MyPA-Application.bumc.bu.edu ;
_/parentfund https://trusted.bu.edu/s/1759/2-bu/index.aspx?sid=1759&gid=2&pgid=444&cid=1092&appealcode=WEBAGC-PF ;
_/parentgifts https://trusted.bu.edu/s/1759/2-bu/index.aspx?sid=1759&gid=2&pgid=444&cid=1092&appealcode=WEBAGC-PG ;
_/parents http://www.bu.edu/parentsprogram/ ;
_/parentsupport https://trusted.bu.edu/s/1759/2-bu/index.aspx?sid=1759&gid=2&pgid=444&cid=1092&appealcode=WEBAGC-PS ;
_/parentsweekend http://www.bu.edu/orientation/families/parents-weekend/ ;
_/parfund http://bostonu.imodules.com/s/1759/2-bu/2col.aspx?sid=1759&pgid=1744&gid=2&cid=3305&ecid=3305&post_id=0 ;
_/parkstreet http://management.bu.edu/pemba/?utm_source=parkstreet&utm_medium=number1eveningmba&utm_campaign=aug2012 ;
_/patientconnect http://bu.edu/shs/patientconnect ;
_/payment https://www.bu.edu/link/bin/uiscgi_student_account_payment_third_party.pl ;
_/peeradvising http://www.bu.edu/peermentor ;
_/pemba-essays http://www.bu.edu/questrom/admissions/graduate-programs/part-time-mba/admissions-checklist/ ;
_/pemba-part-time http://www.bu.edu/mbainfo/professional-evening-mba/ ;
_/perd http://www.bu.edu/fitrec/ ;
_/personnel http://www.bu.edu/hr/ ;
_/phhprc http://www.bu.edu/sph/research/research-landing-page/partnership-in-health-and-housing/ ;
_/phpbin/coursedesc2 https://www.bu.edu/phpbin/courses/update/ ;
_/phpbin/ear https://www.bu.edu/provost/faculty-affairs/my-cv/external-activity-report-ear/ ;
_/pin http://www.bu.edu/neuro/pin/ ;
_/pipgiving https://www.bu.edu/alumni-forms/forms/law/?designation=Public+Interest+Project+Fund+9300000279 ;
_/plannedgiving http://bulegacy.org ;
_/platform http://www.bu.edu/executive-courses/platform-strategies/ ;
_/pledges https://trusted.bu.edu/s/1759/2-bu/giving/interior.aspx?sid=1759&gid=2&pgid=428&cid=1069&appealcode=WEBAGC-TLEM ;
_/plr https://www.buplr.com/contact ;
_/pocketmba http://smgworld.bu.edu/elc/open-enrollment/the-pocket-mba-programs/ ;
_/premed http://www.bu.edu/prehealth/ ;
_/preservation http://www.bu.edu/amnesp/ma/ ;
_/presidentsearch http://www.bu.edu/president ;
_/proarte http://www.proarte.org/ ;
_/proudtobu https://www.bu.edu/alumni/news/proud-to-bu-podcast/ ;
_/prudential http://management.bu.edu/pemba/?utm_source=mbta&utm_medium=prudential&utm_campaign=mbta_prudential ;
_/psp http://www.bu.edu/amnesp/ ;
_/publichealthworkforce http://www.bu.edu/nephtc/ ;
_/qsb http://www.bu.edu/questrom/ ;
_/qst http://www.bu.edu/questrom/ ;
_/qualtrics https://bostonu.qualtrics.com ;
_/questrom-phd https://www.bu.edu/questrom/degree-programs/phd-program/ ;
_/questromeval http://questromapps.bu.edu/courseevalreports/CourseEval.html ;
_/quickpolls http://www.bu.edu/phpbin/quickpolls ;
_/raceto50 https://www.bu.edu/alumni-forms/forms/raceto50/ ;
_/raisethebar http://www.bu.edu/alumni-forms/forms/raise/ ;
_/rayleigh http://www.bu.edu/search/ ;
_/rctfund https://trusted.bu.edu/s/1759/2-bu/giving/interior.aspx?sid=1759&gid=2&pgid=1333&cid=2638&dids=470&bledit=1&appealcode=WEBSTH ;
_/recentgrads http://www.bu.edu/alumni/connected/networks/recent-grad-network/ ;
_/receptions http://www.bu.edu/admissions/visit-us/well-visit-you-too/ ;
_/recognizes http://www.bu.edu/campaign/donors/ ;
_/recycling http://www.bu.edu/sustainability/what-were-doing/waste-reduction/recycling-at-bu/ ;
_/regionalization https://www.mass.gov/service-details/public-health-shared-services ;
_/registrar http://www.bu.edu/reg ;
_/remotehelp http://ist-simplehelp.bu.edu/ ;
_/reply https://onebu.tfaforms.net/forms/view/217873 ;
_/resnet http://www.bu.edu/pcsc/resnet/ ;
_/resources http://www.bu.edu/tech/apps/enterprise-applications/the-links/ ;
_/respectregistry http://www.bumc.bu.edu/crro/recruitment/respect-registry/ ;
_/retired http://www.bu.edu/personnel/retired_faculty/ ;
_/retirement-dinner http://sites.bu.edu/rsvp/retirement-dinner/ ;
_/rhett-talks http://www.bu.edu/dos/rhett-talks/ ;
_/rize http://www.bu.edu/dining/where-to-eat/retail-dining/rize/ ;
_/rosenbergarchive http://hgar-srv3.bu.edu/web/rosenberg-archive/ ;
_/roybal http://www.bu.edu/hdr/ ;
_/rural-ancillary-portal https://wwwapp.bumc.bu.edu/RuralStudyApp ;
_/saa http://www.bu.edu/terrierconnection/ ;
_/sac http://www.bu.edu/alumni/sac/ ;
_/sail http://sail.bu.edu/ ;
_/sargentluncheon http://www.bu.edu/sargent/2013/01/08/annual-may-luncheon-and-traditional-awards-for-reunioning-years/ ;
_/sarhouse http://www.bu.edu/alumni/sarhouse/ ;
_/sarp http://www.bu.edu/shs/sarp/ ;
_/scarlet-squad http://www.bu.edu/reslife/info-for-students/scarlet-squad/ ;
_/scarletkey http://www.bu.edu/alumni/connected/students/scarletkey/ ;
_/sccc http://www.bu.edu/sargent/centers/clinical ;
_/scholarshipimpact https://www.bu.edu/alumni/giving/impact/ ;
_/scholarships https://trusted.bu.edu/s/1759/2-bu/giving/interior.aspx?sid=1759&gid=2&pgid=7579&cid=14495&appealcode=WEBAGC-PR ;
_/schoolofeducation http://www.bu.edu/sed/ ;
_/schools http://www.bu.edu/academics/index.html ;
_/schroeter http://www.bu.edu/com/special/schroeter/ ;
_/sci http://www.bu.edu/nerscic/ ;
_/scnutrition http://www.bu.edu/nfc ;
_/sdb-osa-eval https://bostonu.qualtrics.com/jfe/form/SV_1YyyONYpsh6pPbT? ;
_/secret https://www.bu.edu/alumni-forms/forms/secret/ ;
_/seniors https://www.bu.edu/dos/senior-events/ ;
_/sep http://www.bu.edu/met/metropolitan_college_academic_departments/engineering/index.html ;
_/service-now http://www.bu.edu/service/ ;
_/session http://www.bu.edu/emba/?utm_source=wbz&utm_medium=radio&utm_content=june%2025&utm_campaign=emba%202014 ;
_/shawcenter https://trusted.bu.edu/s/1759/2-bu/giving/interior.aspx?sid=1759&gid=2&pgid=1333&cid=2638&dids=364&appealcode=WEBSTH&bledit=1 ;
_/shongchallenge http://www.bu.edu/alumni-forms/forms/shong/ ;
_/shsmobile https://shsmobile.bu.edu ;
_/sisrenewal http://sites.bu.edu/sisrenewal/ ;
_/sites http://www.bu.edu/tech/comm/websites/sites/ ;
_/slatkin http://www.bu.edu/alumni/support/ways-to-give/slatkin ;
_/slef https://trusted.bu.edu/s/1759/2-bu/giving/interior.aspx?sid=1759&gid=2&pgid=8692&cid=16547&dids=4&bledit=1&appealcode=20SLF-DM ;
_/smartcities http://www.bu.edu/energy/smart-cities/ ;
_/smg-event http://management.bu.edu/event/investment-products/?utm_source=NYC%2Bpanel%2Bdiscussion%2Bevent&utm_medium=Direct%2Bmail&utm_campaign=Structured%2BInvestment%2BProducts%2Bfor%2BConsumers ;
_/smgalum http://management.bu.edu/alumni/ ;
_/smgcentennial http://management.bu.edu/smg100/ ;
_/smghonors http://www.bu.edu/questrom/undergraduate-program/honors/ ;
_/snc http://www.bu.edu/systems/industry/consortium/index.html ;
_/snl http://www.bu.edu/energy/sustainable_neighborhood/ ;
_/south http://management.bu.edu/pemba/?utm_source=southstation&utm_medium=number1eveningmba&utm_campaign=aug2012 ;
_/southfloridacelebratesbu https://secure-alumni.bu.edu/olc/pub/BUAR/event/showEventForm.jsp?form_id=195821 ;
_/space http://space.bu.edu/ ;
_/speccol http://www.bu.edu/archives ;
_/specialdonation https://trusted.bu.edu/s/1759/2-bu/giving.aspx?sid=1759&gid=2&pgid=412&cid=1044&dids=192&appealcode=WEBAGC ;
_/spectrumarts http://www.bu.edu/cfa/spectrumarts/index.shtml ;
_/speechlab http://sites.bu.edu/guentherlab/ ;
_/sph40th https://trusted.bu.edu/s/1759/2-bu/giving.aspx?sid=1759&gid=2&pgid=497&cid=1170&appealcode=WEBSPH-40 ;
_/sphgiving https://trusted.bu.edu/s/1759/2-bu/giving/interior.aspx?sid=1759&gid=2&pgid=497&cid=1170&appealcode=WEBSPH ;
_/sswemergencyfund https://trusted.bu.edu/s/1759/2-bu/giving/interior.aspx?sid=1759&gid=2&pgid=464&cid=1122&dids=559&bledit=1&appealcode=WEBSSW ;
_/stamasfund http://www.bu.edu/hospitality/alumni/Stamas.shtml ;
_/state http://management.bu.edu/pemba/?utm_source=mbta&utm_medium=state&utm_campaign=mbta_state ;
_/stationery http://www.bu.edu/omc/stationery ;
_/stay http://stay.bu.edu ;
_/stay-test http://stay-test.bu.edu ;
_/sthfund https://trusted.bu.edu/s/1759/2-bu/giving/interior.aspx?sid=1759&gid=2&pgid=1333&cid=2638&dids=543&bledit=1&appealcode=WEBSTH ;
_/streambu https://www.bu.edu/alumni/streambu/ ;
_/student-health-services http://www.bu.edu/shs/ ;
_/studentgiving https://givingday.bu.edu/pages/student-life ;
_/study http://study.bu.edu/ ;
_/studyfinder http://wwwapp1.bumc.bu.edu/DOM/studyfinder/ ;
_/studyspace https://wwwapp.bumc.bu.edu/studentroomscheduling ;
_/summerfun http://www.bu.edu/alumni/support/news/summer-fun/ ;
_/summerterm http://www.bu.edu/summer/ ;
_/suppliers http://www.bu.edu/sourcing/suppliercenter/ ;
_/supportanatomylab http://trusted.bu.edu/s/1759/2-bu/giving.aspx?sid=1759&gid=2&pgid=422&cid=1060&dids=264&appealcode=WEBMED-DV&bledit=1 ;
_/supportaphasiacenter https://trusted.bu.edu/s/1759/2-bu/giving.aspx?sid=1759&gid=2&pgid=412&cid=1044&dids=263&appealcode=WEBAGC&bledit=1 ;
_/supportbu https://trusted.bu.edu/s/1759/2-bu/index.aspx?sid=1759&gid=2&pgid=513&cid=1195&appealcode=WEBAGC-SB ;
_/supportbusm https://trusted.bu.edu/s/1759/2-bu/giving.aspx?sid=1759&gid=2&pgid=422&cid=1060&appealcode=WEBMED-DV ;
_/supportclubsports https://givingday.bu.edu/pages/club-sports ;
_/supportneidl https://trusted.bu.edu/s/1759/2-bu/giving/interior.aspx?sid=1759&gid=2&pgid=422&cid=1060&dids=553&bledit=1&appealcode=WEBMED-DV ;
_/supportoshinsfund https://trusted.bu.edu/s/1759/2-bu/giving/interior.aspx?sid=1759&gid=2&pgid=440&cid=1086&dids=552&bledit=1&appealcode=WEBSHA ;
_/supportpmh https://trusted.bu.edu/s/1759/2-bu/index.aspx?sid=1759&gid=2&pgid=491&cid=1161&dids=177&appealcode=WEBSPH-MH ;
_/supportquestrom https://trusted.bu.edu/s/1759/2-bu/giving.aspx?sid=1759&gid=2&pgid=654&cid=1470&appealcode=WEBQUESTROM ;
_/supportrotc https://trusted.bu.edu/s/1759/2-bu/index.aspx?sid=1759&gid=2&pgid=450&cid=1100&appealcode=WEBAGC-RO ;
_/susilo-symposium-2016 http://www.bu.edu/susilo/faculty-research/susilo/susilo-annual-symposia/susilo-2016-symposium/ ;
_/susilo-symposium-2017 http://www.bu.edu/susilo/faculty-research/susilo/susilo-annual-symposia/susilo-2017-symposium/ ;
_/tcp http://www.bu.edu/link/shortcut/tcp ;
_/techconnect http://smgworld.bu.edu/techconnect ;
_/techweb http://www.bu.edu/tech/ ;
_/telefund http://www.bu.edu/campaign/students/telefund/ ;
_/terriercard https://www.bu.edu/housing/services/terriercards/ ;
_/terrierconnection http://www.bu.edu/alumni/ ;
_/terriermarketplace http://vpfa-server18.bu.edu/helpconsole/BU%20Procure-to-Pay%20Guide/Static/the_terrier_marketplace.htm ;
_/terriersconnect http://www.bu.edu/shs/terriersconnect/ ;
_/terriertales http://www.bu.edu/campaign/ways-of-giving/annual-fund/donor-impact-page/terrier-tales/ ;
_/terriertoasts http://www.bu.edu/campaign/donors/events/terrier-toasts/ ;
_/thanksgiving http://www.bu.edu/dining/where-to-eat/thanksgiving-dinner-at-marciano-commons/ ;
_/thedash http://www.bu.edu/sourcing/thedash ;
_/thehive http://bu.startuptree.co ;
_/theology https://www.bu.edu/sth/ ;
_/thomasmenino http://hgar-srv3.bu.edu/web/thomas-menino ;
_/thurmanarchives http://hgar-srv3.bu.edu/web/howard-thurman/home ;
_/tims http://people.bu.edu/efb/TIMS/index.html ;
_/track http://www.bu.edu/athletics/ ;
_/travel http://www.bu.edu/travelservices ;
_/travelregistry https://bune45h7.anvilgroup.com/ItineraryEditor ;
_/turnitin http://www.bu.edu/tech/desktop/support/distribution/turnitin/ ;
_/tyngsboro http://management.bu.edu/pemba.htm ;
_/uctech http://www.bu.edu/pcsc/sales/ ;
_/uhc http://www.bu.edu/khc/ ;
_/univcomp http://www.bu.edu/pcsc/sales/ ;
_/univcomputer http://www.bu.edu/univcomp/ ;
_/universe http://www.bu.edu/today/universe/ ;
_/urc http://www.bu.edu/erc/ ;
_/victorytix https://www1.ticketmaster.com/celebration-of-bu/event/01005691E65EA340 ;
_/vista http://vista.bu.edu ;
_/washingtoncelebratesbu http://bostonu.imodules.com/s/1759/2-bu/2col.aspx?sid=1759&gid=2&pgid=964&content_id=691 ;
_/washintern http://www.bu.edu/abroad/programs/washington-dc-internship-program/ ;
_/wcrew https://sparksconsult.com/sports/rowing/sparks-camps/summer-rowing-camps/bu-rowing-camp ;
_/wellbeingproject https://www.bu.edu/provost/wellbeingproject ;
_/wellbeingproject/events https://www.bu.edu/provost/wellbeingproject/wellbeing-project-events ;
_/wheelock-transition http://www.bu.edu/bu-wheelock-merger/ ;
_/wheelockfamilytheatre https://trusted.bu.edu/s/1759/2-bu/giving/interior.aspx?sid=1759&gid=2&pgid=412&cid=1044&dids=436&appealcode=WEBAGC&bledit=1 ;
_/wiesel http://www.bu.edu/religion/faculty/bios/903667_flyer_pg1.pdf ;
_/wiesel-memorial http://sites.bu.edu/rsvp/wiesel-memorial/ ;
_/wilsonwonglab http://wilsonwonglab.org/ ;
_/winterfest http://www.bu.edu/alumni/events/ ;
_/wireless http://www.bu.edu/tech/accounts/wireless/ ;
_/wise http://www.bu.edu/arrows/ ;
_/womenspolo http://blogs.bu.edu/h2opolo/ ;
_/wordpress http://www.bu.edu/tech/comm/websites/www/wordpress/ ;
_/wow http://www.bu.edu/studentactivities/wow/ ;
_/xcc http://www.bu.edu/hub/students-the-hub/cross-college-challenge-xcc/ ;
_/xcc-faculty https://www.bu.edu/hub/cross-college-challenge-xcc/faculty/ ;
_/yac http://www.bu.edu/alumni/yac/ ;
_/youdo http://bu.collegiatelink.net ;
_/yourbusm http://www.bumc.bu.edu/medalumni/yourbusm/ ;
_/yourgift https://trusted.bu.edu/s/1759/2-bu/index.aspx?sid=1759&gid=2&pgid=428&cid=1069&appealcode=WEBAGC-TL ;
_/yourimpact https://trusted.bu.edu/s/1759/2-bu/index.aspx?sid=1759&gid=2&pgid=456&cid=1110&appealcode=WEBAGC-YI ;
