### Common mapping to all bu.edu systems
_/version 20180720 ;

# TEMPORARY CHANGE
_/bfenster content ;

# redirects
_/studentlink redirect_asis ;
_/applicantlink redirect_asis ;
_/employeelink redirect_asis ;
_/geography/brdf redirect_asis ;
_/givenow redirect_asis ;
_/business-analytics redirect_asis ;
_/kssf redirect_asis ; # 2018-07-10 INC12451604
_/sthfund redirect_asis ;
_/scholarshipimpact redirect_asis ;
_/celebratela redirect_asis ;

# items from the www:phpmap.txt
_/buniverse phpbin ;
_/maps phpbin ;
_/nisdev phpbin ;

# These mappings are needed for Shibboleth authentication
_/saml/content content ;

# DegreeAdvice needs to be added
# we should make a third party table for http backend services (maybe)
#
#degree-advice degreeadvice ;

_/django apps ;

# UISCGI/link entries
_/link/bin uiscgi_app ;
_/link uiscgi_content ;

# These are the old tomcat servlets on the server
_/uis_web3270 legacy ;
_/uis_eostc legacy ;
# not certain that the following is necessary
_/uiszl_eostc legacy ;
_/uiszl_j2ee legacy ;
_/formlogin legacy ;

#admissions wordpress

# dbin

# default application backends
_/dbin dbin ;
_/phpbin phpbin ;

# old CGI script locations (right now we send those to the existing Solaris backend)
_/htbin legacy ;
_/testing legacy ;

# by default we map degree-advice although it should be listed in the phpmap file
_/degree-advice degree-advice ;
_/degree-audit degree-advice ;

# Send old-style redirects and aliases to the content backend
# we are not transitioning anything older than 2009 unless necessary.
#

##### END of common prefix
###############################################

##### PHPMAP items

### Django applications
#
##
_/fifty-states       django ;
#changed fifty-states Name to /ssw/usfostercare
_/ssw/usfostercare     django ;
_/cellphone-compliance     django ;
_/dnamixtures        django ;
_/systems-programming/django-sysmon  django ;
_/courseware-manager     django ;
_/bufellow/db-admin       django ;
_/summer/admin       django ;
_/html-email       django ;
_/betabionics        django ;
_/rpm-agreements       django ;
# _/provost        django ; should be wordpress
_/wp-deploy        django ;
#ghir          django ; # /ghir = /globalhealth
#globalhealth        django ; # Wait to add this
_/law-pub        django ;

# Ask Web team about:
#
##############
# /dbin misc:
##############
#/dbin/admissions  software15.bu.edu:260
#/dbin/sleep   malahide.bu.edu:80      # Django test

##############
# /phpbin misc:
##############
#/phpbin/efs   http://software33-dbin.bu.edu:181

##############
# The /dbin USW34 or USW18 Section:
# PLEASE HAVE 2 ENTRIES FOR EACH:
##############
#/dbin/today     usoftware34.bu.edu:261

# PHPBIN sites
_/summer/courses-test phpbin ;
_/summer/courses phpbin ;
_/maps/livebus phpbin ;
_/bumobile phpbin ;


####### From stub files/directory scan

  _/jamdocs content ;
  _/jam content ;
  _/jamsponsor content ;
  _/jam-now content ;
  _/jmedday content ;
  _/jewishstudies/shtetl content ;
  _/journalofeducation/wp-assets content ;
  _/joevita content ;
  _/jobs content ;
  _/journals content ;
  _/joinfriends content ;
  _/join-the-challenge content ;
  _/johndesz content ;
  _/jfa content ;
  _/jlengel content ;
  _/jlab/wp-assets content ;
  _/jp content ;
  _/jts2000 content ;
  _/jd content ;
  _/judaicstudies/shtetl content ;
  _/judicialaffairs content ;
  _/zhdanovalab content ;
  _/ccrd content ;
  _/cc content ;
  _/ccboard content ;
  _/cwf content ;
  _/cwc content ;
  _/cnn-nanocancer content ;
  _/camping content ;
  _/capdeck content ;
  _/cascsg content ;
  _/campaignlaunch content ;
  _/cawses content ;
  _/casestudies content ;
  _/caregivinghealthresearch content ;
  _/campaign/docs content ;
  _/campaignvip content ;
  _/caswriting content ;
  _/cateringonthecharles content ;
  _/care content ;
  _/cardiothoracicmain content ;
  _/capdraft content ;
  _/caadlab content ;
  _/careerweeks content ;
  _/casinternal content ;
  _/cap content ;
  _/cashelpdesk content ;
  _/campaignkickoff content ;
  _/cas/common content ;
  _/cas/invite content ;
  _/cas/newsletter content ;
  _/cas/impactx2 content ;
  _/cas/ar content ;
  _/cas/wp-assets content ;
  _/cas/telegraph content ;
  _/cas/magazine content ;
  _/catholic content ;
  _/casstudentacademiclife content ;
  _/caswpinternal content ;
  _/careerworks content ;
  _/caryl content ;
  _/cardiovascular-medicine content ;
  _/casw content ;
  _/careerex content ;
  _/cab content ;
  _/cart content ; # 2018-06-04 cleanup
  _/calendar phpbin ;
  _/casdemo content ;
  _/caderonline content ;
  _/casgov content ;
  _/cagt content ;
  _/cas-scholars content ;
  _/cmmh content ;
  _/cmezian content ;
  _/cme content ;
  _/cmld content ;
  _/cmrl content ;
  _/cms content ;
  _/cmetips content ;
  _/cvn content ;
  _/childhoodtrauma content ;
  _/chelmsford content ;
  _/childcognition content ;
  _/chinese content ;
  _/choosemet content ;
  _/charles content ;
  _/checkpc content ;
  _/childlabs content ;
  _/cise content ;
  _/cip content ;
  _/citylab-olc content ;
  _/civsa content ;
  _/cism content ;
  _/cilse content ;
  _/citylab content ;
  _/citylabacademy content ;
  _/ciap content ;
  _/celebrationvip content ;
  _/celebrationcake content ;
  _/censsis content ;
  _/celop/wp-assets content ;  # 2018-06-04 cleanup
  _/celop/dev content ;
  _/centurychallenge content ;
##TODO: get phpmap entry for cellphone-compliance and put in separate file
  _/cell-met content ;
  _/centers content ;
  _/ces content ;
  _/ce content ;
  _/celebrationofbu content ;
  _/cedh content ;
  _/cermak content ;
  _/ceei content ;
  _/cellular-imaging content ;
  _/cel content ;
  _/comit content ;
  _/copley content ;
  _/counseling content ;
  _/conscious content ;
  _/congregationalstudies content ;
  _/coursenet content ;
  _/codes/simulations content ;
  _/comment content ;
  _/cobth content ;
  _/cohenchallenge content ;
  _/commencement/wp-assets content ;
  _/coreframework content ;
  _/common/bueas content ;
  _/common/hp content ;
  _/common/level2 content ;
  _/common/wp-assets content ;
  _/contact content ;
  _/commsurvey content ;
  _/composition content ;
  _/comp content ;
  _/com-dean-search content ;
  _/common-place content ;
  _/corpfound content ;
  _/com100 content ;
  _/computational-biomedicine content ;
  _/commavefair content ;
  _/coredesign content ;
  _/cohstar/wp-assets content ;
  _/com/givetoday content ;
  _/com/playitforward content ;
  _/com/greatdebate content ;
  _/com/test content ;
  _/com/scripts content ;
  _/com/ndow content ;
  _/com/networking content ;
  _/com/course-feeds content ;
  _/com/beaudoin-review content ;
  _/com/narrative content ;
  _/com/flash content ;
  _/com/support-necir content ;
  _/com/humor content ;
  _/com/pradvanced content ;
  _/com/crc content ;
  _/com/lib content ;
  _/com/redstonenyc content ;
  _/com/redstonewest content ;
  _/com/linkedin content ;
  _/com/registration content ;
  _/com/special content ;
  _/com/socialmediaday content ;
  # _/com/orientation content ;  # 2018-06-04 removal
  _/com/live-it content ;
  _/com/ems-review content ;
  _/com/mobile-life-workshop content ;
  _/com/necir-registration content ;
  _/com/amp-registration content ;
  _/com/design-request content ;
  _/com/cmcs content ;
  _/com/new-courses content ;
  _/com/dar content ;
  _/com/lambert-review content ;
  _/com/data-storytelling content ;
  _/com/data-narrative content ;  # 2018-06-04 addition
  _/com/graduate content ;
  _/com/daly-review content ;
  _/com/labor-films content ;
  _/com/jaramillo-review content ;
  _/com/wu-review content ;
  _/com/student-magazines content ;
  _/com/graduate-programs content ;
  _/com/supa-review content ;
  _/com/film-tv-facts content ;
  _/com/photo-workshops content ;
  _/com/hong-review content ;
  _/com/science-storytelling content ;
  _/com/wtbu-radio content ;
  _/com/groshek-review content ;
  _/com/science-communication content ;
  _/com/social-media-analysis content ;
  _/com/tsay-vogel-review content ;
  _/com/vigil-review content ;
  _/com/sports_institute content ;
  _/com/images content ;
  _/com/includes content ;
  _/compliance/videos content ;
  _/compliance/videos_restricted1 content ;
  _/compliance/openvideos content ;
  _/commonground content ;
  _/computationalimmunology/documentation content ;
  _/computing content ;
  _/compnet content ;
  _/comm content ;
  _/connect content ;
##TODO: get phpmap entry for courseware-manager and put in separate file
  _/comjobs content ;
  _/copyright content ;
  _/collegechampion content ;
  _/countdown content ;
  _/coi content ;
  _/construction content ;
  _/com-csc content ;
  _/compbiomed content ;
  _/complete content ;
  _/creative content ;
  _/crm content ;
  _/crossdomain.xml content ;
  _/crro content ;
  _/crxpress content ;
  _/cruiseandlearn content ;
  _/crew content ;
  _/cra content ;
  _/cre content ;
  _/crtimes content ;
  _/cghd content ;
  _/cgs/wp-assets content ;
  _/cgap content ;
  _/cga content ;
  _/cgs60th content ;
  _/cgef content ;
  _/cghdac content ;
  _/cgs-events content ;
  _/cfait content ;
  _/cfa/ppc7 content ;
  _/cfa/ppc1 content ;
  _/cfa/musiceducation.bu.edu content ;
  _/cfa/ppc2 content ;
  _/cfa/wp-assets content ;
  _/cfa/ppc3 content ;
  _/cfa/ppc4 content ;
  _/cfa/ppc6 content ;
  _/cfa/loans content ;
  _/cfa/incite content ; #
  _/cfa-alumni content ;
  _/cfdi content ;
  _/cleanenergyventures content ;
  _/clarion content ;
  _/clinicalinvestigation content ;
  _/clinicalresearch content ;
  _/cliveg content ;
  _/classics/wp-assets content ;
  _/classgiftlove content ;
  _/climateaction content ;
  _/clerkship-subinternship content ;
  _/climate content ;
  _/classroom content ;
  _/classgift content ;
  _/cpr content ;
  _/cphs/archive content ;
  _/ctf content ;
  _/ctxpress content ;
  _/cs/wp-assets content ;
  _/csp/uv content ;
  _/csp/PASS content ;
  _/csp/Conferences content ;
  _/csp/seminar content ;
  _/csp/pss2012 content ;
  _/csp/MUAN content ;
  _/csp/trespass content ;
  _/csp/hall_display content ;
  _/csharp content ;
  _/csiacademy content ;
  _/css content ;
  _/cd content ;
  _/cdc2007 content ;
  _/cdaly content ;
  _/cdn content ;
  _/culture content ;
  _/cughdental content ;
  _/culinaryarts content ;
  _/cball content ;
  _/cbm content ;
  _/yac content ;
  _/y2kpartners content ;  # 2018-06-04 resync
  _/y2k content ;  # 2018-06-04 resync
  _/y2k-partners content ;  # 2018-06-04 resync
  _/yourimpact content ;
  _/yourbusm content ;
  _/yourgift content ;
  _/youdo content ;
  _/wcp content ;
  _/wci-training-programs content ;
  _/wcbct2010 content ;
  _/wcrew content ;
  _/www.bu.edu content ;
  _/wwwv content ;
  _/www-test.bu.edu content ;
  _/wwildman content ;
  _/washingtoncelebratesbu content ;
  _/washintern content ;
  _/wheelock-transition content ;
  _/whole_staging_site_in.cms content ;
  _/whistlingduck content ;
  _/whatsnew content ;
  _/whatsnew.html content ;
  _/win/data content ;
  _/wiesel-memorial content ;
  _/wiki content ;
  _/wine content ;
  _/wiesel content ;
  _/wita content ;
  _/wise content ;
  _/wilsonwonglab content ;
  _/wireless content ;
  _/winterfest content ;
  _/webcast content ;
  _/webmail content ;
  _/websummit content ;
  _/webteam/mgburns content ;
  _/webteam/projects content ;
  _/webteam/hiring content ;
  _/webteam/presentations content ;
  _/webteam/clrux content ;
  _/webcentral/common content ;
  _/weddings content ;
  _/weblogin content ;
  _/womenspolo content ;
  _/womensguild/wp-assets content ;
  _/woundbiotech content ;
  _/wonca content ;
  _/wow content ;
  _/world content ;
  _/wordpress content ;
  _/wolozinlab content ;
  _/wgrimes content ;
  _/wgs/wp-assets content ;
  _/wpmu/forms content ;
  _/wpmu/static content ;
  _/wpmu/foo content ;
##TODO: get phpmap entry for wp-deploy and put in separate file
  _/wtbu content ;
  _/wbball content ;
  _/wbur content ;
  _/xzhou content ;
  _/xcc content ;
  _/xyz content ;
  _/nycgala content ;
  _/nassr-2013/wp-assets content ;
  _/naitest content ;
  _/navyrotc content ;
  _/nassr2013 content ;
  _/nanoheat content ;
  _/naeser content ;
  _/nano content ;
  _/narrative content ;
  _/naturalconference content ;
  _/nml content ;
  _/nis-bkup content ;
  _/nis-sym content ;
  _/nislab content ;
  _/nida-mrc content ;
  _/niscms content ;
  _/nitrides content ;
  # using entry pointing to phpbin at the top of the file
  #_/nisdev content ;
  _/nightingale content ;
  _/niteo content ;
  _/nisguide content ;
  _/nisprod content ;
  _/nisprojects content ;
  _/nis content ;
  _/neurorehabilitationlab content ;
  _/newswire content ;
  _/newindex4.html content ;
  _/neuroengineering content ;
  _/newmedia content ;
  _/netreg content ;
  _/neurorehab/wp-assets content ;
  _/neural content ;
  _/newyear content ;
  _/newman content ;
  _/nexus content ;
  _/newindex3.html content ;
  _/newindex2.html content ;
  _/newindex.html content ;
  _/nems content ;
  _/newyorkeveningwithbu content ;
  _/new2bu content ;
  _/neuromusculardisease content ;
  _/newyorkcelebratesbu content ;
  _/nox content ;
  _/nonprofitmba content ;
  _/north-campus content ;
  _/northmba content ;
  _/northcampus content ;
  _/nrotc content ;
  _/npl content ;
  _/nseg content ;
  _/accreditation content ;
  _/acoustics content ;
  _/acs content ;
  _/academy content ;
  _/actforhealth content ;
  _/aclonline content ;
  _/acor content ;
  _/academics/archive content ;
  _/actuary content ;
  _/act content ;
  _/academics-archive content ;
  _/awrecentgrads content ;
  _/anatneuro content ;
  _/analytical-core content ;
  _/answers content ;
  _/animal content ;
  _/annualfund content ;
  _/anep content ;
  _/anatomy content ;
  _/anajam content ;
  _/annualfundroster content ;
  _/anxiety content ;
  _/annualgiving content ;
  _/aaastudy content ;
  _/ame content ;
  _/amp content ;
  _/amplab content ;
  _/avl content ;
  _/avtonkov-today2 content ;
  _/av content ;
  _/airo content ;
  _/aig content ;
  _/aias content ;
  _/aegdalumnidinner content ;
  _/aemdprl content ;
  _/aeacus content ;
  _/aodhealth/wp-assets content ;
  _/ar content ;
  _/arion/wp-assets content ;
  _/arion/forms content ;
  _/arn content ;
  _/arche content ;
  _/artaid content ;
  _/armyrotc content ;
  _/armenia content ;
  _/arlington content ;
  _/ars content ;
  _/archsci content ;
  _/army content ;
  _/archive-vista content ;
  _/artsaid content ;
  _/artslive content ;
  _/arthritis-center content ;
  _/archives content ;
  _/ag content ;
  _/agganisbackup content ;
  _/agganis content ;
  _/agni content ;
  _/af-rotc content ;
  _/afox content ;
  _/africa/wp-assets content ;
  _/africa/publication-assets content ;
  _/afr content ;
  _/alumnicollege content ;
  _/albert content ;
  _/alzresearch/wp-assets content ;
  _/alumni-forms content ;
  _/alumnicenter content ;
  _/alumniweekend content ;
  _/alistaircooke content ;
  _/alert content-nocache ;
  _/alumnirelations content ;
  _/alumni/images content ;
  _/alumni/common content ;
  _/alcoholeducationforyouth content ;
  _/aldolase content ;
  _/aphasia content ;
  _/apreso content ;
  _/aparc content ;
  _/apc content ;
  _/apply content ;
  _/ap/wp-assets content ;
  _/apps-rewrite content ;
  _/api content ;
  _/atttend content ;
  _/attend content ;
  _/attention content ;
  _/athletics content ;
  _/atssa content ;
  _/athchallenge content ;
  _/asor content ;
  _/assistive_technology content ;
  _/asllrp content ;
  _/asianalumni content ;
  _/assist_tech content ;
  _/astronomy/ast_display content ;
  _/astronomy/wp-assets content ;
  _/astronomy/visualizations content ;
  _/ascend content ;
  _/advancement content ;
  _/addictions/wp-assets content ;
  _/addiction content ;
  _/admissionsstatic content ;
  _/adlab content ;
  _/admissions/telegraph content ;
  _/admissions/applicantlink content ;
  _/admissions wordpress ;
  _/auctions content ;
  _/auth-test content ; #top-level for authentication load test
  _/auckland content ;
  _/aux content ;
  _/abl content ;
  _/aboutcgs content ;
  _/abroad/wp-assets content ;
  _/abroad-dublin content ;
  _/abroad2 content ;
  _/abroadatbu content ;
  _/mzank content ;
  _/mcinnes content ;
  _/mcapr content ;
  _/mch content ;
  _/myprint content ;
  _/myopathy content ;
  _/myocardial content ;
  _/mygift content ;
  _/mybuphone content ;
  _/mycvsupport content ;
  _/mybu content ;
  _/mybuworks content ;
  _/mycv content ;
  _/mybuworks-sandbox content ;
  _/myhousing content ;
  _/mathfn content ;
  _/mag content ;
  _/marketsandpolicy content ;
  _/marshgiving content ;
  _/management-old content ;
  _/matthies content ;
  _/mattdm content ;
  _/marshplaza content ;
  _/map content ;
  _/marks-test-blog3 content ;
  _/machozi content ;
  # using entry pointing to phpbin at the top of the file
  #_/maps content ;
  _/management content ;
  _/marcom/stationery content ;
  _/marcom/email content ;
  _/marcom/html-emails content ;
  _/marcom/formswritable content ;
  _/marcom/downloads content ;
  _/marcom/president content ;
  _/marcom/projects content ;
  _/madlab content ;
  _/masscoalitionfororalhealth content ;
  _/marks-test content ;
  _/makeagift content ;
  _/make content ;
  _/marks-test-blog content ;
  _/marsh content ;
  _/math/wp-assets content ;
  _/mathfinance content ;
  _/marks-test-blog2 content ;
  _/mathematicseducation content ;
  _/masstwins content ;
  _/mahoa content ;
  _/marketplaceinfo content ;
  _/mathfinanceconference content ;
  _/masterit content ;
  _/match content ;
  _/management-event content ;
  _/maci content ;
  _/maccp content ; # top-level
  _/mvp content ;
  _/mhbm content ;
  _/millionhours content ;
  _/mille content ;
  _/minds content ;
  _/mickswan content ;
  _/midas content ;
  _/mini-mba content ;  # 2018-06-04 resync
  _/militarynight content ;
  _/microscopylab content ;
  _/microarray content ;
  _/mih content ;
  _/microstratigraphy content ;
  _/medevents content ;
  _/mediatoday content ;
  _/medlibstaff content ;
  _/met50 content ;
  _/menorca content ;
  _/met-lp content ;  # 2018-06-04 resync
  _/medfellowship content ;
  _/metfacultydevelopment content ;
  _/medclassnotes content ;
  _/mentoring content ;
  _/mediaguidebook content ;
  _/metadmin content ;
  _/medalum content ;
  _/metabolomics content ;
  _/medaw content ;
  _/medicine content ;
  _/messiaen content ;
  _/mec content ;
  _/mentalhealth content ;
  _/medschoolgradprograms content ;
  _/medenews content ;
  _/medstudy content ;  # 2018-06-04 resync
  _/metro content ;
  _/meller content ;
  _/medschool content ;
  _/met/common content ;
  _/met/events content ;  # 2018-06-04 resync
  _/met/advertising content ;
  _/met/linkedin content ;
  _/met/elive content ;
  _/met/htmlemail content ;
  _/met/output content ;
  _/met/northcampus content ;
  _/met/homepage content ;
  _/met/pm content ;
  _/met/shared content ;
  _/met/ads content ;
  _/met/forbes content ;
  _/met/msmonline content ;
  _/met/acela content ;
  _/met/event-calendar content ;
  # NGINX map entries are not case sensitive so we need to comment out one of the USA/usa
  #_/met/USA content ;
  _/met/50 content ;
  _/met/usa content ;
  _/met/grad11 content ;
  _/met/bestofboston content ;
  _/met/health-it content ;
  _/met/pmi content ;
  _/met/yellowpages content ;
  _/met/audio content ;
  _/met/landing-pages content ;
  # NGINX map entries are not case sensitive so we need to comment out one of them
  #_/met/Agganis content ;
  _/met/web content ;
  # NGINX map entries are not case sensitive so we need to comment out one of them
  #_/met/Acela content ;
  _/met/magazine content ;
  _/met/mag content ;
  _/met/email-campaign content ;
  _/met/merry content ;
  _/met/commencement-photos-login content ;
  _/met/apply content ;
  _/met/agganis content ;
  _/metropolitan content ;
  _/medalumni content ;
  _/metit/wp-assets content ;
  _/medstures content ;
  _/mentornet content ;
  _/metinternational/registration content ;
  _/metinternational/application content ;
  _/metinternational/dual-degree-application content ;
  _/metinternational/degree-pathway-application content ;
  _/mkramer content ;
  _/moreinfo content ;
  _/modern-med content ;
  _/mobile content ;
  _/morin content ;
  _/move-out content ;
  _/modl content ;
  _/mobile-life-workshop content ;
  _/mobilelab content ;
  _/motives content ;
  _/moc content ;
  _/mgburns-medical content ;
  _/mfd content ;
  _/mfll content ;
  _/mfeldman content ;
  _/mlkjr content ;
  _/mlstaff content ;
  _/mlcl/placement content ;
  _/mln content ;
  _/mlv content ;
  _/mpact content ;
  _/msim content ;
  _/msms content ;
  _/msmsinfo content ;
  _/msadvertising content ;
  _/msmsin9 content ;
  _/mspring content ;
  _/mscasecomp content ;
  _/msphotonics content ;
  _/msmf content ;
  _/msmba content ;
  _/mslade-test content ;
  _/mdparents content ;
  _/mdowney content ;
  _/muedpolicyproject content ;
  _/multimediapoet content ;
  _/mugarlab content ;
  _/muhlbergerlab content ;
  _/mbta content ;
  _/mbabu content ;
  _/mba2010 content ;
  _/mbanorth content ;
  _/mbafocus content ;
  _/mba-connect content ;
  _/mba-programs content ;
  _/mbasession content ;
  _/mba-ga content ;
  _/mba-finance content ;
  _/mbanext content ;
  _/mbalunch content ;
  _/mba-event content ;
  _/mba-apply content ;
  _/mba-guide content ;
  _/mbamph content ;
  _/mba-essays content ;
  _/mba content ;
  _/mba-facts content ;
  _/28qatest content ;  # 2018-06-04 resync
  _/25000 content ;  # 2018-06-04 resync
  _/200word content ;  # 2018-06-04 resync
  _/qa-2 content ;
  _/qatest28 content ;
  _/qa-3 content ;
  _/qa-4 content ;
  _/qale content ;
  _/qil content ;
  _/qtencoder content ;
  _/qtencodersdp content ;
  _/qsb content ;
  _/qst content ;
  _/questrom/secure content ;
  _/questrom/its-docs content ;
  _/quito content ;
  _/quickpolls content ;
  _/quantumconcepts content ;
  _/questromcareerlink content ;
  _/qualtrics content ;
  _/questromeval content ;
  _/quantum content ;
  _/quitnet content ;
  _/vcb content ;
  _/vnns content ;
  _/vangons content ;
  _/vista-archive content ;
  _/virtualpatient content ;
  _/visit content ;
  _/video content ;
  _/vip content ;
  _/vista content ;
  _/vending/documents content ;
  _/vrc content ;
  _/vpdos content ;
  _/hj2013 content ;
  _/hcep content ;
  _/hydrology content ;
  _/haneke content ;
  _/haydn content ;
  _/hagen content ;
  _/halloween content ;
  _/haydarlab content ;
  _/hasselmo content ;
  _/hariri content ;
  _/hilleldining content ;
  _/histology content ;
  _/hipart content ;
  _/hiccse content ;
  _/high-throughput content ;
  _/history/gradconference content ;
  _/history/APHI content ;
  _/history/apps content ;
  _/hi content ;
  _/historic content ;
  _/helpinfo content ;
  _/healthmba content ;
  _/healthfit content ;
  _/hem-masters content ;
  _/healthyminds content ;
  _/healthmatters content ;
  _/healthconnection content ;
  _/herbalstudy content ;
  _/help content ;
  _/home-media content ;
  _/hotelcommonwealth content ;
  _/housing2010 content ;
  _/hospitality/revenator content ;
  _/hospitality/wp-assets content ;
  _/hoarding content ;
  _/hockeygolf content ;
  _/homepage content ;
  _/home aws_home ;
  _/holmul content ;
  _/honordeanmeenan content ;
  _/homecoming content ;
  _/honordeanwells content ;
  _/holickehlersdanlosfund content ;  # 2018-06-04 resync
  _/homeimages content ;
  _/homepage2 content ;
  _/hr/flash content ;
  _/hr/articulate content ;
  _/hr/documents content ;
  _/hre content ;
  _/hghrstudies content ;
  _/hprp content ;
  _/hpcworkshop content ;
  _/hpl content ;
  _/hts-core content ;
  _/htc content ;
  _/htbin.ph content ;
##TODO: get phpmap entry for html-email and put in separate file
  _/htmg content ;
  _/hdhd content ;
  _/hdgolf content ;
  _/hdr content ;
  _/hdwg content ;
  _/humanitiesforum content ;
  _/huntington content ;
  _/humandevelopment content ;
  _/humanitiesforums content ;
  _/icshm content ;
  _/ict content ;
  _/icce15 content ;
  _/ice content ;
  _/icons content ;
  _/integrativemed content ;
  _/inst-tech content ;
  _/interactive-design/resources content ;
  _/interactive-design/2 content ;
  _/interactive-design/exported content ;
  _/interv content ;
  _/index2.html content ;
  _/investigate content ;
  _/index.html aws_home_index ;
  _/integratedmed content ;
  _/inaugural content ;
  _/info/downloads content ;
  _/inml content ;
  _/inmlcfp content ;
  _/infancp content ;
  _/index99.html content ;
  _/internal-research content ;
  _/inauguration content ;
  _/index3.html content ;
  _/interactive content ;
  _/insidecampaign content ;
  _/infocenter content ;
  _/intracghd content ;
  _/injurypsychology content ;
  _/inmlprograms content ;
  _/inmlcore content ;
  _/investinprevention content ;
  _/investinginprevention content ;
  _/indigobirds content ;
  _/iaen content ;
  _/iaj content ;
  _/impact content ;
  _/im-intranet content ;
  _/im-residency content ;
  _/immunohistochemistry-core content ;
  _/images content ;
  _/impac content ;
  _/ivcf content ;
  _/ihp content ;
  _/ihs content ;
  _/iip content ;
  _/ionchannelcalcium content ;
  _/i3e-ac content ;  # 2018-06-04 resync
  _/irc content ;
  _/ircenter content ;
  _/iraopportunity content ;
  _/irwa content ;
  _/irafa content ;
  _/irsd content ;
  _/igert content ;
  _/igsw-register content ;
  _/igsw content ;
  _/ipe content ;
  _/iphone content ;
  _/ipcp content ;
  _/ipl content ;
  _/itunesu content ;
  _/ithelp content ;
  _/itcommon content ;
  _/it content ;
  _/italian content ;
  _/it-commons content ;
  _/itrp content ;
  _/it_front_office content ;
  _/itunes content ;
  _/istnews content ;
  _/isi content ;
  _/ist-sa content ;
  _/isec content ;
  _/isso/wp-assets content ;
  _/iscip content ;
  _/ist-automation content ;
  _/ist content ;
  _/isic content ;
  _/isps content ;
  _/id content ;
  _/idp content ;
  _/ezproxy content ;
  _/echu content ;
  _/ecrop content ;
  _/ecologyonline content ;
  _/econ/RePEc content ;
  _/ece-clotho content ;
  _/ecofest content ;
  _/ecllscholarship content ;
  _/ece-cidar content ;
  _/econometrics content ;
  _/execmba content ;
  _/exerciseandcancer content ;
  _/exec content ;
  _/experience-room content ;
  _/explore phpbin ;
##TODO: get phpmap entry for explore and put in separate file
  _/execed content ;
  _/exed content ;
  _/extended content ;
  _/explorations content ;
  _/executivemba content ;
  _/experience content ;
  _/exchange content ;
  _/excellence content ;
  _/executivevp content ;
  _/encoder content ;
  _/execemf content ;  # 2018-06-04 resync
  _/energytransitions content ;
  _/environment content ;
  _/entrepreneurship content ;
  _/enrsa content ;
  _/eng/magmodel content ;
  _/eng/wp-assets content ;  # 2018-06-04 resync
  _/enact/wp-assets content ;
  _/eas content ;
  _/earthhouse content ;
  _/embafaculty content ;
  _/emba09 content ;
  _/emba-facts content ;
  _/emoc content ;
  _/emf content ;
  _/eml content ;
  _/emermgmt content ;
  _/emba22 content ;
  _/emba1 content ;
  _/embainfo content ;
  _/emba content ;
  _/emergingmedia content ;
  _/embacurriculum content ;
  _/events content ;
  _/evening-info content ;
  _/evp content ;
  _/evening content ;
  _/eveningmba content ;
  _/ehs-mobile-test content ;
  _/ehs-mc content ;
  _/ehsmc content ;
  _/ehs/wp-assets content ;
  _/eeef content ;
  _/ee content ;
  _/eeo content ;
  _/er content ;
  _/erp content ;
  _/egch content ;
  _/eforwarding content ;
  _/electric content ;
  _/eliewieselday content ;
  _/eliewieselarchive content ;
  _/eportfolio/wp-assets content ;
  _/episcopal content ;
  _/etc content ;
  _/ethno content ;
  _/ethnomusicology content ;
  _/esa content ;
  _/escort content ;
  _/estateplanning content ;
  _/eso/wp-assets content ;
  _/eso/academic-data-warehouse content ;
  _/esl content ;
  _/estateguide content ;  # 2018-06-04 resync
  _/esf content ;
  _/education content ;
  _/eugene content ;
  _/eufutures content ;
  _/euforyou content ;
  _/ebrochures content ;
  _/kandarian content ;
  _/karystos content ;
  _/katkom content ;
  _/katrina content ;
  _/khalillab content ;
  _/kidsworld content ;
  _/kiosk content ;
  _/kidneypathlab content ;
  _/kerberos content ;
  _/kerberosonly content ;
  _/kenmore content ;
  _/kendall content ;
  _/krugman content ;
  _/kpw content ;
  _/ocn content ;
  _/ocs content ;
  _/onestop content ;
  _/online/static content ;
  _/online-portal content ;
  _/onbase-ug/installer content ;
  _/onbase-ug/training content ;
  _/oas content ;
  _/oaa content ;
  _/oma content ;
  _/omc content ;
  _/om content ;
  _/ovc-care content ;
  _/oittest content ;
  _/oep content ;
  _/orcid content ;
  _/orc-temp content ;
  _/ortho content ;
  _/orpm content ;
  _/orl content ;
  _/ofa content ;
  _/offices content ;
  _/offcampus content ;
  _/office365 content ;
  _/old.law content ;
  _/opg content ;
  _/openaccess content ;
  _/ot content ;
  _/osf content ;
  _/osc content ;
  _/osfm content ;
  _/odsreunionsurvey content ;
  _/output content ;
  _/outreach content ;
  _/outdoor content ;
  _/obgyn content ;
  _/rcl content ;
  _/rc content ;
  _/rcrc content ;
  _/ryeany content ;
  _/rayleigh content ;
  _/raceto50 content ;
  _/raisethebar content ;
  _/ravidlab content ;
  _/rvs content ;
  _/rhett-talks content ;
  _/rize content ;
  _/rideshare content ;
  _/risk content ;
  _/richardgoldsteinlab content ;
  _/recycling content ;
  _/recording content ;
  _/realestate/panos content ;
  _/researchcommittees content ;
  _/research-compliance content ;
  _/resilience content ;
  _/reg/common content ;
  _/reg/information content ;
  _/reg/graphics content ;
  _/reg/gainful-employment content ;
  _/reg/schedules content ;
  _/recognizes content ;
  _/reply content ;
  _/receptions content ;
  _/reports content ;
  _/remotehelp content ;
  _/respectregistry content ;
  _/research-internal content ;
  _/reman content ;
  _/registrar content ;
  _/research-external content ;
  _/recentgrads content ;
  _/register content ;
  _/revpash content ;
  _/remember content ;
  _/retirement-dinner content ;
  _/retired content ;
  _/resnet content ;
  _/research/xml content ;
  _/research/spotlight content ;
  _/research/magazine content ;
  _/research/wp-assets content ;
  _/research/magazine2008 content ;
  _/research/email content ;
  _/research/careerfair2016 content ;
  _/reunion content ;
  _/resources content ;
  _/robots.txt content ;
  _/roybal content ;
  _/roaric content ;
  _/ror content ;
  _/rosenbergarchive content ;
  _/rrtcout content ;
  _/rl content ;
  _/rpm/panos content ;
##TODO: get phpmap entry for rpm-agreements and put in separate file
# skipping rp18p.GIF as we should only add the redirect2lower if necessary
  _/rsg content ;
  _/rss content ;
  _/rdlewis content ;
  _/rbarnett content ;
  _/gcc content ;
  _/gyoung content ;
  _/galacticring content ;
  _/games content ;
  _/gastronomy content ;
  # _/gmf content ;  # 2018-06-04 resync
  _/gms content ;
  _/g2kge content ;
  _/ghi content ;
  _/ghpci content ;
  _/give content ;
  _/giving content ;
  _/givetohillel content ;
  _/givetobuti content ;
  _/give2cas content ;
  _/giftcalculator content ;
  _/givethepoint content ;
  _/givetowtbu content ;
  _/giveonline content ;
  _/giveclassgift content ;
  _/givesargent content ;
  _/gift content ;
  _/givingtuesday content ;
  _/givetobudt content ;
  _/givingsocieties content ;
  _/givetoday content ;
  _/givethroughbu content ;
  _/givetolaw content ;
  _/give2questrom content ;
  _/givingmatters content ;
  _/give2busm content ;
  _/givingday content ;
  _/givetosph content ;
  _/givetobu content ;
  _/givingback content ;
  _/gep content ;
  _/gensex content ;
  _/generalsurgery content ;
  _/geochemistry content ;
  _/gegi content ;
  _/geoscience content ;
  _/gerontology content ;
  _/geosciences content ;
  _/geophysics content ;
  _/genome content ;
  _/geology content ;
  _/geddes/kanji content ;
  _/geddes/course content ;
  _/getready content ;
  _/geriatrics content ;
  _/genetics content ;
  _/gk12 content ;
  _/google665a4eb2dcd06afe.html content ;
  _/google9f2e7abecb89081e.html content ;
  _/google content ;
  _/googlehostedservice.html content ;
  _/google46db49694c214422.html content ;
  _/google99ca0794d90971e7.html content ;
  _/googlec64352682593c8e8.html content ;
  _/gobu content ;
  _/govcenter content ;
  _/googlec7df21def707f08f.html content ;
  _/goterriers content ;
  _/goglobal content ;
  _/googlesites content ;
  _/go content ;
  _/gradanniversary2011 content ;
  _/gradanniversary1991 content ;
  _/grandopening redirect_asis ;
  _/grs content ;
  _/gradanniversary2006 content ;
  _/gradanniversary2015 content ;
  _/grenoble content ;
  _/gradanniversary1966 content ;
  _/green content ;
  _/graphics content ;
  _/globalexec content ;
  _/globalquestionnaire content ;
  _/globaldayofservice content ;
  _/glaisne content ;
  # _/globalprograms content ;  # 2018-06-04 resync
  _/globalfuture content ;
  _/glc content ;
  _/globaldaysofservice content ;
  _/glacier content ;
  _/globe content ;
  _/globalhouse content ;
  _/globalbeat content ;
  _/globaloperations content ;
  _/globalmfg content ;
  _/globalmediakit content ;
  _/globalprograms/wp-assets content;
  _/global-crisis content ;
  _/gpmm content ;
  _/gpts/wp-assets content ;
  _/gpto content ;
  _/gsu content ;
  _/gsm content ;
  _/gsi content ;
  _/gds content ;
  _/gdp-cn content ;
  _/fcoi content ;
  _/fye content ;
  _/fy101 content ;
  _/fy103 content ;
  _/fysopstyle content ;
  _/favicon.ico content ;
  _/familymed/forms content ;
  _/familymed/distance content ;
  _/familymed/meddebt content ;
  _/faculty-council content ;
  _/fanboyfoodtruck content ;
  _/facultycentral content ;
  _/facilities/webcams content ;
  _/fammed content ;
  _/farewell content ;
  _/fafc-files content ;
  _/fafc/wp-assets content ;
  _/faculty-mslade1 content ;
  _/fafc-temp content ;
  _/facultycouncil content ;
  _/faqs content ;
  _/fabde content ;
  _/faculty-funding content ;
  _/facial-rejuvenation content ;
  _/faculty/ear content ;
  _/fames content ;
  _/favoritepoem content ;
  _/fmherbalstudy content ;
  _/fhcmi content ;
  _/finance content ;
  _/finaid/status_documents content ;
  _/finaid/pdfs content ;
  _/finaid/test content ;
  _/finaid/fedfunds content ;
  _/finaid wordpress ;
  _/finplanners content ;
  _/firesafety content ;
  #_/fifty-states content ;
  _/findmyprint content ;
  _/festival content ;
  _/feltensteinchallenge content ;
  _/features content ;
  _/fetters content ;
  _/formerworker content ;
  _/foodallergy content ;
  _/foo content ;
  _/forensicanthro content ;
  _/forse content ;
  _/forensics content ;
  _/forms content ;
  _/forensicinvestigation content ;
  _/foodandwine content ;
  _/forums content ;
  _/frombtou content ;
  _/franco content ;
  _/freshmen content ;
  _/frydmanlab content ;
  _/flexi-framework content ;
  _/flexi-basic content ;
  _/florencenightingale content ;
  _/ftp-survey content ;
  _/ftl content ;
  _/fsl content ;
  _/fsap content ;
  _/fd content ;
  _/futuremba content ;
  _/ljerrett content ;
  _/lcme content ;
  _/lcemp content ;
  _/lamilpa content ;
  _/lacelebratesbu content ;
  _/laane content ;
  _/law.bkup content ;
  _/language content ;
  _/lawgiving content ;
  _/laverdes content ;
  _/lamovie content ;
  _/law/communications content ;
  _/law/graphics content ;
  _/law/news content ; #
  _/law/seipp content ;
  _/law/events content ;
  _/law/workingpapers-archive content ;
  _/law/journals-archive content ;
  _/laprogram/wp-assets content ;
  _/lawyearbooks content ;
##TODO: get phpmap entry for law-pub and put in separate file
  _/languages content ;
  _/lab content ;
  _/languagelearning content ;
  _/laloba content ;
  _/lawdean content ;
  _/lawlibrary/intranet content ;
  _/lawlibrary/graphics content ;
  _/lawlibrary/e-reserves content ;
  _/lawlibrary/common content ;
  _/lawlibrary/facultypublications content ;
  _/lawlibrary/eJournals content ;
  _/lawlibrary/restrictedaccess content ;
  _/latenightkitchen content ;
  _/lastingloyal content ;
  _/lmn content ;
  _/lms content ;
  _/lifebook content ;
  _/linguistics.ro content ;
  _/lifesciences content ;
  _/literary content ;
  _/library/wp-assets content ;
  _/library/primo content ;
  _/liveon content ;
  _/linux content ;
  _/links content ;
  _/linga content ;
  _/linguistics content ;
  _/lifelong content ;
  _/links2 content ;
  _/lite content ;
  _/liberalstudies content ;
  _/libdb-old content ;
  _/library-workflow content ;
  _/libfiles content ;
  _/lifelonglearning content ;
  _/life content ;
  _/libdb content ;
  _/libdb-tst content ;
  _/leed100bsr content ;
  _/leadershipgiving content ;
  _/leegroup content ;
  _/learn content ;
  _/levantine-ceramics content ;
  _/leadershipgifts content ;
  _/lernet content ;
  _/lecture content ;
  _/leboha content ;
  _/leading-by-example content ;
  _/leap content ;
  _/leadershipsupport content ;
  _/loyaltysociety content ;
  _/logout content ;
  _/loyalty content ;
  _/login content ;
  _/lovecanal content ;
  _/lu-lingzi-fund content ;
  _/lungs content ;
  _/lully content ;
  _/lutheran content ;
  _/luce content ;
  _/pzekos content ;
  _/pc content ;
  _/pci content ;
  _/pcms content ;
  _/pnemec content ;
  _/paclab content ;
  _/parentsupport content ;
  _/parentgifts content ;
  _/parkstreet content ;
  _/parfund content ;
  _/pathology content ;
  _/paiella content ;
  _/paideia content ;
  _/parklab content ;
  _/partisanreview content ;
  _/pardeestaff content ;
  _/patientconnect content ;
  _/parentsweekend content ;
  _/parents content ;
  _/paadmissions content ;
  _/parentfund content ;
  _/padova content ;
  _/parking/dbtemplates content ;
  _/pace content ;
  _/payment content ;
  _/pm content ;
  _/p2pguide content ;
  _/p48pu6em39z6neb6rre8i4wx35x6dv.html content ; # top-level
  _/phylogeny content ;
  # The .rw and .ro items are related to filesystem and should not be part of the front-end map which
  # only cares that /phpbin/ goes to the phpbin backend.
  #_/phpbin.rw content ;
  #_/phpbin.ro content ;
  #_/phpbin content ;
  _/photo content ;
  _/physics-resources content ;
  _/phys-biophys content ;
  _/phhprc content ;
  _/phpbin-selector content ;
  _/physics content ;
  _/pipgiving content ;
  _/pike content ;
  _/pin content ;
  _/personnel content ;
  _/perd content ;
  _/peaclab/temm11 content ;
  _/peaclab/apmmi11 content ;
  _/pehs content ;
  _/pemba-essays content ;
  _/perlstaff content ;
  _/peeradvising content ;
  _/pehc content ;
  _/pemba-part-time content ;
  _/pemba content ;
  _/posenprogram content ;
  _/postdocs content ;
  _/porco content ;
  _/polymer content ;
  _/pocketmba content ;
  _/prerelease content ;
  _/practicemanagement content ;
  _/prism content ;
  _/precisiondx content ;
  _/prudential content ;
  _/professional content ;
  _/provost/secure content ;
  _/provost/admin content ;
  _/provost/wp-assets content ;
  _/provost/complexity2008 content ;
  _/proarte content ;
  _/provost2 content ;
  _/presidentsearch content ;
  _/prssa content ;
  _/protected content ;
  _/prj content ;
  _/printcenter content ;
  _/preservation content ;
  _/practice content ;
  _/prostars content ;
  _/projectred content ;
  _/projects content ;
  _/prs content ;
  _/premed content ;
  _/preview aws_home ;
  _/prevmedresidency content ;
  _/procurement content ;
  _/playground content ;
  _/platform content ;
  _/plakias content ;
  _/plan2015 content ;
  _/plannedgiving content ;
  _/pledges content ;
  _/ptfellowship/wp-assets content ;
  _/pt3 content ;
  _/ptc content ;
  _/psych/charris content ;
  _/psc content ;
  _/psp content ;
  _/pusteblume content ;
  _/publications content ;
  _/purchasing content ;
  _/pulmonary content ;
  _/pulmonarycenter content ;
  _/pulmonary-test content ;
  _/publichealthworkforce content ;
  _/publicsafety content ;
  _/tcp content ;
  _/tyngsboro content ;
  _/tad content ;
  _/tanglewoodtwo content ;
  _/tanglewood content ;
  _/talks content ;
  _/tmp-orc content ;
  _/tml content ;
  _/tmp-admissions content ;
  _/tmp-cghd content ;
  _/tmp-webcentral content ;
  _/tv content ;
  _/thedash content ;
  _/thurmanarchives content ;
  _/thecology content ;
  _/theory content ;
  _/thomasmenino content ;
  _/thehive content ;
  _/thanksgiving content ;
  _/theotrauma content ;
  _/thebus/gtfs content ;
  _/thebus/wp-assets content ;
  _/tickle content ;
  _/tims content ;
  _/techconnect content ;
  _/tech-links content ;
  _/telefund content ;
  _/terrierpride content ;
  _/techweb-survey content ;
  _/test-blog content ;
  _/testnfs content ;
  #_/testing content ;
  _/tech/plan content ;
  _/tech/slp content ;
  _/tech/wp-assets content ; #
  _/test content ;
  _/terrierconnection content ;
  _/terriermarketplace content ;
  _/terriertales content ;
  _/tedbu content ;
  _/techinternal/wp-assets content ;
  _/test4proxyroute content ;
  _/teenpanic content ;
  _/tech-prod content ;
  _/tech-maintenance content ;
  _/terriersconnect content ;
  _/techv1 content ;
  _/tech-copy content ;
  _/tech-backup content ;
  _/tech-restricted content ;
  _/test-to-production content ;
  _/testshibro content ; #top-level
  _/testshibrw content ; #top-level
  _/techorg content ;
  _/terriers content ;
  _/tech-refresh content ;
  _/techbios content ;
  _/tech-staging content ;
  _/testprep content ;
  _/techweb content ;
  _/terriertoasts content ;
  _/today/common content ;
  _/today/media content ;
  _/today/wpassets content ;
  _/today/bubooks content ;
  _/today/projects content ;
  _/today/frozenfour content ;
  _/today/blasts content ;
  _/today/commencement content ;
  _/today/v2-devl content ;
  _/today/news content ;
  _/today/buniverse content ;
  _/today/v2 content ;
  _/tol content ;
  _/today-spash content ;
  _/trustees-intranet/install content ;
  _/tricia content ;
  _/transportation content ;
  _/transfer content ;
  _/training content ;
  _/trl content ;
  _/transgenic content ;
  _/trusteescholars content ;
  _/track content ;
  _/travelregistry content ;
  _/travel content ;
  _/ttt content ;
  _/tskoog content ;
  _/tso content ;
  _/tdl content ;
  _/turnitin content ;
  _/tutorials content ;
  _/tulliusgroup content ;
  _/tbergend content ;
  _/sjmag content ;
  _/schroeter content ;
  _/scoe content ;
  _/scscb content ;
  _/schoolofeducation content ;
  _/scibowl content ;
  _/sciguide content ;
  _/schneiderslab content ;
  _/scnutrition content ;
  _/scarlet-squad content ;
  _/schools content ;
  _/scarletkey content ;
  _/sci content ;
  _/scenery content ;
  _/schneider content ;
  _/sccc content ;
  _/sclerodermaworkshop content ;
  _/schoolphys content ;
  _/scnc/wp-assets content ;
  _/scv content ;
  _/scv_import content ;
# skipping systems-programming.RESTORED as we should only add the redirect2lower if necessary
  _/synbio content ;
  _/systemsbiology content ;
  _/systems-programming content ;
  _/sysprg content ;
  _/synt content ;
  _/synesthesia content ;
  _/snl content ;
  _/snc content ;
  _/sn content ;
  _/sarp content ;
  _/sardlb content ;
  _/sargentluncheon content ;
  _/sandbox content ;
  _/sara content ;
  _/sargentcamp content ;
  _/sargenteconnection content ;
  _/sarptat content ;
  _/sargent/wp-assets content ;
  _/sargent.ro/wp-assets content ;
  _/sao content ;
  _/sarhouse content ;
  _/samlab content ;
  _/sac content ;
  _/sarpsych content ;
  _/saa content ;
  _/sail content ;
  _/satellite content ;
  _/safety/stand-up content ;
  _/sm322 content ;
  _/smgcentennial content ;
  _/smgalum content ;
  _/smg-em content ;
  _/smscint content ;
  _/smghonors content ;
  _/smg content ;
  _/smg-event content ;
  _/smec content ;
  _/smhaley content ;
  _/smartcities content ;
  _/shawnp content ;
  _/shprp content ;
  _/shawcenter content ;
  _/shongchallenge content ;
  _/showme content ;
  _/sha content ;
  _/shsmobile content ;
  _/sif content ;
  _/sil content ;
  _/silber content ;
  _/sites content ;
  _/simulation content ;
  _/sisrenewal content ;
  _/sixsixty content ;
  _/senlab content ;
  _/search content ;
  _/se-demo content ;
  _/sed-gpape content ;
  _/service-now content ;
  _/sedreadingclinic/wp-assets content ;
  _/sed/wp-assets content ;
  _/secret content ;
  _/seniors content ;
  _/securitycampimport content ;
  _/securityinfo content ;
  _/seaurchinmeeting2011 content ;
  _/securitycamp content ;
  _/services content ;
  _/sedimc content ;
  _/session content ;
  _/sep content ;
  _/security/advisories content ;
  _/software content ;
  _/south content ;
  _/sourceguide content ;
  _/sourcing/contracted_suppliers_ui content ;
  _/southfloridacelebratesbu content ;
  _/srp content ;
  _/sfa content ;
  _/slatkin content ;
  _/sleepmed content ;
  _/sleeplab content ;
  _/sportsmed content ;
  _/spirithealth content ;
  _/spidr content ;
  _/specialreports content ;
  _/sph/wp-assets content ;
  _/sph-imports content ;
  _/spectrumarts content ;
  _/sph40th content ;
  _/speechlab content ;
  _/speccol content ;
  _/space content ;
  _/sports content ;
  _/specialdonation content ;
  _/sphgiving content ;
  _/sphcommportal content ;
  _/student-health-services content ;
  _/storage-admin content ;
  _/startup content ;
  _/study content ;
  _/studentexperience content ;
  _/sthacker/stata content ;
  _/state content ;
  _/stay content ;
  _/stepup content ;
  _/studentvillage content ;
  _/studio content ;
  _/studentvillage2 content ;
  _/story content ;
  _/stats content ;
  _/stationery content ;
  _/sth-sc content ;
  _/stay-test content ;
  _/strategicreport content ;
  _/sthfulladmission content ;
  _/studentgiving content ;
  _/sthope content ;
  _/stimulus content ;
  _/studyfinder content ;
  _/stratcom content ;
  _/stemcells content ;
  _/stayemployed content ;
  _/stamasfund content ;
  _/state-authorization content ;
  _/ssw/common content ;
  _/ssw/wp-assets content ;
##TODO: get phpmap entry for ssw/usfostercare and put in separate file
  _/sscores/downloads content ;
  _/sswphd content ;
  _/sdb-osa-eval content ;
  _/supportaphasiacenter content ;
  _/summerterm content ;
  _/suemac content ;
  _/susilo content ;  # 2018-06-04 resync (WordPress to content)
  _/suppliers content ;
  _/summerfun content ;
  _/survey content ;
  _/summer content ;
  _/supportpmh content ;
  _/supportingbusm content ;
  _/supportbu content ;
  _/supportrotc content ;
  _/supportquestrom content ;
  _/susilo-symposium-2017 content ;
  _/supportanatomylab content ;
  _/supportbusm content ;
  _/supportclubsports content ;
  _/supplier content ;
  _/susilo-symposium-2016 content ;
  _/sbrptraining content ;
  _/dje content ;
  _/dcg content ;
  _/dna content ;
##TODO: get phpmap entry for dnamixtures and put in separate file
  _/darwin2009 content ;
  _/darwin content ;
  _/dan content ;
  _/daysofservice content ;
  _/dar content ;
  _/danrather content ;
  _/data content ;
  _/dayofservice content ;
  _/danielsen/wp-assets content ;
  _/dme content ;
  _/disability/wp-assets content ;
  _/dinghysailors content ;
  _/diabetescenter content ;
  _/directory content ;
  _/diaspora-fig content ;
  _/diversity content ;
  _/digital-strategy content ;
  _/digication content ;
  _/distance content ;
  _/diploma content ;
  _/discoveries content ;
  _/digitalrevolutionevent content ;
  _/diversitytaskforce/media content ;
  _/dinegreen content ;
  _/discover content ;
  _/disted content ;
##TODO: get phpmap entry for dining/api and put in separate file
  _/dining/wp-assets content ;
  _/dining/report2015 content ;
  _/dining/report2013 content ;
  _/dining/report2014 content ;
  _/dining/report2017 content ;
  _/dining/report2016 content ;
##TODO: get phpmap entry for degree-advice and put in separate file
  _/degreecomplete content ;
  _/dev content ;
  _/dentures content ;
  _/derm content ;
  _/devbio content ;
  _/dermatology-associates content ;
  _/dentalassisting content ;
##TODO: get phpmap entry for degree-audit and put in separate file
  _/dental/lobbyscreen content ;
  _/dental/nerb-mcmanama content ;
  _/dos-test content ;
  _/doubleit content ;
  _/dos/lulingzi content ;
  _/dos/facebook content ;
  _/double-it content ;
  _/dlanglai content ;
  _/dsgsupport content ;
  _/dsg content ;
  _/ds-biolobby content ;
  _/ds-test content ;
  _/dsmk content ;
  _/dssandbox content ;
  _/ddalton content ;
  _/dublinseminar content ;
  _/dbin-selector content ;
  _/uctech content ;
  _/ugso content ;
  _/uhc content ;
  _/uis content ;
  _/uis-core content ;
  _/uni content ;
  _/union content ;
  _/univcomputer content ;
  _/univcomp content ;
  _/universe content ;
# skipping Templates as we should only add the redirect2lower if necessary
  _/urc content ;
  _/urgent content ;
  _/ur content ;
  _/ussi content ;
  _/us-microimaging content ;
  _/bcrhhr content ;
  _/bysocelebrates content ;
  _/bnorc content ;
  _/backbay content ;
  _/bashoexpress content ;
  _/baburmemorial content ;
  _/battleforbu content ;
  _/bahec content ;
  _/ballab content ;
  _/bands/graphics content ;
  _/bands/common content ;
  _/bam2012/wp-assets content ;
  _/barc2007 content ;
  _/barc2015 content ;
  _/bme-tic content ;
  _/bhlp content ;
  _/bionicpancreas content ;
  _/biosci content ;
  _/bioimaging content ;
  _/bioimages content ;
  _/biotechlab content ;
  _/bigdatasf content ;
  _/bike content ;
  _/biosquare content ;
  _/biophysics content ;
  _/bikesaftey content ;
  _/biotech content ;
  _/biosafety content ;
  _/biomuseum content ;
  _/biochemistry content ;
  _/biomedforensic content ;
  _/biomed content ;
  _/biomedresearchtech content ;
  _/biology/herps content ;
  _/biomedcrimas content ;
  _/biorobotics content ;
  _/bioskin content ;
  # _/becf content ;  # 2018-06-04 resync (content to WordPress)
  _/bemerson content ;
  _/behaviorlab content ;
  _/beanpot-party content ;
##TODO: get phpmap entry for betabionics and put in separate file
  _/bergethonlab content ;
  _/betonrhett content ;
  _/benefitstaskforce content ;
  _/behere content ;
  _/betterwaytowork content ;
  _/behavneuro content ;
  _/because content ;
  _/beijing2014 content ;
  _/bostoncelebratesbu content ;
  _/booth content ;
  _/bostoneveningwithbu content ;
  _/bonrc content ;
  _/bostonia/bostonia_archives content ;
  _/bostonia/web content ;
  _/bostonia/summer08 content ;
  _/bostonia/spring08 content ;
  _/bostonia/winter08 content ;
  _/bostonia/spring09 content ;
  _/bostonia/winter09 content ;
  _/bostonia/fall08 content ;
  _/bostonia/search content ;
  _/bostonia/global content ;
  _/bostonia/link content ;
  _/bostonia/summer11 content ;
  _/bostonia/extra content ;
  _/bostonia/email content ;
  _/bostonia/Scripts content ;
  _/bostonia/summer09 content ;
  _/bostonia/toc content ;
  _/bostonia/fall09 content ;
  _/bostonia/fall11 content ;
  _/bostonia/winter-spring12 content ;
  _/bostonia/winter-spring10 content ;
  _/bostonia/campaign12 content ;
  _/bostonia/css content ;
  _/bostonia/summer10 content ;
  _/bostonia/fall10 content ;
  _/bostonia/winter-spring11 content ;
  _/bostonia/summer12 content ;
  _/bostonia/wpassets content ;
  _/bostonroc content ;
  _/books content ;
  _/bostonscholars content ;
  _/borinsky content ;
  _/braintree content ;
  _/bravi/archive content ;
  _/brussels content ;
  _/bridge content ;
  _/brownstone content ;
  _/bfr2011 content ;
  _/blendedlearning content ;
  _/blended content ;
  _/blazars content ;
  _/blogs content ;
  _/bpassoff content ;
  _/btou content ;
  _/btm content ;
  _/bsl content ;
  _/buildyourgift content ;
  _/busdm content ;
  _/buvs content ;
  _/buworkscentral content ;
  _/bu-nano content ;
  _/bu-wheelock-merger/wp-assets content ;
  _/busm-facultycentral content ;
  _/buba content ;
  _/busmplus/form content ;
  _/buinphiladelphia content ;
  _/bubin content ;
  _/bu.edu content ;
  _/buzzlab content ;
  _/bumc-wellness content ;
  _/bumcparking content ;
  _/bumc content ;
  _/business content ;
  _/buildyourbu content ;
  _/butheatre content ;
  _/buworks-files content ;
  _/buapay/wp-assets content ;
##TODO: get phpmap entry for bumobile and put in separate file
  _/bucie/wp-assets content ;
  _/bumclive content ;
  _/busmphonathon  content ;
  _/bunano content ;
  _/bumc-admissions content ;
  _/buinpittsburgh content ;
  _/builders-leaders content ;
  _/buinsf content ;
  _/bums content ;
  _/busmgiving content ;
  _/buonline content ;
  _/bua25 content ;
  _/bu2do content ;
  _/busm content ;
  _/bu-wheel-merger/wp-assets content ;
  _/buildingbu content ;
  _/busm-pm content ;
  _/buapayments/wp-assets content ;
  _/buloyalty content ;
  _/burc content ;
  _/buspace content ;
  _/bumcprovost content ;
  _/buildbu content ;
  _/buc content ;
  _/bucentral content ;
  _/buwg content ;
  _/buwc content ;
  _/buinchicago content ;
  _/buenvisions content ;
  _/budentalapparelsale content ;
  _/bumc-it content ;
  _/but content ;
##TODO: get phpmap entry for buniverse and put in separate file
  _/bus content ;
  _/buworks/assets content ;
  _/buworks/error content ;
  _/buworks/help content ;
  _/buworks-training content ;
  _/burst content ;
##TODO: get phpmap entry for bufellow/db-admin and put in separate file
  _/bufellow/output content ;
  _/buworksforum content ;
  _/bua content ;
  _/buworks-staff content ;
  _/bualumnicenter content ;
  _/bucde content ;
  _/bucld/wp-assets content ;
  _/bumc-research content ;
  _/bumc-pulmonarycenter content ;
  _/bucflp/wp-assets content ;
  _/buleads content ;
  _/build content ;
  _/burppe content ;
### 1939 content
### 774 wordpress
### 16 app
### 1 type
### 3 redirect2lower
